+ pushd /pscratch/sd/n/nlewi26/src/work_space/source/pdc/pdc_helper_scripts/curl_analysis_scripts/../../build/bin
/pscratch/sd/n/nlewi26/src/work_space/source/pdc/build/bin /pscratch/sd/n/nlewi26/src/work_space/source/pdc/pdc_helper_scripts/curl_analysis_scripts
+ rm -rf /pscratch/sd/n/nlewi26/pdc_curl_analysis_bench/0 /pscratch/sd/n/nlewi26/pdc_curl_analysis_bench/1 /pscratch/sd/n/nlewi26/pdc_curl_analysis_bench/2 /pscratch/sd/n/nlewi26/pdc_curl_analysis_bench/3 /pscratch/sd/n/nlewi26/pdc_curl_analysis_bench/pdc_data
+ popd
+ srun --overlap -N 2 -n 8 --ntasks-per-node=4 --error=server_curl_posthoc_write_2.err --output=server_curl_posthoc_write_2.log bash -c 'export HG_HOST=cxi0:$SLURM_LOCALID; exec ./pdc_server'
/pscratch/sd/n/nlewi26/src/work_space/source/pdc/pdc_helper_scripts/curl_analysis_scripts
+ sleep 10
+ pushd /pscratch/sd/n/nlewi26/src/work_space/source/pdc/pdc_helper_scripts/curl_analysis_scripts/../../build/bin
/pscratch/sd/n/nlewi26/src/work_space/source/pdc/build/bin /pscratch/sd/n/nlewi26/src/work_space/source/pdc/pdc_helper_scripts/curl_analysis_scripts
+ srun --overlap -N 2 -n 64 --ntasks-per-node=32 --output=client_curl_posthoc_write_2.log --error=client_curl_posthoc_write_2.err bash -c 'export HG_HOST=cxi0:$((SLURM_LOCALID + 8)); exec ./bench_curl_write "$NX" "$NY" "$NZ_PER_RANK"'
+ popd
/pscratch/sd/n/nlewi26/src/work_space/source/pdc/pdc_helper_scripts/curl_analysis_scripts
++ grep '^curl_posthoc_write,' /pscratch/sd/n/nlewi26/src/work_space/source/pdc/pdc_helper_scripts/curl_analysis_scripts/../../build/bin/client_curl_posthoc_write_2.log
+ lines='curl_posthoc_write,0,64,256,256,64,0.105155,0.206925
curl_posthoc_write,1,64,256,256,64,0.105155,0.209051
curl_posthoc_write,2,64,256,256,64,0.105155,0.210977'
+ '[' -z 'curl_posthoc_write,0,64,256,256,64,0.105155,0.206925
curl_posthoc_write,1,64,256,256,64,0.105155,0.209051
curl_posthoc_write,2,64,256,256,64,0.105155,0.210977' ']'
+ echo 'curl_posthoc_write,0,64,256,256,64,0.105155,0.206925
curl_posthoc_write,1,64,256,256,64,0.105155,0.209051
curl_posthoc_write,2,64,256,256,64,0.105155,0.210977'
+ pushd /pscratch/sd/n/nlewi26/src/work_space/source/pdc/pdc_helper_scripts/curl_analysis_scripts/../../build/bin
/pscratch/sd/n/nlewi26/src/work_space/source/pdc/build/bin /pscratch/sd/n/nlewi26/src/work_space/source/pdc/pdc_helper_scripts/curl_analysis_scripts
+ srun --overlap -N 2 -n 8 --ntasks-per-node=4 --error=close_server_curl_posthoc_write_2.err --output=close_server_curl_posthoc_write_2.log bash -c 'export HG_HOST=cxi0:$((SLURM_LOCALID + 8)); exec ./close_server'
+ popd
/pscratch/sd/n/nlewi26/src/work_space/source/pdc/pdc_helper_scripts/curl_analysis_scripts
+ sleep 2
+ pushd /pscratch/sd/n/nlewi26/src/work_space/source/pdc/pdc_helper_scripts/curl_analysis_scripts/../../build/bin
/pscratch/sd/n/nlewi26/src/work_space/source/pdc/build/bin /pscratch/sd/n/nlewi26/src/work_space/source/pdc/pdc_helper_scripts/curl_analysis_scripts
+ popd
/pscratch/sd/n/nlewi26/src/work_space/source/pdc/pdc_helper_scripts/curl_analysis_scripts
+ srun --overlap -N 2 -n 8 --ntasks-per-node=4 --error=server_restart_curl_posthoc_write_2.err --output=server_restart_curl_posthoc_write_2.log bash -c 'export HG_HOST=cxi0:$SLURM_LOCALID; exec ./pdc_server restart'
+ sleep 10
+ pushd /pscratch/sd/n/nlewi26/src/work_space/source/pdc/pdc_helper_scripts/curl_analysis_scripts/../../build/bin
/pscratch/sd/n/nlewi26/src/work_space/source/pdc/build/bin /pscratch/sd/n/nlewi26/src/work_space/source/pdc/pdc_helper_scripts/curl_analysis_scripts
+ srun --overlap -N 2 -n 64 --ntasks-per-node=32 --output=client_curl_posthoc_analyze_2.log --error=client_curl_posthoc_analyze_2.err bash -c 'export HG_HOST=cxi0:$((SLURM_LOCALID + 8)); exec ./bench_curl_analyze "$NX" "$NY" "$NZ_PER_RANK" "$COMPRESS"'
+ popd
/pscratch/sd/n/nlewi26/src/work_space/source/pdc/pdc_helper_scripts/curl_analysis_scripts
++ grep '^curl_posthoc_analyze,' /pscratch/sd/n/nlewi26/src/work_space/source/pdc/pdc_helper_scripts/curl_analysis_scripts/../../build/bin/client_curl_posthoc_analyze_2.log
+ lines='curl_posthoc_analyze,0,64,256,256,64,0,0.100681,0.495314,0.060450,0.389923,0.020971,0.135593,1.202934,0
curl_posthoc_analyze,1,64,256,256,64,0,0.100681,0.488457,0.046770,0.402537,0.020374,0.146309,1.205128,0
curl_posthoc_analyze,2,64,256,256,64,0,0.100681,0.484940,0.047786,0.382538,0.021257,0.176996,1.214199,0'
+ '[' -z 'curl_posthoc_analyze,0,64,256,256,64,0,0.100681,0.495314,0.060450,0.389923,0.020971,0.135593,1.202934,0
curl_posthoc_analyze,1,64,256,256,64,0,0.100681,0.488457,0.046770,0.402537,0.020374,0.146309,1.205128,0
curl_posthoc_analyze,2,64,256,256,64,0,0.100681,0.484940,0.047786,0.382538,0.021257,0.176996,1.214199,0' ']'
+ echo 'curl_posthoc_analyze,0,64,256,256,64,0,0.100681,0.495314,0.060450,0.389923,0.020971,0.135593,1.202934,0
curl_posthoc_analyze,1,64,256,256,64,0,0.100681,0.488457,0.046770,0.402537,0.020374,0.146309,1.205128,0
curl_posthoc_analyze,2,64,256,256,64,0,0.100681,0.484940,0.047786,0.382538,0.021257,0.176996,1.214199,0'
+ pushd /pscratch/sd/n/nlewi26/src/work_space/source/pdc/pdc_helper_scripts/curl_analysis_scripts/../../build/bin
/pscratch/sd/n/nlewi26/src/work_space/source/pdc/build/bin /pscratch/sd/n/nlewi26/src/work_space/source/pdc/pdc_helper_scripts/curl_analysis_scripts
+ srun --overlap -N 2 -n 8 --ntasks-per-node=4 --error=close_server_curl_posthoc_analyze_2.err --output=close_server_curl_posthoc_analyze_2.log bash -c 'export HG_HOST=cxi0:$((SLURM_LOCALID + 8)); exec ./close_server'
+ popd
/pscratch/sd/n/nlewi26/src/work_space/source/pdc/pdc_helper_scripts/curl_analysis_scripts
+ sleep 2
Data size check: expected=35433480192 bytes, actual=35434258432 bytes
OK: actual/expected data size ratio 1.000 within tolerance
Done. Results in /pscratch/sd/n/nlewi26/src/work_space/source/pdc/pdc_helper_scripts/curl_analysis_scripts/results_curl_posthoc_58919602.csv
