+ pushd /pscratch/sd/n/nlewi26/src/work_space/source/pdc/pdc_helper_scripts/curl_analysis_scripts/../../build/bin
/pscratch/sd/n/nlewi26/src/work_space/source/pdc/build/bin /pscratch/sd/n/nlewi26/src/work_space/source/pdc/pdc_helper_scripts/curl_analysis_scripts
+ rm -rf /pscratch/sd/n/nlewi26/pdc_curl_analysis_bench/0 /pscratch/sd/n/nlewi26/pdc_curl_analysis_bench/1 /pscratch/sd/n/nlewi26/pdc_curl_analysis_bench/10 /pscratch/sd/n/nlewi26/pdc_curl_analysis_bench/11 /pscratch/sd/n/nlewi26/pdc_curl_analysis_bench/12 /pscratch/sd/n/nlewi26/pdc_curl_analysis_bench/13 /pscratch/sd/n/nlewi26/pdc_curl_analysis_bench/14 /pscratch/sd/n/nlewi26/pdc_curl_analysis_bench/15 /pscratch/sd/n/nlewi26/pdc_curl_analysis_bench/16 /pscratch/sd/n/nlewi26/pdc_curl_analysis_bench/17 /pscratch/sd/n/nlewi26/pdc_curl_analysis_bench/18 /pscratch/sd/n/nlewi26/pdc_curl_analysis_bench/19 /pscratch/sd/n/nlewi26/pdc_curl_analysis_bench/2 /pscratch/sd/n/nlewi26/pdc_curl_analysis_bench/20 /pscratch/sd/n/nlewi26/pdc_curl_analysis_bench/21 /pscratch/sd/n/nlewi26/pdc_curl_analysis_bench/22 /pscratch/sd/n/nlewi26/pdc_curl_analysis_bench/23 /pscratch/sd/n/nlewi26/pdc_curl_analysis_bench/24 /pscratch/sd/n/nlewi26/pdc_curl_analysis_bench/25 /pscratch/sd/n/nlewi26/pdc_curl_analysis_bench/26 /pscratch/sd/n/nlewi26/pdc_curl_analysis_bench/27 /pscratch/sd/n/nlewi26/pdc_curl_analysis_bench/28 /pscratch/sd/n/nlewi26/pdc_curl_analysis_bench/29 /pscratch/sd/n/nlewi26/pdc_curl_analysis_bench/3 /pscratch/sd/n/nlewi26/pdc_curl_analysis_bench/30 /pscratch/sd/n/nlewi26/pdc_curl_analysis_bench/31 /pscratch/sd/n/nlewi26/pdc_curl_analysis_bench/32 /pscratch/sd/n/nlewi26/pdc_curl_analysis_bench/33 /pscratch/sd/n/nlewi26/pdc_curl_analysis_bench/34 /pscratch/sd/n/nlewi26/pdc_curl_analysis_bench/35 /pscratch/sd/n/nlewi26/pdc_curl_analysis_bench/36 /pscratch/sd/n/nlewi26/pdc_curl_analysis_bench/37 /pscratch/sd/n/nlewi26/pdc_curl_analysis_bench/38 /pscratch/sd/n/nlewi26/pdc_curl_analysis_bench/39 /pscratch/sd/n/nlewi26/pdc_curl_analysis_bench/4 /pscratch/sd/n/nlewi26/pdc_curl_analysis_bench/40 /pscratch/sd/n/nlewi26/pdc_curl_analysis_bench/41 /pscratch/sd/n/nlewi26/pdc_curl_analysis_bench/42 /pscratch/sd/n/nlewi26/pdc_curl_analysis_bench/43 /pscratch/sd/n/nlewi26/pdc_curl_analysis_bench/44 /pscratch/sd/n/nlewi26/pdc_curl_analysis_bench/45 /pscratch/sd/n/nlewi26/pdc_curl_analysis_bench/46 /pscratch/sd/n/nlewi26/pdc_curl_analysis_bench/47 /pscratch/sd/n/nlewi26/pdc_curl_analysis_bench/48 /pscratch/sd/n/nlewi26/pdc_curl_analysis_bench/49 /pscratch/sd/n/nlewi26/pdc_curl_analysis_bench/5 /pscratch/sd/n/nlewi26/pdc_curl_analysis_bench/50 /pscratch/sd/n/nlewi26/pdc_curl_analysis_bench/51 /pscratch/sd/n/nlewi26/pdc_curl_analysis_bench/52 /pscratch/sd/n/nlewi26/pdc_curl_analysis_bench/53 /pscratch/sd/n/nlewi26/pdc_curl_analysis_bench/54 /pscratch/sd/n/nlewi26/pdc_curl_analysis_bench/55 /pscratch/sd/n/nlewi26/pdc_curl_analysis_bench/56 /pscratch/sd/n/nlewi26/pdc_curl_analysis_bench/57 /pscratch/sd/n/nlewi26/pdc_curl_analysis_bench/58 /pscratch/sd/n/nlewi26/pdc_curl_analysis_bench/59 /pscratch/sd/n/nlewi26/pdc_curl_analysis_bench/6 /pscratch/sd/n/nlewi26/pdc_curl_analysis_bench/60 /pscratch/sd/n/nlewi26/pdc_curl_analysis_bench/61 /pscratch/sd/n/nlewi26/pdc_curl_analysis_bench/62 /pscratch/sd/n/nlewi26/pdc_curl_analysis_bench/63 /pscratch/sd/n/nlewi26/pdc_curl_analysis_bench/7 /pscratch/sd/n/nlewi26/pdc_curl_analysis_bench/8 /pscratch/sd/n/nlewi26/pdc_curl_analysis_bench/9 /pscratch/sd/n/nlewi26/pdc_curl_analysis_bench/pdc_data
+ popd
+ srun --overlap -N 32 -n 128 --ntasks-per-node=4 --error=server_curl_posthoc_write_32.err --output=server_curl_posthoc_write_32.log bash -c 'export HG_HOST=cxi0:$SLURM_LOCALID; exec ./pdc_server'
/pscratch/sd/n/nlewi26/src/work_space/source/pdc/pdc_helper_scripts/curl_analysis_scripts
+ sleep 10
+ pushd /pscratch/sd/n/nlewi26/src/work_space/source/pdc/pdc_helper_scripts/curl_analysis_scripts/../../build/bin
/pscratch/sd/n/nlewi26/src/work_space/source/pdc/build/bin /pscratch/sd/n/nlewi26/src/work_space/source/pdc/pdc_helper_scripts/curl_analysis_scripts
+ srun --overlap -N 32 -n 1024 --ntasks-per-node=32 --output=client_curl_posthoc_write_32.log --error=client_curl_posthoc_write_32.err bash -c 'export HG_HOST=cxi0:$((SLURM_LOCALID + 8)); exec ./bench_curl_write "$NX" "$NY" "$NZ_PER_RANK"'
+ popd
/pscratch/sd/n/nlewi26/src/work_space/source/pdc/pdc_helper_scripts/curl_analysis_scripts
++ grep '^curl_posthoc_write,' /pscratch/sd/n/nlewi26/src/work_space/source/pdc/pdc_helper_scripts/curl_analysis_scripts/../../build/bin/client_curl_posthoc_write_32.log
+ lines='curl_posthoc_write,0,1024,256,256,64,0.499983,0.276459
curl_posthoc_write,1,1024,256,256,64,0.499983,0.296305
curl_posthoc_write,2,1024,256,256,64,0.499983,0.305019'
+ '[' -z 'curl_posthoc_write,0,1024,256,256,64,0.499983,0.276459
curl_posthoc_write,1,1024,256,256,64,0.499983,0.296305
curl_posthoc_write,2,1024,256,256,64,0.499983,0.305019' ']'
+ echo 'curl_posthoc_write,0,1024,256,256,64,0.499983,0.276459
curl_posthoc_write,1,1024,256,256,64,0.499983,0.296305
curl_posthoc_write,2,1024,256,256,64,0.499983,0.305019'
+ pushd /pscratch/sd/n/nlewi26/src/work_space/source/pdc/pdc_helper_scripts/curl_analysis_scripts/../../build/bin
/pscratch/sd/n/nlewi26/src/work_space/source/pdc/build/bin /pscratch/sd/n/nlewi26/src/work_space/source/pdc/pdc_helper_scripts/curl_analysis_scripts
+ srun --overlap -N 32 -n 128 --ntasks-per-node=4 --error=close_server_curl_posthoc_write_32.err --output=close_server_curl_posthoc_write_32.log bash -c 'export HG_HOST=cxi0:$((SLURM_LOCALID + 8)); exec ./close_server'
+ popd
/pscratch/sd/n/nlewi26/src/work_space/source/pdc/pdc_helper_scripts/curl_analysis_scripts
+ sleep 2
+ pushd /pscratch/sd/n/nlewi26/src/work_space/source/pdc/pdc_helper_scripts/curl_analysis_scripts/../../build/bin
/pscratch/sd/n/nlewi26/src/work_space/source/pdc/build/bin /pscratch/sd/n/nlewi26/src/work_space/source/pdc/pdc_helper_scripts/curl_analysis_scripts
+ popd
/pscratch/sd/n/nlewi26/src/work_space/source/pdc/pdc_helper_scripts/curl_analysis_scripts
+ srun --overlap -N 32 -n 128 --ntasks-per-node=4 --error=server_restart_curl_posthoc_write_32.err --output=server_restart_curl_posthoc_write_32.log bash -c 'export HG_HOST=cxi0:$SLURM_LOCALID; exec ./pdc_server restart'
+ sleep 10
+ pushd /pscratch/sd/n/nlewi26/src/work_space/source/pdc/pdc_helper_scripts/curl_analysis_scripts/../../build/bin
/pscratch/sd/n/nlewi26/src/work_space/source/pdc/build/bin /pscratch/sd/n/nlewi26/src/work_space/source/pdc/pdc_helper_scripts/curl_analysis_scripts
+ srun --overlap -N 32 -n 1024 --ntasks-per-node=32 --output=client_curl_posthoc_analyze_32.log --error=client_curl_posthoc_analyze_32.err bash -c 'export HG_HOST=cxi0:$((SLURM_LOCALID + 8)); exec ./bench_curl_analyze "$NX" "$NY" "$NZ_PER_RANK" "$COMPRESS"'
+ popd
/pscratch/sd/n/nlewi26/src/work_space/source/pdc/pdc_helper_scripts/curl_analysis_scripts
++ grep '^curl_posthoc_analyze,' /pscratch/sd/n/nlewi26/src/work_space/source/pdc/pdc_helper_scripts/curl_analysis_scripts/../../build/bin/client_curl_posthoc_analyze_32.log
+ lines='curl_posthoc_analyze,0,1024,256,256,64,0,0.535756,0.508148,0.063492,0.479575,0.023266,0.210630,1.820868,0
curl_posthoc_analyze,1,1024,256,256,64,0,0.535756,0.492620,0.048244,0.494476,0.022057,0.188103,1.781257,0
curl_posthoc_analyze,2,1024,256,256,64,0,0.535756,0.491115,0.052464,0.457149,0.021904,0.200735,1.759124,0'
+ '[' -z 'curl_posthoc_analyze,0,1024,256,256,64,0,0.535756,0.508148,0.063492,0.479575,0.023266,0.210630,1.820868,0
curl_posthoc_analyze,1,1024,256,256,64,0,0.535756,0.492620,0.048244,0.494476,0.022057,0.188103,1.781257,0
curl_posthoc_analyze,2,1024,256,256,64,0,0.535756,0.491115,0.052464,0.457149,0.021904,0.200735,1.759124,0' ']'
+ echo 'curl_posthoc_analyze,0,1024,256,256,64,0,0.535756,0.508148,0.063492,0.479575,0.023266,0.210630,1.820868,0
curl_posthoc_analyze,1,1024,256,256,64,0,0.535756,0.492620,0.048244,0.494476,0.022057,0.188103,1.781257,0
curl_posthoc_analyze,2,1024,256,256,64,0,0.535756,0.491115,0.052464,0.457149,0.021904,0.200735,1.759124,0'
+ pushd /pscratch/sd/n/nlewi26/src/work_space/source/pdc/pdc_helper_scripts/curl_analysis_scripts/../../build/bin
/pscratch/sd/n/nlewi26/src/work_space/source/pdc/build/bin /pscratch/sd/n/nlewi26/src/work_space/source/pdc/pdc_helper_scripts/curl_analysis_scripts
+ srun --overlap -N 32 -n 128 --ntasks-per-node=4 --error=close_server_curl_posthoc_analyze_32.err --output=close_server_curl_posthoc_analyze_32.log bash -c 'export HG_HOST=cxi0:$((SLURM_LOCALID + 8)); exec ./close_server'
+ popd
/pscratch/sd/n/nlewi26/src/work_space/source/pdc/pdc_helper_scripts/curl_analysis_scripts
+ sleep 2
Data size check: expected=566935683072 bytes, actual=566946955264 bytes
OK: actual/expected data size ratio 1.000 within tolerance
Done. Results in /pscratch/sd/n/nlewi26/src/work_space/source/pdc/pdc_helper_scripts/curl_analysis_scripts/results_curl_posthoc_58919606.csv
