[INFO] PDC_CLIENT[0]: PDC_DEBUG set to 0
[INFO] PDC_CLIENT[0]: Found 8 PDC Metadata servers, running with 8 PDC clients
[INFO] PDC_CLIENT[0]: Environment variable HG_TRANSPORT was NOT set, default to ofi+cxi
[INFO] PDC_CLIENT[0]: Environment variable HG_HOST was set
[INFO] PDC_CLIENT[0]: Environment variable HG_HOST was set
[INFO] PDC_CLIENT[0]: Connection string: ofi+cxi://cxi0:8
[INFO] PDC_CLIENT[3]: Environment variable HG_HOST was set
[INFO] PDC_CLIENT[4]: Environment variable HG_HOST was set
[INFO] PDC_CLIENT[2]: Environment variable HG_HOST was set
[INFO] PDC_CLIENT[5]: Environment variable HG_HOST was set
[INFO] PDC_CLIENT[1]: Environment variable HG_HOST was set
[INFO] PDC_CLIENT[6]: Environment variable HG_HOST was set
[INFO] PDC_CLIENT[7]: Environment variable HG_HOST was set
[INFO] PDC_CLIENT[0]: Scoped Slingshot CXI auth for Mercury: svc=1 vni=1 device=cxi0
[INFO] PDC_CLIENT[0]: Using [/pscratch/sd/n/nlewi26/pdc_curl_analysis_bench] as tmp dir, 1 clients per server
[13:36:50.122130] [WARNING] [close_server.c:56] PDC_CLIENT[4]: total close time = 1.449886
[13:36:50.122139] [WARNING] [close_server.c:56] PDC_CLIENT[6]: total close time = 1.449888
[13:36:50.122315] [WARNING] [close_server.c:56] PDC_CLIENT[7]: total close time = 1.450055
[13:36:50.122342] [WARNING] [close_server.c:56] PDC_CLIENT[5]: total close time = 1.450093
[13:36:50.122476] [WARNING] [close_server.c:56] PDC_CLIENT[2]: total close time = 1.450199
[13:36:50.122549] [WARNING] [close_server.c:56] PDC_CLIENT[1]: total close time = 1.450276
[13:36:50.122691] [WARNING] [close_server.c:56] PDC_CLIENT[0]: total close time = 1.450432
[13:36:50.122758] [WARNING] [close_server.c:56] PDC_CLIENT[3]: total close time = 1.450491
