[INFO] PDC_CLIENT[0]: PDC_DEBUG set to 0
[INFO] PDC_CLIENT[0]: Found 16 PDC Metadata servers, running with 16 PDC clients
[INFO] PDC_CLIENT[0]: Environment variable HG_TRANSPORT was NOT set, default to ofi+cxi
[INFO] PDC_CLIENT[0]: Environment variable HG_HOST was set
[INFO] PDC_CLIENT[0]: Environment variable HG_HOST was set
[INFO] PDC_CLIENT[0]: Connection string: ofi+cxi://cxi0:8
[INFO] PDC_CLIENT[1]: Environment variable HG_HOST was set
[INFO] PDC_CLIENT[5]: Environment variable HG_HOST was set
[INFO] PDC_CLIENT[7]: Environment variable HG_HOST was set
[INFO] PDC_CLIENT[2]: Environment variable HG_HOST was set
[INFO] PDC_CLIENT[3]: Environment variable HG_HOST was set
[INFO] PDC_CLIENT[10]: Environment variable HG_HOST was set
[INFO] PDC_CLIENT[4]: Environment variable HG_HOST was set
[INFO] PDC_CLIENT[8]: Environment variable HG_HOST was set
[INFO] PDC_CLIENT[6]: Environment variable HG_HOST was set
[INFO] PDC_CLIENT[9]: Environment variable HG_HOST was set
[INFO] PDC_CLIENT[11]: Environment variable HG_HOST was set
[INFO] PDC_CLIENT[12]: Environment variable HG_HOST was set
[INFO] PDC_CLIENT[13]: Environment variable HG_HOST was set
[INFO] PDC_CLIENT[14]: Environment variable HG_HOST was set
[INFO] PDC_CLIENT[15]: Environment variable HG_HOST was set
[INFO] PDC_CLIENT[0]: Scoped Slingshot CXI auth for Mercury: svc=1 vni=1 device=cxi0
[INFO] PDC_CLIENT[0]: Using [/pscratch/sd/n/nlewi26/pdc_curl_analysis_bench] as tmp dir, 1 clients per server
[13:37:26.452539] [WARNING] [close_server.c:56] PDC_CLIENT[0]: total close time = 1.244966
[13:37:26.452551] [WARNING] [close_server.c:56] PDC_CLIENT[1]: total close time = 1.244995
[13:37:26.452761] [WARNING] [close_server.c:56] PDC_CLIENT[2]: total close time = 1.245199
[13:37:26.452722] [WARNING] [close_server.c:56] PDC_CLIENT[13]: total close time = 1.245163
[13:37:26.452847] [WARNING] [close_server.c:56] PDC_CLIENT[9]: total close time = 1.245282
[13:37:26.452916] [WARNING] [close_server.c:56] PDC_CLIENT[4]: total close time = 1.245354
[13:37:26.452975] [WARNING] [close_server.c:56] PDC_CLIENT[6]: total close time = 1.245399
[13:37:26.453014] [WARNING] [close_server.c:56] PDC_CLIENT[11]: total close time = 1.245462
[13:37:26.452981] [WARNING] [close_server.c:56] PDC_CLIENT[14]: total close time = 1.245407
[13:37:26.453098] [WARNING] [close_server.c:56] PDC_CLIENT[15]: total close time = 1.245534
[13:37:26.453888] [WARNING] [close_server.c:56] PDC_CLIENT[7]: total close time = 1.246323
[13:37:26.453942] [WARNING] [close_server.c:56] PDC_CLIENT[5]: total close time = 1.246367
[13:37:26.454001] [WARNING] [close_server.c:56] PDC_CLIENT[3]: total close time = 1.246441
[13:37:26.454121] [WARNING] [close_server.c:56] PDC_CLIENT[12]: total close time = 1.246559
[13:37:26.454268] [WARNING] [close_server.c:56] PDC_CLIENT[8]: total close time = 1.246695
[13:37:26.454354] [WARNING] [close_server.c:56] PDC_CLIENT[10]: total close time = 1.246801
