+ pushd /pscratch/sd/n/nlewi26/src/work_space/source/pdc/pdc_helper_scripts/io/pdc_vpicio/../../../build/bin
/pscratch/sd/n/nlewi26/src/work_space/source/pdc/build/bin /pscratch/sd/n/nlewi26/src/work_space/source/pdc/pdc_helper_scripts/io/pdc_vpicio
+ rm -rf /pscratch/sd/n/nlewi26/pdc_vpicio_bench/0 /pscratch/sd/n/nlewi26/pdc_vpicio_bench/1 /pscratch/sd/n/nlewi26/pdc_vpicio_bench/10 /pscratch/sd/n/nlewi26/pdc_vpicio_bench/100 /pscratch/sd/n/nlewi26/pdc_vpicio_bench/101 /pscratch/sd/n/nlewi26/pdc_vpicio_bench/102 /pscratch/sd/n/nlewi26/pdc_vpicio_bench/103 /pscratch/sd/n/nlewi26/pdc_vpicio_bench/104 /pscratch/sd/n/nlewi26/pdc_vpicio_bench/105 /pscratch/sd/n/nlewi26/pdc_vpicio_bench/106 /pscratch/sd/n/nlewi26/pdc_vpicio_bench/107 /pscratch/sd/n/nlewi26/pdc_vpicio_bench/108 /pscratch/sd/n/nlewi26/pdc_vpicio_bench/109 /pscratch/sd/n/nlewi26/pdc_vpicio_bench/11 /pscratch/sd/n/nlewi26/pdc_vpicio_bench/110 /pscratch/sd/n/nlewi26/pdc_vpicio_bench/111 /pscratch/sd/n/nlewi26/pdc_vpicio_bench/112 /pscratch/sd/n/nlewi26/pdc_vpicio_bench/113 /pscratch/sd/n/nlewi26/pdc_vpicio_bench/114 /pscratch/sd/n/nlewi26/pdc_vpicio_bench/115 /pscratch/sd/n/nlewi26/pdc_vpicio_bench/116 /pscratch/sd/n/nlewi26/pdc_vpicio_bench/117 /pscratch/sd/n/nlewi26/pdc_vpicio_bench/118 /pscratch/sd/n/nlewi26/pdc_vpicio_bench/119 /pscratch/sd/n/nlewi26/pdc_vpicio_bench/12 /pscratch/sd/n/nlewi26/pdc_vpicio_bench/120 /pscratch/sd/n/nlewi26/pdc_vpicio_bench/121 /pscratch/sd/n/nlewi26/pdc_vpicio_bench/122 /pscratch/sd/n/nlewi26/pdc_vpicio_bench/123 /pscratch/sd/n/nlewi26/pdc_vpicio_bench/124 /pscratch/sd/n/nlewi26/pdc_vpicio_bench/125 /pscratch/sd/n/nlewi26/pdc_vpicio_bench/126 /pscratch/sd/n/nlewi26/pdc_vpicio_bench/127 /pscratch/sd/n/nlewi26/pdc_vpicio_bench/128 /pscratch/sd/n/nlewi26/pdc_vpicio_bench/129 /pscratch/sd/n/nlewi26/pdc_vpicio_bench/13 /pscratch/sd/n/nlewi26/pdc_vpicio_bench/130 /pscratch/sd/n/nlewi26/pdc_vpicio_bench/131 /pscratch/sd/n/nlewi26/pdc_vpicio_bench/132 /pscratch/sd/n/nlewi26/pdc_vpicio_bench/133 /pscratch/sd/n/nlewi26/pdc_vpicio_bench/134 /pscratch/sd/n/nlewi26/pdc_vpicio_bench/135 /pscratch/sd/n/nlewi26/pdc_vpicio_bench/136 /pscratch/sd/n/nlewi26/pdc_vpicio_bench/137 /pscratch/sd/n/nlewi26/pdc_vpicio_bench/138 /pscratch/sd/n/nlewi26/pdc_vpicio_bench/139 /pscratch/sd/n/nlewi26/pdc_vpicio_bench/14 /pscratch/sd/n/nlewi26/pdc_vpicio_bench/140 /pscratch/sd/n/nlewi26/pdc_vpicio_bench/141 /pscratch/sd/n/nlewi26/pdc_vpicio_bench/142 /pscratch/sd/n/nlewi26/pdc_vpicio_bench/143 /pscratch/sd/n/nlewi26/pdc_vpicio_bench/144 /pscratch/sd/n/nlewi26/pdc_vpicio_bench/145 /pscratch/sd/n/nlewi26/pdc_vpicio_bench/146 /pscratch/sd/n/nlewi26/pdc_vpicio_bench/147 /pscratch/sd/n/nlewi26/pdc_vpicio_bench/148 /pscratch/sd/n/nlewi26/pdc_vpicio_bench/149 /pscratch/sd/n/nlewi26/pdc_vpicio_bench/15 /pscratch/sd/n/nlewi26/pdc_vpicio_bench/150 /pscratch/sd/n/nlewi26/pdc_vpicio_bench/151 /pscratch/sd/n/nlewi26/pdc_vpicio_bench/152 /pscratch/sd/n/nlewi26/pdc_vpicio_bench/153 /pscratch/sd/n/nlewi26/pdc_vpicio_bench/154 /pscratch/sd/n/nlewi26/pdc_vpicio_bench/155 /pscratch/sd/n/nlewi26/pdc_vpicio_bench/156 /pscratch/sd/n/nlewi26/pdc_vpicio_bench/157 /pscratch/sd/n/nlewi26/pdc_vpicio_bench/158 /pscratch/sd/n/nlewi26/pdc_vpicio_bench/159 /pscratch/sd/n/nlewi26/pdc_vpicio_bench/16 /pscratch/sd/n/nlewi26/pdc_vpicio_bench/160 /pscratch/sd/n/nlewi26/pdc_vpicio_bench/161 /pscratch/sd/n/nlewi26/pdc_vpicio_bench/162 /pscratch/sd/n/nlewi26/pdc_vpicio_bench/163 /pscratch/sd/n/nlewi26/pdc_vpicio_bench/164 /pscratch/sd/n/nlewi26/pdc_vpicio_bench/165 /pscratch/sd/n/nlewi26/pdc_vpicio_bench/166 /pscratch/sd/n/nlewi26/pdc_vpicio_bench/167 /pscratch/sd/n/nlewi26/pdc_vpicio_bench/168 /pscratch/sd/n/nlewi26/pdc_vpicio_bench/169 /pscratch/sd/n/nlewi26/pdc_vpicio_bench/17 /pscratch/sd/n/nlewi26/pdc_vpicio_bench/170 /pscratch/sd/n/nlewi26/pdc_vpicio_bench/171 /pscratch/sd/n/nlewi26/pdc_vpicio_bench/172 /pscratch/sd/n/nlewi26/pdc_vpicio_bench/173 /pscratch/sd/n/nlewi26/pdc_vpicio_bench/174 /pscratch/sd/n/nlewi26/pdc_vpicio_bench/175 /pscratch/sd/n/nlewi26/pdc_vpicio_bench/176 /pscratch/sd/n/nlewi26/pdc_vpicio_bench/177 /pscratch/sd/n/nlewi26/pdc_vpicio_bench/178 /pscratch/sd/n/nlewi26/pdc_vpicio_bench/179 /pscratch/sd/n/nlewi26/pdc_vpicio_bench/18 /pscratch/sd/n/nlewi26/pdc_vpicio_bench/180 /pscratch/sd/n/nlewi26/pdc_vpicio_bench/181 /pscratch/sd/n/nlewi26/pdc_vpicio_bench/182 /pscratch/sd/n/nlewi26/pdc_vpicio_bench/183 /pscratch/sd/n/nlewi26/pdc_vpicio_bench/184 /pscratch/sd/n/nlewi26/pdc_vpicio_bench/185 /pscratch/sd/n/nlewi26/pdc_vpicio_bench/186 /pscratch/sd/n/nlewi26/pdc_vpicio_bench/187 /pscratch/sd/n/nlewi26/pdc_vpicio_bench/188 /pscratch/sd/n/nlewi26/pdc_vpicio_bench/189 /pscratch/sd/n/nlewi26/pdc_vpicio_bench/19 /pscratch/sd/n/nlewi26/pdc_vpicio_bench/190 /pscratch/sd/n/nlewi26/pdc_vpicio_bench/191 /pscratch/sd/n/nlewi26/pdc_vpicio_bench/192 /pscratch/sd/n/nlewi26/pdc_vpicio_bench/193 /pscratch/sd/n/nlewi26/pdc_vpicio_bench/194 /pscratch/sd/n/nlewi26/pdc_vpicio_bench/195 /pscratch/sd/n/nlewi26/pdc_vpicio_bench/196 /pscratch/sd/n/nlewi26/pdc_vpicio_bench/197 /pscratch/sd/n/nlewi26/pdc_vpicio_bench/198 /pscratch/sd/n/nlewi26/pdc_vpicio_bench/199 /pscratch/sd/n/nlewi26/pdc_vpicio_bench/2 /pscratch/sd/n/nlewi26/pdc_vpicio_bench/20 /pscratch/sd/n/nlewi26/pdc_vpicio_bench/200 /pscratch/sd/n/nlewi26/pdc_vpicio_bench/201 /pscratch/sd/n/nlewi26/pdc_vpicio_bench/202 /pscratch/sd/n/nlewi26/pdc_vpicio_bench/203 /pscratch/sd/n/nlewi26/pdc_vpicio_bench/204 /pscratch/sd/n/nlewi26/pdc_vpicio_bench/205 /pscratch/sd/n/nlewi26/pdc_vpicio_bench/206 /pscratch/sd/n/nlewi26/pdc_vpicio_bench/207 /pscratch/sd/n/nlewi26/pdc_vpicio_bench/208 /pscratch/sd/n/nlewi26/pdc_vpicio_bench/209 /pscratch/sd/n/nlewi26/pdc_vpicio_bench/21 /pscratch/sd/n/nlewi26/pdc_vpicio_bench/210 /pscratch/sd/n/nlewi26/pdc_vpicio_bench/211 /pscratch/sd/n/nlewi26/pdc_vpicio_bench/212 /pscratch/sd/n/nlewi26/pdc_vpicio_bench/213 /pscratch/sd/n/nlewi26/pdc_vpicio_bench/214 /pscratch/sd/n/nlewi26/pdc_vpicio_bench/215 /pscratch/sd/n/nlewi26/pdc_vpicio_bench/216 /pscratch/sd/n/nlewi26/pdc_vpicio_bench/217 /pscratch/sd/n/nlewi26/pdc_vpicio_bench/218 /pscratch/sd/n/nlewi26/pdc_vpicio_bench/219 /pscratch/sd/n/nlewi26/pdc_vpicio_bench/22 /pscratch/sd/n/nlewi26/pdc_vpicio_bench/220 /pscratch/sd/n/nlewi26/pdc_vpicio_bench/221 /pscratch/sd/n/nlewi26/pdc_vpicio_bench/222 /pscratch/sd/n/nlewi26/pdc_vpicio_bench/223 /pscratch/sd/n/nlewi26/pdc_vpicio_bench/224 /pscratch/sd/n/nlewi26/pdc_vpicio_bench/225 /pscratch/sd/n/nlewi26/pdc_vpicio_bench/226 /pscratch/sd/n/nlewi26/pdc_vpicio_bench/227 /pscratch/sd/n/nlewi26/pdc_vpicio_bench/228 /pscratch/sd/n/nlewi26/pdc_vpicio_bench/229 /pscratch/sd/n/nlewi26/pdc_vpicio_bench/23 /pscratch/sd/n/nlewi26/pdc_vpicio_bench/230 /pscratch/sd/n/nlewi26/pdc_vpicio_bench/231 /pscratch/sd/n/nlewi26/pdc_vpicio_bench/232 /pscratch/sd/n/nlewi26/pdc_vpicio_bench/233 /pscratch/sd/n/nlewi26/pdc_vpicio_bench/234 /pscratch/sd/n/nlewi26/pdc_vpicio_bench/235 /pscratch/sd/n/nlewi26/pdc_vpicio_bench/236 /pscratch/sd/n/nlewi26/pdc_vpicio_bench/237 /pscratch/sd/n/nlewi26/pdc_vpicio_bench/238 /pscratch/sd/n/nlewi26/pdc_vpicio_bench/239 /pscratch/sd/n/nlewi26/pdc_vpicio_bench/24 /pscratch/sd/n/nlewi26/pdc_vpicio_bench/240 /pscratch/sd/n/nlewi26/pdc_vpicio_bench/241 /pscratch/sd/n/nlewi26/pdc_vpicio_bench/242 /pscratch/sd/n/nlewi26/pdc_vpicio_bench/243 /pscratch/sd/n/nlewi26/pdc_vpicio_bench/244 /pscratch/sd/n/nlewi26/pdc_vpicio_bench/245 /pscratch/sd/n/nlewi26/pdc_vpicio_bench/246 /pscratch/sd/n/nlewi26/pdc_vpicio_bench/247 /pscratch/sd/n/nlewi26/pdc_vpicio_bench/248 /pscratch/sd/n/nlewi26/pdc_vpicio_bench/249 /pscratch/sd/n/nlewi26/pdc_vpicio_bench/25 /pscratch/sd/n/nlewi26/pdc_vpicio_bench/250 /pscratch/sd/n/nlewi26/pdc_vpicio_bench/251 /pscratch/sd/n/nlewi26/pdc_vpicio_bench/252 /pscratch/sd/n/nlewi26/pdc_vpicio_bench/253 /pscratch/sd/n/nlewi26/pdc_vpicio_bench/254 /pscratch/sd/n/nlewi26/pdc_vpicio_bench/255 /pscratch/sd/n/nlewi26/pdc_vpicio_bench/26 /pscratch/sd/n/nlewi26/pdc_vpicio_bench/27 /pscratch/sd/n/nlewi26/pdc_vpicio_bench/28 /pscratch/sd/n/nlewi26/pdc_vpicio_bench/29 /pscratch/sd/n/nlewi26/pdc_vpicio_bench/3 /pscratch/sd/n/nlewi26/pdc_vpicio_bench/30 /pscratch/sd/n/nlewi26/pdc_vpicio_bench/31 /pscratch/sd/n/nlewi26/pdc_vpicio_bench/32 /pscratch/sd/n/nlewi26/pdc_vpicio_bench/33 /pscratch/sd/n/nlewi26/pdc_vpicio_bench/34 /pscratch/sd/n/nlewi26/pdc_vpicio_bench/35 /pscratch/sd/n/nlewi26/pdc_vpicio_bench/36 /pscratch/sd/n/nlewi26/pdc_vpicio_bench/37 /pscratch/sd/n/nlewi26/pdc_vpicio_bench/38 /pscratch/sd/n/nlewi26/pdc_vpicio_bench/39 /pscratch/sd/n/nlewi26/pdc_vpicio_bench/4 /pscratch/sd/n/nlewi26/pdc_vpicio_bench/40 /pscratch/sd/n/nlewi26/pdc_vpicio_bench/41 /pscratch/sd/n/nlewi26/pdc_vpicio_bench/42 /pscratch/sd/n/nlewi26/pdc_vpicio_bench/43 /pscratch/sd/n/nlewi26/pdc_vpicio_bench/44 /pscratch/sd/n/nlewi26/pdc_vpicio_bench/45 /pscratch/sd/n/nlewi26/pdc_vpicio_bench/46 /pscratch/sd/n/nlewi26/pdc_vpicio_bench/47 /pscratch/sd/n/nlewi26/pdc_vpicio_bench/48 /pscratch/sd/n/nlewi26/pdc_vpicio_bench/49 /pscratch/sd/n/nlewi26/pdc_vpicio_bench/5 /pscratch/sd/n/nlewi26/pdc_vpicio_bench/50 /pscratch/sd/n/nlewi26/pdc_vpicio_bench/51 /pscratch/sd/n/nlewi26/pdc_vpicio_bench/52 /pscratch/sd/n/nlewi26/pdc_vpicio_bench/53 /pscratch/sd/n/nlewi26/pdc_vpicio_bench/54 /pscratch/sd/n/nlewi26/pdc_vpicio_bench/55 /pscratch/sd/n/nlewi26/pdc_vpicio_bench/56 /pscratch/sd/n/nlewi26/pdc_vpicio_bench/57 /pscratch/sd/n/nlewi26/pdc_vpicio_bench/58 /pscratch/sd/n/nlewi26/pdc_vpicio_bench/59 /pscratch/sd/n/nlewi26/pdc_vpicio_bench/6 /pscratch/sd/n/nlewi26/pdc_vpicio_bench/60 /pscratch/sd/n/nlewi26/pdc_vpicio_bench/61 /pscratch/sd/n/nlewi26/pdc_vpicio_bench/62 /pscratch/sd/n/nlewi26/pdc_vpicio_bench/63 /pscratch/sd/n/nlewi26/pdc_vpicio_bench/64 /pscratch/sd/n/nlewi26/pdc_vpicio_bench/65 /pscratch/sd/n/nlewi26/pdc_vpicio_bench/66 /pscratch/sd/n/nlewi26/pdc_vpicio_bench/67 /pscratch/sd/n/nlewi26/pdc_vpicio_bench/68 /pscratch/sd/n/nlewi26/pdc_vpicio_bench/69 /pscratch/sd/n/nlewi26/pdc_vpicio_bench/7 /pscratch/sd/n/nlewi26/pdc_vpicio_bench/70 /pscratch/sd/n/nlewi26/pdc_vpicio_bench/71 /pscratch/sd/n/nlewi26/pdc_vpicio_bench/72 /pscratch/sd/n/nlewi26/pdc_vpicio_bench/73 /pscratch/sd/n/nlewi26/pdc_vpicio_bench/74 /pscratch/sd/n/nlewi26/pdc_vpicio_bench/75 /pscratch/sd/n/nlewi26/pdc_vpicio_bench/76 /pscratch/sd/n/nlewi26/pdc_vpicio_bench/77 /pscratch/sd/n/nlewi26/pdc_vpicio_bench/78 /pscratch/sd/n/nlewi26/pdc_vpicio_bench/79 /pscratch/sd/n/nlewi26/pdc_vpicio_bench/8 /pscratch/sd/n/nlewi26/pdc_vpicio_bench/80 /pscratch/sd/n/nlewi26/pdc_vpicio_bench/81 /pscratch/sd/n/nlewi26/pdc_vpicio_bench/82 /pscratch/sd/n/nlewi26/pdc_vpicio_bench/83 /pscratch/sd/n/nlewi26/pdc_vpicio_bench/84 /pscratch/sd/n/nlewi26/pdc_vpicio_bench/85 /pscratch/sd/n/nlewi26/pdc_vpicio_bench/86 /pscratch/sd/n/nlewi26/pdc_vpicio_bench/87 /pscratch/sd/n/nlewi26/pdc_vpicio_bench/88 /pscratch/sd/n/nlewi26/pdc_vpicio_bench/89 /pscratch/sd/n/nlewi26/pdc_vpicio_bench/9 /pscratch/sd/n/nlewi26/pdc_vpicio_bench/90 /pscratch/sd/n/nlewi26/pdc_vpicio_bench/91 /pscratch/sd/n/nlewi26/pdc_vpicio_bench/92 /pscratch/sd/n/nlewi26/pdc_vpicio_bench/93 /pscratch/sd/n/nlewi26/pdc_vpicio_bench/94 /pscratch/sd/n/nlewi26/pdc_vpicio_bench/95 /pscratch/sd/n/nlewi26/pdc_vpicio_bench/96 /pscratch/sd/n/nlewi26/pdc_vpicio_bench/97 /pscratch/sd/n/nlewi26/pdc_vpicio_bench/98 /pscratch/sd/n/nlewi26/pdc_vpicio_bench/99 /pscratch/sd/n/nlewi26/pdc_vpicio_bench/pdc_data
+ popd
+ srun --overlap -N 64 -n 128 --ntasks-per-node=2 --error=server_vpicio_raw_64.err --output=server_vpicio_raw_64.log ./pdc_server
/pscratch/sd/n/nlewi26/src/work_space/source/pdc/pdc_helper_scripts/io/pdc_vpicio
+ sleep 10
+ pushd /pscratch/sd/n/nlewi26/src/work_space/source/pdc/pdc_helper_scripts/io/pdc_vpicio/../../../build/bin
/pscratch/sd/n/nlewi26/src/work_space/source/pdc/build/bin /pscratch/sd/n/nlewi26/src/work_space/source/pdc/pdc_helper_scripts/io/pdc_vpicio
+ srun --overlap -N 64 -n 2048 --ntasks-per-node=32 --error=client_vpicio_raw_64.err --output=client_vpicio_raw_64.log ./vpicio 8388608 5 40 raw
+ popd
/pscratch/sd/n/nlewi26/src/work_space/source/pdc/pdc_helper_scripts/io/pdc_vpicio
+ pushd /pscratch/sd/n/nlewi26/src/work_space/source/pdc/pdc_helper_scripts/io/pdc_vpicio/../../../build/bin
/pscratch/sd/n/nlewi26/src/work_space/source/pdc/build/bin /pscratch/sd/n/nlewi26/src/work_space/source/pdc/pdc_helper_scripts/io/pdc_vpicio
+ srun --overlap -N 64 -n 2048 --ntasks-per-node=32 --error=verify_vpicio_raw_64.err --output=verify_vpicio_raw_64.log ./vpicio_verify 8388608 5
srun: error: nid004149: task 0: Exited with exit code 1
srun: Terminating StepId=59024523.2
+ pushd /pscratch/sd/n/nlewi26/src/work_space/source/pdc/pdc_helper_scripts/io/pdc_vpicio/../../../build/bin
/pscratch/sd/n/nlewi26/src/work_space/source/pdc/build/bin /pscratch/sd/n/nlewi26/src/work_space/source/pdc/pdc_helper_scripts/io/pdc_vpicio
+ srun --overlap -N 64 -n 128 --ntasks-per-node=2 --error=close_server_vpicio_raw_64.err --output=close_server_vpicio_raw_64.log ./close_server
+ popd
/pscratch/sd/n/nlewi26/src/work_space/source/pdc/pdc_helper_scripts/io/pdc_vpicio
+ pushd /pscratch/sd/n/nlewi26/src/work_space/source/pdc/pdc_helper_scripts/io/pdc_vpicio/../../../build/bin
/pscratch/sd/n/nlewi26/src/work_space/source/pdc/build/bin /pscratch/sd/n/nlewi26/src/work_space/source/pdc/pdc_helper_scripts/io/pdc_vpicio
+ rm -rf /pscratch/sd/n/nlewi26/pdc_vpicio_bench/0 /pscratch/sd/n/nlewi26/pdc_vpicio_bench/1 /pscratch/sd/n/nlewi26/pdc_vpicio_bench/10 /pscratch/sd/n/nlewi26/pdc_vpicio_bench/100 /pscratch/sd/n/nlewi26/pdc_vpicio_bench/101 /pscratch/sd/n/nlewi26/pdc_vpicio_bench/102 /pscratch/sd/n/nlewi26/pdc_vpicio_bench/103 /pscratch/sd/n/nlewi26/pdc_vpicio_bench/104 /pscratch/sd/n/nlewi26/pdc_vpicio_bench/105 /pscratch/sd/n/nlewi26/pdc_vpicio_bench/106 /pscratch/sd/n/nlewi26/pdc_vpicio_bench/107 /pscratch/sd/n/nlewi26/pdc_vpicio_bench/108 /pscratch/sd/n/nlewi26/pdc_vpicio_bench/109 /pscratch/sd/n/nlewi26/pdc_vpicio_bench/11 /pscratch/sd/n/nlewi26/pdc_vpicio_bench/110 /pscratch/sd/n/nlewi26/pdc_vpicio_bench/111 /pscratch/sd/n/nlewi26/pdc_vpicio_bench/112 /pscratch/sd/n/nlewi26/pdc_vpicio_bench/113 /pscratch/sd/n/nlewi26/pdc_vpicio_bench/114 /pscratch/sd/n/nlewi26/pdc_vpicio_bench/115 /pscratch/sd/n/nlewi26/pdc_vpicio_bench/116 /pscratch/sd/n/nlewi26/pdc_vpicio_bench/117 /pscratch/sd/n/nlewi26/pdc_vpicio_bench/118 /pscratch/sd/n/nlewi26/pdc_vpicio_bench/119 /pscratch/sd/n/nlewi26/pdc_vpicio_bench/12 /pscratch/sd/n/nlewi26/pdc_vpicio_bench/120 /pscratch/sd/n/nlewi26/pdc_vpicio_bench/121 /pscratch/sd/n/nlewi26/pdc_vpicio_bench/122 /pscratch/sd/n/nlewi26/pdc_vpicio_bench/123 /pscratch/sd/n/nlewi26/pdc_vpicio_bench/124 /pscratch/sd/n/nlewi26/pdc_vpicio_bench/125 /pscratch/sd/n/nlewi26/pdc_vpicio_bench/126 /pscratch/sd/n/nlewi26/pdc_vpicio_bench/127 /pscratch/sd/n/nlewi26/pdc_vpicio_bench/13 /pscratch/sd/n/nlewi26/pdc_vpicio_bench/14 /pscratch/sd/n/nlewi26/pdc_vpicio_bench/15 /pscratch/sd/n/nlewi26/pdc_vpicio_bench/16 /pscratch/sd/n/nlewi26/pdc_vpicio_bench/17 /pscratch/sd/n/nlewi26/pdc_vpicio_bench/18 /pscratch/sd/n/nlewi26/pdc_vpicio_bench/19 /pscratch/sd/n/nlewi26/pdc_vpicio_bench/2 /pscratch/sd/n/nlewi26/pdc_vpicio_bench/20 /pscratch/sd/n/nlewi26/pdc_vpicio_bench/21 /pscratch/sd/n/nlewi26/pdc_vpicio_bench/22 /pscratch/sd/n/nlewi26/pdc_vpicio_bench/23 /pscratch/sd/n/nlewi26/pdc_vpicio_bench/24 /pscratch/sd/n/nlewi26/pdc_vpicio_bench/25 /pscratch/sd/n/nlewi26/pdc_vpicio_bench/26 /pscratch/sd/n/nlewi26/pdc_vpicio_bench/27 /pscratch/sd/n/nlewi26/pdc_vpicio_bench/28 /pscratch/sd/n/nlewi26/pdc_vpicio_bench/29 /pscratch/sd/n/nlewi26/pdc_vpicio_bench/3 /pscratch/sd/n/nlewi26/pdc_vpicio_bench/30 /pscratch/sd/n/nlewi26/pdc_vpicio_bench/31 /pscratch/sd/n/nlewi26/pdc_vpicio_bench/32 /pscratch/sd/n/nlewi26/pdc_vpicio_bench/33 /pscratch/sd/n/nlewi26/pdc_vpicio_bench/34 /pscratch/sd/n/nlewi26/pdc_vpicio_bench/35 /pscratch/sd/n/nlewi26/pdc_vpicio_bench/36 /pscratch/sd/n/nlewi26/pdc_vpicio_bench/37 /pscratch/sd/n/nlewi26/pdc_vpicio_bench/38 /pscratch/sd/n/nlewi26/pdc_vpicio_bench/39 /pscratch/sd/n/nlewi26/pdc_vpicio_bench/4 /pscratch/sd/n/nlewi26/pdc_vpicio_bench/40 /pscratch/sd/n/nlewi26/pdc_vpicio_bench/41 /pscratch/sd/n/nlewi26/pdc_vpicio_bench/42 /pscratch/sd/n/nlewi26/pdc_vpicio_bench/43 /pscratch/sd/n/nlewi26/pdc_vpicio_bench/44 /pscratch/sd/n/nlewi26/pdc_vpicio_bench/45 /pscratch/sd/n/nlewi26/pdc_vpicio_bench/46 /pscratch/sd/n/nlewi26/pdc_vpicio_bench/47 /pscratch/sd/n/nlewi26/pdc_vpicio_bench/48 /pscratch/sd/n/nlewi26/pdc_vpicio_bench/49 /pscratch/sd/n/nlewi26/pdc_vpicio_bench/5 /pscratch/sd/n/nlewi26/pdc_vpicio_bench/50 /pscratch/sd/n/nlewi26/pdc_vpicio_bench/51 /pscratch/sd/n/nlewi26/pdc_vpicio_bench/52 /pscratch/sd/n/nlewi26/pdc_vpicio_bench/53 /pscratch/sd/n/nlewi26/pdc_vpicio_bench/54 /pscratch/sd/n/nlewi26/pdc_vpicio_bench/55 /pscratch/sd/n/nlewi26/pdc_vpicio_bench/56 /pscratch/sd/n/nlewi26/pdc_vpicio_bench/57 /pscratch/sd/n/nlewi26/pdc_vpicio_bench/58 /pscratch/sd/n/nlewi26/pdc_vpicio_bench/59 /pscratch/sd/n/nlewi26/pdc_vpicio_bench/6 /pscratch/sd/n/nlewi26/pdc_vpicio_bench/60 /pscratch/sd/n/nlewi26/pdc_vpicio_bench/61 /pscratch/sd/n/nlewi26/pdc_vpicio_bench/62 /pscratch/sd/n/nlewi26/pdc_vpicio_bench/63 /pscratch/sd/n/nlewi26/pdc_vpicio_bench/64 /pscratch/sd/n/nlewi26/pdc_vpicio_bench/65 /pscratch/sd/n/nlewi26/pdc_vpicio_bench/66 /pscratch/sd/n/nlewi26/pdc_vpicio_bench/67 /pscratch/sd/n/nlewi26/pdc_vpicio_bench/68 /pscratch/sd/n/nlewi26/pdc_vpicio_bench/69 /pscratch/sd/n/nlewi26/pdc_vpicio_bench/7 /pscratch/sd/n/nlewi26/pdc_vpicio_bench/70 /pscratch/sd/n/nlewi26/pdc_vpicio_bench/71 /pscratch/sd/n/nlewi26/pdc_vpicio_bench/72 /pscratch/sd/n/nlewi26/pdc_vpicio_bench/73 /pscratch/sd/n/nlewi26/pdc_vpicio_bench/74 /pscratch/sd/n/nlewi26/pdc_vpicio_bench/75 /pscratch/sd/n/nlewi26/pdc_vpicio_bench/76 /pscratch/sd/n/nlewi26/pdc_vpicio_bench/77 /pscratch/sd/n/nlewi26/pdc_vpicio_bench/78 /pscratch/sd/n/nlewi26/pdc_vpicio_bench/79 /pscratch/sd/n/nlewi26/pdc_vpicio_bench/8 /pscratch/sd/n/nlewi26/pdc_vpicio_bench/80 /pscratch/sd/n/nlewi26/pdc_vpicio_bench/81 /pscratch/sd/n/nlewi26/pdc_vpicio_bench/82 /pscratch/sd/n/nlewi26/pdc_vpicio_bench/83 /pscratch/sd/n/nlewi26/pdc_vpicio_bench/84 /pscratch/sd/n/nlewi26/pdc_vpicio_bench/85 /pscratch/sd/n/nlewi26/pdc_vpicio_bench/86 /pscratch/sd/n/nlewi26/pdc_vpicio_bench/87 /pscratch/sd/n/nlewi26/pdc_vpicio_bench/88 /pscratch/sd/n/nlewi26/pdc_vpicio_bench/89 /pscratch/sd/n/nlewi26/pdc_vpicio_bench/9 /pscratch/sd/n/nlewi26/pdc_vpicio_bench/90 /pscratch/sd/n/nlewi26/pdc_vpicio_bench/91 /pscratch/sd/n/nlewi26/pdc_vpicio_bench/92 /pscratch/sd/n/nlewi26/pdc_vpicio_bench/93 /pscratch/sd/n/nlewi26/pdc_vpicio_bench/94 /pscratch/sd/n/nlewi26/pdc_vpicio_bench/95 /pscratch/sd/n/nlewi26/pdc_vpicio_bench/96 /pscratch/sd/n/nlewi26/pdc_vpicio_bench/97 /pscratch/sd/n/nlewi26/pdc_vpicio_bench/98 /pscratch/sd/n/nlewi26/pdc_vpicio_bench/99 /pscratch/sd/n/nlewi26/pdc_vpicio_bench/pdc_data
+ popd
+ srun --overlap -N 64 -n 256 --ntasks-per-node=4 --error=server_vpicio_raw_64.err --output=server_vpicio_raw_64.log ./pdc_server
/pscratch/sd/n/nlewi26/src/work_space/source/pdc/pdc_helper_scripts/io/pdc_vpicio
+ sleep 10
+ pushd /pscratch/sd/n/nlewi26/src/work_space/source/pdc/pdc_helper_scripts/io/pdc_vpicio/../../../build/bin
/pscratch/sd/n/nlewi26/src/work_space/source/pdc/build/bin /pscratch/sd/n/nlewi26/src/work_space/source/pdc/pdc_helper_scripts/io/pdc_vpicio
+ srun --overlap -N 64 -n 2048 --ntasks-per-node=32 --error=client_vpicio_raw_64.err --output=client_vpicio_raw_64.log ./vpicio 8388608 5 40 raw
+ popd
/pscratch/sd/n/nlewi26/src/work_space/source/pdc/pdc_helper_scripts/io/pdc_vpicio
+ pushd /pscratch/sd/n/nlewi26/src/work_space/source/pdc/pdc_helper_scripts/io/pdc_vpicio/../../../build/bin
/pscratch/sd/n/nlewi26/src/work_space/source/pdc/build/bin /pscratch/sd/n/nlewi26/src/work_space/source/pdc/pdc_helper_scripts/io/pdc_vpicio
+ srun --overlap -N 64 -n 2048 --ntasks-per-node=32 --error=verify_vpicio_raw_64.err --output=verify_vpicio_raw_64.log ./vpicio_verify 8388608 5
srun: error: nid004149: task 0: Exited with exit code 1
srun: Terminating StepId=59024523.6
+ pushd /pscratch/sd/n/nlewi26/src/work_space/source/pdc/pdc_helper_scripts/io/pdc_vpicio/../../../build/bin
/pscratch/sd/n/nlewi26/src/work_space/source/pdc/build/bin /pscratch/sd/n/nlewi26/src/work_space/source/pdc/pdc_helper_scripts/io/pdc_vpicio
+ srun --overlap -N 64 -n 256 --ntasks-per-node=4 --error=close_server_vpicio_raw_64.err --output=close_server_vpicio_raw_64.log ./close_server
+ popd
/pscratch/sd/n/nlewi26/src/work_space/source/pdc/pdc_helper_scripts/io/pdc_vpicio
+ pushd /pscratch/sd/n/nlewi26/src/work_space/source/pdc/pdc_helper_scripts/io/pdc_vpicio/../../../build/bin
/pscratch/sd/n/nlewi26/src/work_space/source/pdc/build/bin /pscratch/sd/n/nlewi26/src/work_space/source/pdc/pdc_helper_scripts/io/pdc_vpicio
+ rm -rf /pscratch/sd/n/nlewi26/pdc_vpicio_bench/0 /pscratch/sd/n/nlewi26/pdc_vpicio_bench/1 /pscratch/sd/n/nlewi26/pdc_vpicio_bench/10 /pscratch/sd/n/nlewi26/pdc_vpicio_bench/100 /pscratch/sd/n/nlewi26/pdc_vpicio_bench/101 /pscratch/sd/n/nlewi26/pdc_vpicio_bench/102 /pscratch/sd/n/nlewi26/pdc_vpicio_bench/103 /pscratch/sd/n/nlewi26/pdc_vpicio_bench/104 /pscratch/sd/n/nlewi26/pdc_vpicio_bench/105 /pscratch/sd/n/nlewi26/pdc_vpicio_bench/106 /pscratch/sd/n/nlewi26/pdc_vpicio_bench/107 /pscratch/sd/n/nlewi26/pdc_vpicio_bench/108 /pscratch/sd/n/nlewi26/pdc_vpicio_bench/109 /pscratch/sd/n/nlewi26/pdc_vpicio_bench/11 /pscratch/sd/n/nlewi26/pdc_vpicio_bench/110 /pscratch/sd/n/nlewi26/pdc_vpicio_bench/111 /pscratch/sd/n/nlewi26/pdc_vpicio_bench/112 /pscratch/sd/n/nlewi26/pdc_vpicio_bench/113 /pscratch/sd/n/nlewi26/pdc_vpicio_bench/114 /pscratch/sd/n/nlewi26/pdc_vpicio_bench/115 /pscratch/sd/n/nlewi26/pdc_vpicio_bench/116 /pscratch/sd/n/nlewi26/pdc_vpicio_bench/117 /pscratch/sd/n/nlewi26/pdc_vpicio_bench/118 /pscratch/sd/n/nlewi26/pdc_vpicio_bench/119 /pscratch/sd/n/nlewi26/pdc_vpicio_bench/12 /pscratch/sd/n/nlewi26/pdc_vpicio_bench/120 /pscratch/sd/n/nlewi26/pdc_vpicio_bench/121 /pscratch/sd/n/nlewi26/pdc_vpicio_bench/122 /pscratch/sd/n/nlewi26/pdc_vpicio_bench/123 /pscratch/sd/n/nlewi26/pdc_vpicio_bench/124 /pscratch/sd/n/nlewi26/pdc_vpicio_bench/125 /pscratch/sd/n/nlewi26/pdc_vpicio_bench/126 /pscratch/sd/n/nlewi26/pdc_vpicio_bench/127 /pscratch/sd/n/nlewi26/pdc_vpicio_bench/128 /pscratch/sd/n/nlewi26/pdc_vpicio_bench/129 /pscratch/sd/n/nlewi26/pdc_vpicio_bench/13 /pscratch/sd/n/nlewi26/pdc_vpicio_bench/130 /pscratch/sd/n/nlewi26/pdc_vpicio_bench/131 /pscratch/sd/n/nlewi26/pdc_vpicio_bench/132 /pscratch/sd/n/nlewi26/pdc_vpicio_bench/133 /pscratch/sd/n/nlewi26/pdc_vpicio_bench/134 /pscratch/sd/n/nlewi26/pdc_vpicio_bench/135 /pscratch/sd/n/nlewi26/pdc_vpicio_bench/136 /pscratch/sd/n/nlewi26/pdc_vpicio_bench/137 /pscratch/sd/n/nlewi26/pdc_vpicio_bench/138 /pscratch/sd/n/nlewi26/pdc_vpicio_bench/139 /pscratch/sd/n/nlewi26/pdc_vpicio_bench/14 /pscratch/sd/n/nlewi26/pdc_vpicio_bench/140 /pscratch/sd/n/nlewi26/pdc_vpicio_bench/141 /pscratch/sd/n/nlewi26/pdc_vpicio_bench/142 /pscratch/sd/n/nlewi26/pdc_vpicio_bench/143 /pscratch/sd/n/nlewi26/pdc_vpicio_bench/144 /pscratch/sd/n/nlewi26/pdc_vpicio_bench/145 /pscratch/sd/n/nlewi26/pdc_vpicio_bench/146 /pscratch/sd/n/nlewi26/pdc_vpicio_bench/147 /pscratch/sd/n/nlewi26/pdc_vpicio_bench/148 /pscratch/sd/n/nlewi26/pdc_vpicio_bench/149 /pscratch/sd/n/nlewi26/pdc_vpicio_bench/15 /pscratch/sd/n/nlewi26/pdc_vpicio_bench/150 /pscratch/sd/n/nlewi26/pdc_vpicio_bench/151 /pscratch/sd/n/nlewi26/pdc_vpicio_bench/152 /pscratch/sd/n/nlewi26/pdc_vpicio_bench/153 /pscratch/sd/n/nlewi26/pdc_vpicio_bench/154 /pscratch/sd/n/nlewi26/pdc_vpicio_bench/155 /pscratch/sd/n/nlewi26/pdc_vpicio_bench/156 /pscratch/sd/n/nlewi26/pdc_vpicio_bench/157 /pscratch/sd/n/nlewi26/pdc_vpicio_bench/158 /pscratch/sd/n/nlewi26/pdc_vpicio_bench/159 /pscratch/sd/n/nlewi26/pdc_vpicio_bench/16 /pscratch/sd/n/nlewi26/pdc_vpicio_bench/160 /pscratch/sd/n/nlewi26/pdc_vpicio_bench/161 /pscratch/sd/n/nlewi26/pdc_vpicio_bench/162 /pscratch/sd/n/nlewi26/pdc_vpicio_bench/163 /pscratch/sd/n/nlewi26/pdc_vpicio_bench/164 /pscratch/sd/n/nlewi26/pdc_vpicio_bench/165 /pscratch/sd/n/nlewi26/pdc_vpicio_bench/166 /pscratch/sd/n/nlewi26/pdc_vpicio_bench/167 /pscratch/sd/n/nlewi26/pdc_vpicio_bench/168 /pscratch/sd/n/nlewi26/pdc_vpicio_bench/169 /pscratch/sd/n/nlewi26/pdc_vpicio_bench/17 /pscratch/sd/n/nlewi26/pdc_vpicio_bench/170 /pscratch/sd/n/nlewi26/pdc_vpicio_bench/171 /pscratch/sd/n/nlewi26/pdc_vpicio_bench/172 /pscratch/sd/n/nlewi26/pdc_vpicio_bench/173 /pscratch/sd/n/nlewi26/pdc_vpicio_bench/174 /pscratch/sd/n/nlewi26/pdc_vpicio_bench/175 /pscratch/sd/n/nlewi26/pdc_vpicio_bench/176 /pscratch/sd/n/nlewi26/pdc_vpicio_bench/177 /pscratch/sd/n/nlewi26/pdc_vpicio_bench/178 /pscratch/sd/n/nlewi26/pdc_vpicio_bench/179 /pscratch/sd/n/nlewi26/pdc_vpicio_bench/18 /pscratch/sd/n/nlewi26/pdc_vpicio_bench/180 /pscratch/sd/n/nlewi26/pdc_vpicio_bench/181 /pscratch/sd/n/nlewi26/pdc_vpicio_bench/182 /pscratch/sd/n/nlewi26/pdc_vpicio_bench/183 /pscratch/sd/n/nlewi26/pdc_vpicio_bench/184 /pscratch/sd/n/nlewi26/pdc_vpicio_bench/185 /pscratch/sd/n/nlewi26/pdc_vpicio_bench/186 /pscratch/sd/n/nlewi26/pdc_vpicio_bench/187 /pscratch/sd/n/nlewi26/pdc_vpicio_bench/188 /pscratch/sd/n/nlewi26/pdc_vpicio_bench/189 /pscratch/sd/n/nlewi26/pdc_vpicio_bench/19 /pscratch/sd/n/nlewi26/pdc_vpicio_bench/190 /pscratch/sd/n/nlewi26/pdc_vpicio_bench/191 /pscratch/sd/n/nlewi26/pdc_vpicio_bench/192 /pscratch/sd/n/nlewi26/pdc_vpicio_bench/193 /pscratch/sd/n/nlewi26/pdc_vpicio_bench/194 /pscratch/sd/n/nlewi26/pdc_vpicio_bench/195 /pscratch/sd/n/nlewi26/pdc_vpicio_bench/196 /pscratch/sd/n/nlewi26/pdc_vpicio_bench/197 /pscratch/sd/n/nlewi26/pdc_vpicio_bench/198 /pscratch/sd/n/nlewi26/pdc_vpicio_bench/199 /pscratch/sd/n/nlewi26/pdc_vpicio_bench/2 /pscratch/sd/n/nlewi26/pdc_vpicio_bench/20 /pscratch/sd/n/nlewi26/pdc_vpicio_bench/200 /pscratch/sd/n/nlewi26/pdc_vpicio_bench/201 /pscratch/sd/n/nlewi26/pdc_vpicio_bench/202 /pscratch/sd/n/nlewi26/pdc_vpicio_bench/203 /pscratch/sd/n/nlewi26/pdc_vpicio_bench/204 /pscratch/sd/n/nlewi26/pdc_vpicio_bench/205 /pscratch/sd/n/nlewi26/pdc_vpicio_bench/206 /pscratch/sd/n/nlewi26/pdc_vpicio_bench/207 /pscratch/sd/n/nlewi26/pdc_vpicio_bench/208 /pscratch/sd/n/nlewi26/pdc_vpicio_bench/209 /pscratch/sd/n/nlewi26/pdc_vpicio_bench/21 /pscratch/sd/n/nlewi26/pdc_vpicio_bench/210 /pscratch/sd/n/nlewi26/pdc_vpicio_bench/211 /pscratch/sd/n/nlewi26/pdc_vpicio_bench/212 /pscratch/sd/n/nlewi26/pdc_vpicio_bench/213 /pscratch/sd/n/nlewi26/pdc_vpicio_bench/214 /pscratch/sd/n/nlewi26/pdc_vpicio_bench/215 /pscratch/sd/n/nlewi26/pdc_vpicio_bench/216 /pscratch/sd/n/nlewi26/pdc_vpicio_bench/217 /pscratch/sd/n/nlewi26/pdc_vpicio_bench/218 /pscratch/sd/n/nlewi26/pdc_vpicio_bench/219 /pscratch/sd/n/nlewi26/pdc_vpicio_bench/22 /pscratch/sd/n/nlewi26/pdc_vpicio_bench/220 /pscratch/sd/n/nlewi26/pdc_vpicio_bench/221 /pscratch/sd/n/nlewi26/pdc_vpicio_bench/222 /pscratch/sd/n/nlewi26/pdc_vpicio_bench/223 /pscratch/sd/n/nlewi26/pdc_vpicio_bench/224 /pscratch/sd/n/nlewi26/pdc_vpicio_bench/225 /pscratch/sd/n/nlewi26/pdc_vpicio_bench/226 /pscratch/sd/n/nlewi26/pdc_vpicio_bench/227 /pscratch/sd/n/nlewi26/pdc_vpicio_bench/228 /pscratch/sd/n/nlewi26/pdc_vpicio_bench/229 /pscratch/sd/n/nlewi26/pdc_vpicio_bench/23 /pscratch/sd/n/nlewi26/pdc_vpicio_bench/230 /pscratch/sd/n/nlewi26/pdc_vpicio_bench/231 /pscratch/sd/n/nlewi26/pdc_vpicio_bench/232 /pscratch/sd/n/nlewi26/pdc_vpicio_bench/233 /pscratch/sd/n/nlewi26/pdc_vpicio_bench/234 /pscratch/sd/n/nlewi26/pdc_vpicio_bench/235 /pscratch/sd/n/nlewi26/pdc_vpicio_bench/236 /pscratch/sd/n/nlewi26/pdc_vpicio_bench/237 /pscratch/sd/n/nlewi26/pdc_vpicio_bench/238 /pscratch/sd/n/nlewi26/pdc_vpicio_bench/239 /pscratch/sd/n/nlewi26/pdc_vpicio_bench/24 /pscratch/sd/n/nlewi26/pdc_vpicio_bench/240 /pscratch/sd/n/nlewi26/pdc_vpicio_bench/241 /pscratch/sd/n/nlewi26/pdc_vpicio_bench/242 /pscratch/sd/n/nlewi26/pdc_vpicio_bench/243 /pscratch/sd/n/nlewi26/pdc_vpicio_bench/244 /pscratch/sd/n/nlewi26/pdc_vpicio_bench/245 /pscratch/sd/n/nlewi26/pdc_vpicio_bench/246 /pscratch/sd/n/nlewi26/pdc_vpicio_bench/247 /pscratch/sd/n/nlewi26/pdc_vpicio_bench/248 /pscratch/sd/n/nlewi26/pdc_vpicio_bench/249 /pscratch/sd/n/nlewi26/pdc_vpicio_bench/25 /pscratch/sd/n/nlewi26/pdc_vpicio_bench/250 /pscratch/sd/n/nlewi26/pdc_vpicio_bench/251 /pscratch/sd/n/nlewi26/pdc_vpicio_bench/252 /pscratch/sd/n/nlewi26/pdc_vpicio_bench/253 /pscratch/sd/n/nlewi26/pdc_vpicio_bench/254 /pscratch/sd/n/nlewi26/pdc_vpicio_bench/255 /pscratch/sd/n/nlewi26/pdc_vpicio_bench/26 /pscratch/sd/n/nlewi26/pdc_vpicio_bench/27 /pscratch/sd/n/nlewi26/pdc_vpicio_bench/28 /pscratch/sd/n/nlewi26/pdc_vpicio_bench/29 /pscratch/sd/n/nlewi26/pdc_vpicio_bench/3 /pscratch/sd/n/nlewi26/pdc_vpicio_bench/30 /pscratch/sd/n/nlewi26/pdc_vpicio_bench/31 /pscratch/sd/n/nlewi26/pdc_vpicio_bench/32 /pscratch/sd/n/nlewi26/pdc_vpicio_bench/33 /pscratch/sd/n/nlewi26/pdc_vpicio_bench/34 /pscratch/sd/n/nlewi26/pdc_vpicio_bench/35 /pscratch/sd/n/nlewi26/pdc_vpicio_bench/36 /pscratch/sd/n/nlewi26/pdc_vpicio_bench/37 /pscratch/sd/n/nlewi26/pdc_vpicio_bench/38 /pscratch/sd/n/nlewi26/pdc_vpicio_bench/39 /pscratch/sd/n/nlewi26/pdc_vpicio_bench/4 /pscratch/sd/n/nlewi26/pdc_vpicio_bench/40 /pscratch/sd/n/nlewi26/pdc_vpicio_bench/41 /pscratch/sd/n/nlewi26/pdc_vpicio_bench/42 /pscratch/sd/n/nlewi26/pdc_vpicio_bench/43 /pscratch/sd/n/nlewi26/pdc_vpicio_bench/44 /pscratch/sd/n/nlewi26/pdc_vpicio_bench/45 /pscratch/sd/n/nlewi26/pdc_vpicio_bench/46 /pscratch/sd/n/nlewi26/pdc_vpicio_bench/47 /pscratch/sd/n/nlewi26/pdc_vpicio_bench/48 /pscratch/sd/n/nlewi26/pdc_vpicio_bench/49 /pscratch/sd/n/nlewi26/pdc_vpicio_bench/5 /pscratch/sd/n/nlewi26/pdc_vpicio_bench/50 /pscratch/sd/n/nlewi26/pdc_vpicio_bench/51 /pscratch/sd/n/nlewi26/pdc_vpicio_bench/52 /pscratch/sd/n/nlewi26/pdc_vpicio_bench/53 /pscratch/sd/n/nlewi26/pdc_vpicio_bench/54 /pscratch/sd/n/nlewi26/pdc_vpicio_bench/55 /pscratch/sd/n/nlewi26/pdc_vpicio_bench/56 /pscratch/sd/n/nlewi26/pdc_vpicio_bench/57 /pscratch/sd/n/nlewi26/pdc_vpicio_bench/58 /pscratch/sd/n/nlewi26/pdc_vpicio_bench/59 /pscratch/sd/n/nlewi26/pdc_vpicio_bench/6 /pscratch/sd/n/nlewi26/pdc_vpicio_bench/60 /pscratch/sd/n/nlewi26/pdc_vpicio_bench/61 /pscratch/sd/n/nlewi26/pdc_vpicio_bench/62 /pscratch/sd/n/nlewi26/pdc_vpicio_bench/63 /pscratch/sd/n/nlewi26/pdc_vpicio_bench/64 /pscratch/sd/n/nlewi26/pdc_vpicio_bench/65 /pscratch/sd/n/nlewi26/pdc_vpicio_bench/66 /pscratch/sd/n/nlewi26/pdc_vpicio_bench/67 /pscratch/sd/n/nlewi26/pdc_vpicio_bench/68 /pscratch/sd/n/nlewi26/pdc_vpicio_bench/69 /pscratch/sd/n/nlewi26/pdc_vpicio_bench/7 /pscratch/sd/n/nlewi26/pdc_vpicio_bench/70 /pscratch/sd/n/nlewi26/pdc_vpicio_bench/71 /pscratch/sd/n/nlewi26/pdc_vpicio_bench/72 /pscratch/sd/n/nlewi26/pdc_vpicio_bench/73 /pscratch/sd/n/nlewi26/pdc_vpicio_bench/74 /pscratch/sd/n/nlewi26/pdc_vpicio_bench/75 /pscratch/sd/n/nlewi26/pdc_vpicio_bench/76 /pscratch/sd/n/nlewi26/pdc_vpicio_bench/77 /pscratch/sd/n/nlewi26/pdc_vpicio_bench/78 /pscratch/sd/n/nlewi26/pdc_vpicio_bench/79 /pscratch/sd/n/nlewi26/pdc_vpicio_bench/8 /pscratch/sd/n/nlewi26/pdc_vpicio_bench/80 /pscratch/sd/n/nlewi26/pdc_vpicio_bench/81 /pscratch/sd/n/nlewi26/pdc_vpicio_bench/82 /pscratch/sd/n/nlewi26/pdc_vpicio_bench/83 /pscratch/sd/n/nlewi26/pdc_vpicio_bench/84 /pscratch/sd/n/nlewi26/pdc_vpicio_bench/85 /pscratch/sd/n/nlewi26/pdc_vpicio_bench/86 /pscratch/sd/n/nlewi26/pdc_vpicio_bench/87 /pscratch/sd/n/nlewi26/pdc_vpicio_bench/88 /pscratch/sd/n/nlewi26/pdc_vpicio_bench/89 /pscratch/sd/n/nlewi26/pdc_vpicio_bench/9 /pscratch/sd/n/nlewi26/pdc_vpicio_bench/90 /pscratch/sd/n/nlewi26/pdc_vpicio_bench/91 /pscratch/sd/n/nlewi26/pdc_vpicio_bench/92 /pscratch/sd/n/nlewi26/pdc_vpicio_bench/93 /pscratch/sd/n/nlewi26/pdc_vpicio_bench/94 /pscratch/sd/n/nlewi26/pdc_vpicio_bench/95 /pscratch/sd/n/nlewi26/pdc_vpicio_bench/96 /pscratch/sd/n/nlewi26/pdc_vpicio_bench/97 /pscratch/sd/n/nlewi26/pdc_vpicio_bench/98 /pscratch/sd/n/nlewi26/pdc_vpicio_bench/99 /pscratch/sd/n/nlewi26/pdc_vpicio_bench/pdc_data
+ popd
+ srun --overlap -N 64 -n 512 --ntasks-per-node=8 --error=server_vpicio_raw_64.err --output=server_vpicio_raw_64.log ./pdc_server
/pscratch/sd/n/nlewi26/src/work_space/source/pdc/pdc_helper_scripts/io/pdc_vpicio
+ sleep 10
+ pushd /pscratch/sd/n/nlewi26/src/work_space/source/pdc/pdc_helper_scripts/io/pdc_vpicio/../../../build/bin
/pscratch/sd/n/nlewi26/src/work_space/source/pdc/build/bin /pscratch/sd/n/nlewi26/src/work_space/source/pdc/pdc_helper_scripts/io/pdc_vpicio
+ srun --overlap -N 64 -n 2048 --ntasks-per-node=32 --error=client_vpicio_raw_64.err --output=client_vpicio_raw_64.log ./vpicio 8388608 5 40 raw
+ popd
/pscratch/sd/n/nlewi26/src/work_space/source/pdc/pdc_helper_scripts/io/pdc_vpicio
+ pushd /pscratch/sd/n/nlewi26/src/work_space/source/pdc/pdc_helper_scripts/io/pdc_vpicio/../../../build/bin
/pscratch/sd/n/nlewi26/src/work_space/source/pdc/build/bin /pscratch/sd/n/nlewi26/src/work_space/source/pdc/pdc_helper_scripts/io/pdc_vpicio
+ srun --overlap -N 64 -n 2048 --ntasks-per-node=32 --error=verify_vpicio_raw_64.err --output=verify_vpicio_raw_64.log ./vpicio_verify 8388608 5
srun: error: nid004149: task 0: Exited with exit code 1
srun: Terminating StepId=59024523.10
+ pushd /pscratch/sd/n/nlewi26/src/work_space/source/pdc/pdc_helper_scripts/io/pdc_vpicio/../../../build/bin
/pscratch/sd/n/nlewi26/src/work_space/source/pdc/build/bin /pscratch/sd/n/nlewi26/src/work_space/source/pdc/pdc_helper_scripts/io/pdc_vpicio
+ srun --overlap -N 64 -n 512 --ntasks-per-node=8 --error=close_server_vpicio_raw_64.err --output=close_server_vpicio_raw_64.log ./close_server
srun: error: nid004149: task 0: Segmentation fault
srun: Terminating StepId=59024523.8
srun: error: nid004149: tasks 1-7: Terminated
srun: error: nid005361: tasks 24-31: Terminated
srun: error: nid005473: tasks 96-103: Terminated
srun: error: nid006392: tasks 264-271: Terminated
srun: error: nid006534: tasks 320-327: Terminated
srun: error: nid006689: tasks 400-407: Terminated
srun: error: nid005403: tasks 48-55: Terminated
srun: error: nid006510: tasks 304-311: Terminated
srun: error: nid005686: tasks 112-119: Terminated
srun: error: nid006638: tasks 384-391: Terminated
srun: error: nid006736: tasks 432-439: Terminated
srun: error: nid005840: tasks 128-135: Terminated
srun: error: nid006544: tasks 336-343: Terminated
srun: error: nid005420: tasks 64-71: Terminated
srun: error: nid006779: tasks 448-455: Terminated
srun: error: nid006186: tasks 240-247: Terminated
srun: error: nid006698: tasks 416-423: Terminated
srun: error: nid006593: tasks 368-375: Terminated
srun: error: nid005863: tasks 136-143: Terminated
srun: error: nid006693: tasks 408-415: Terminated
srun: error: nid006532: tasks 312-319: Terminated
srun: error: nid005949: tasks 176-183: Terminated
srun: error: nid005372: tasks 40-47: Terminated
srun: error: nid006587: tasks 360-367: Terminated
srun: error: nid006302: tasks 256-263: Terminated
srun: error: nid005896: tasks 152-159: Terminated
srun: error: nid006493: tasks 296-303: Terminated
srun: error: nid006653: tasks 392-399: Terminated
srun: error: nid006873: tasks 480-487: Terminated
srun: error: nid005363: tasks 32-39: Terminated
srun: error: nid005351: tasks 8-15: Terminated
srun: error: nid006795: tasks 456-463: Terminated
srun: error: nid005519: tasks 104-111: Terminated
srun: error: nid005418: tasks 56-63: Terminated
srun: error: nid006415: tasks 280-287: Terminated
srun: error: nid006020: tasks 184-191: Terminated
srun: error: nid005358: tasks 16-23: Terminated
srun: error: nid005694: tasks 120-127: Terminated
srun: error: nid005899: tasks 160-167: Terminated
srun: error: nid005443: tasks 72-79: Terminated
srun: error: nid005887: tasks 144-151: Terminated
srun: error: nid006036: tasks 200-207: Terminated
srun: error: nid006034: tasks 192-199: Terminated
srun: error: nid005471: tasks 88-95: Terminated
srun: error: nid006039: tasks 208-215: Terminated
srun: error: nid006773: tasks 440-447: Terminated
srun: error: nid006283: tasks 248-255: Terminated
srun: error: nid006442: tasks 288-295: Terminated
srun: error: nid005445: tasks 80-87: Terminated
srun: error: nid006569: tasks 344-351: Terminated
srun: error: nid006609: tasks 376-383: Terminated
srun: error: nid006090: tasks 216-223: Terminated
srun: error: nid006406: tasks 272-279: Terminated
srun: error: nid006576: tasks 352-359: Terminated
srun: error: nid006988: tasks 504-511: Terminated
srun: error: nid006542: tasks 328-335: Terminated
srun: error: nid006121: tasks 232-239: Terminated
srun: error: nid006838: tasks 472-479: Terminated
srun: error: nid006835: tasks 464-471: Terminated
srun: error: nid006092: tasks 224-231: Terminated
srun: error: nid006926: tasks 488-495: Terminated
srun: error: nid006933: tasks 496-503: Terminated
srun: error: nid005905: tasks 168-175: Terminated
srun: error: nid006708: tasks 424-431: Terminated
srun: Force Terminated StepId=59024523.8
[2026-09-29T17:07:09.326] error: *** JOB 59024523 ON nid004149 CANCELLED AT 2026-09-29T17:07:09 DUE TO TIME LIMIT ***
srun: Job step aborted: Waiting up to 32 seconds for job step to finish.
