+ pushd /pscratch/sd/n/nlewi26/src/work_space/source/pdc/pdc_helper_scripts/curl_analysis_scripts/../../build/bin
/pscratch/sd/n/nlewi26/src/work_space/source/pdc/build/bin /pscratch/sd/n/nlewi26/src/work_space/source/pdc/pdc_helper_scripts/curl_analysis_scripts
+ rm -rf /pscratch/sd/n/nlewi26/pdc_curl_analysis_bench/0 /pscratch/sd/n/nlewi26/pdc_curl_analysis_bench/1 /pscratch/sd/n/nlewi26/pdc_curl_analysis_bench/2 /pscratch/sd/n/nlewi26/pdc_curl_analysis_bench/3 /pscratch/sd/n/nlewi26/pdc_curl_analysis_bench/pdc_data
+ popd
+ srun --overlap -N 4 -n 8 --ntasks-per-node=2 --error=server_curl_eager_4.err --output=server_curl_eager_4.log bash -c 'export HG_HOST=cxi0:$SLURM_LOCALID; exec ./pdc_server'
/pscratch/sd/n/nlewi26/src/work_space/source/pdc/pdc_helper_scripts/curl_analysis_scripts
+ sleep 10
+ pushd /pscratch/sd/n/nlewi26/src/work_space/source/pdc/pdc_helper_scripts/curl_analysis_scripts/../../build/bin
/pscratch/sd/n/nlewi26/src/work_space/source/pdc/build/bin /pscratch/sd/n/nlewi26/src/work_space/source/pdc/pdc_helper_scripts/curl_analysis_scripts
+ srun --overlap -N 4 -n 128 --ntasks-per-node=32 --output=client_curl_eager_4.log --error=client_curl_eager_4.err bash -c 'export HG_HOST=cxi0:$((SLURM_LOCALID + 8)); exec ./bench_curl_eager "$NX" "$NY" "$NZ_PER_RANK" "$COMPRESS"'
+ popd
/pscratch/sd/n/nlewi26/src/work_space/source/pdc/pdc_helper_scripts/curl_analysis_scripts
++ grep '^curl_eager,' /pscratch/sd/n/nlewi26/src/work_space/source/pdc/pdc_helper_scripts/curl_analysis_scripts/../../build/bin/client_curl_eager_4.log
+ lines='curl_eager,0,128,256,256,64,0,0.110171,6.910688,0.541499,7.562358,0
curl_eager,1,128,256,256,64,0,0.110171,7.030380,0.499288,7.639838,0
curl_eager,2,128,256,256,64,0,0.110171,6.647341,0.581459,7.338971,0'
+ '[' -z 'curl_eager,0,128,256,256,64,0,0.110171,6.910688,0.541499,7.562358,0
curl_eager,1,128,256,256,64,0,0.110171,7.030380,0.499288,7.639838,0
curl_eager,2,128,256,256,64,0,0.110171,6.647341,0.581459,7.338971,0' ']'
+ echo 'curl_eager,0,128,256,256,64,0,0.110171,6.910688,0.541499,7.562358,0
curl_eager,1,128,256,256,64,0,0.110171,7.030380,0.499288,7.639838,0
curl_eager,2,128,256,256,64,0,0.110171,6.647341,0.581459,7.338971,0'
+ pushd /pscratch/sd/n/nlewi26/src/work_space/source/pdc/pdc_helper_scripts/curl_analysis_scripts/../../build/bin
/pscratch/sd/n/nlewi26/src/work_space/source/pdc/build/bin /pscratch/sd/n/nlewi26/src/work_space/source/pdc/pdc_helper_scripts/curl_analysis_scripts
+ srun --overlap -N 4 -n 8 --ntasks-per-node=2 --error=close_server_curl_eager_4.err --output=close_server_curl_eager_4.log bash -c 'export HG_HOST=cxi0:$((SLURM_LOCALID + 8)); exec ./close_server'
+ popd
/pscratch/sd/n/nlewi26/src/work_space/source/pdc/pdc_helper_scripts/curl_analysis_scripts
+ sleep 2
Data size check: expected=70866960384 bytes, actual=70867738624 bytes
OK: actual/expected data size ratio 1.000 within tolerance
Done. Results in /pscratch/sd/n/nlewi26/src/work_space/source/pdc/pdc_helper_scripts/curl_analysis_scripts/results_curl_eager_58917432.csv
