+ pushd /pscratch/sd/n/nlewi26/src/work_space/source/pdc/pdc_helper_scripts/analysis_scripts/../../build/bin
/pscratch/sd/n/nlewi26/src/work_space/source/pdc/build/bin /pscratch/sd/n/nlewi26/src/work_space/source/pdc/pdc_helper_scripts/analysis_scripts
+ rm -rf /pscratch/sd/n/nlewi26/pdc_analysis_bench/0 /pscratch/sd/n/nlewi26/pdc_analysis_bench/1 /pscratch/sd/n/nlewi26/pdc_analysis_bench/pdc_data
+ popd
/pscratch/sd/n/nlewi26/src/work_space/source/pdc/pdc_helper_scripts/analysis_scripts
+ srun -N 2 -n 4 --ntasks-per-node=2 --error=server_lazy_2.err --output=server_lazy_2.log bash -c 'export HG_HOST=cxi0:$SLURM_LOCALID; exec ./pdc_server'
+ sleep 10
+ pushd /pscratch/sd/n/nlewi26/src/work_space/source/pdc/pdc_helper_scripts/analysis_scripts/../../build/bin
/pscratch/sd/n/nlewi26/src/work_space/source/pdc/build/bin /pscratch/sd/n/nlewi26/src/work_space/source/pdc/pdc_helper_scripts/analysis_scripts
+ srun -N 2 -n 64 --ntasks-per-node=32 --output=client_lazy_2.log --error=client_lazy_2.err bash -c 'export HG_HOST=cxi0:$((SLURM_LOCALID + 8)); exec ./bench_magnitude lazy "$N_ELEM"'
+ popd
/pscratch/sd/n/nlewi26/src/work_space/source/pdc/pdc_helper_scripts/analysis_scripts
++ grep '^lazy,' /pscratch/sd/n/nlewi26/src/work_space/source/pdc/pdc_helper_scripts/analysis_scripts/../../build/bin/client_lazy_2.log
+ lines='lazy,0,64,16777216,0.103153,5.120123,0.000000,0.000000,0.000000,6.836745,11.956868,0
lazy,1,64,16777216,0.103153,5.277222,0.000000,0.000000,0.000000,5.956291,11.233513,0
lazy,2,64,16777216,0.103153,4.259069,0.000000,0.000000,0.000000,5.968212,10.227281,0'
+ '[' -z 'lazy,0,64,16777216,0.103153,5.120123,0.000000,0.000000,0.000000,6.836745,11.956868,0
lazy,1,64,16777216,0.103153,5.277222,0.000000,0.000000,0.000000,5.956291,11.233513,0
lazy,2,64,16777216,0.103153,4.259069,0.000000,0.000000,0.000000,5.968212,10.227281,0' ']'
+ echo 'lazy,0,64,16777216,0.103153,5.120123,0.000000,0.000000,0.000000,6.836745,11.956868,0
lazy,1,64,16777216,0.103153,5.277222,0.000000,0.000000,0.000000,5.956291,11.233513,0
lazy,2,64,16777216,0.103153,4.259069,0.000000,0.000000,0.000000,5.968212,10.227281,0'
+ pushd /pscratch/sd/n/nlewi26/src/work_space/source/pdc/pdc_helper_scripts/analysis_scripts/../../build/bin
/pscratch/sd/n/nlewi26/src/work_space/source/pdc/build/bin /pscratch/sd/n/nlewi26/src/work_space/source/pdc/pdc_helper_scripts/analysis_scripts
+ srun -N 2 -n 4 --ntasks-per-node=2 --error=close_server_lazy_2.err --output=close_server_lazy_2.log bash -c 'export HG_HOST=cxi0:$((SLURM_LOCALID + 8)); exec ./close_server'
+ popd
/pscratch/sd/n/nlewi26/src/work_space/source/pdc/pdc_helper_scripts/analysis_scripts
+ sleep 2
Done. Results in /pscratch/sd/n/nlewi26/src/work_space/source/pdc/pdc_helper_scripts/analysis_scripts/results_lazy_58918056.csv
