+ pushd /pscratch/sd/n/nlewi26/src/work_space/source/pdc/pdc_helper_scripts/analysis_scripts/../../build/bin
/pscratch/sd/n/nlewi26/src/work_space/source/pdc/build/bin /pscratch/sd/n/nlewi26/src/work_space/source/pdc/pdc_helper_scripts/analysis_scripts
+ rm -rf /pscratch/sd/n/nlewi26/pdc_analysis_bench/0 /pscratch/sd/n/nlewi26/pdc_analysis_bench/1 /pscratch/sd/n/nlewi26/pdc_analysis_bench/10 /pscratch/sd/n/nlewi26/pdc_analysis_bench/11 /pscratch/sd/n/nlewi26/pdc_analysis_bench/12 /pscratch/sd/n/nlewi26/pdc_analysis_bench/13 /pscratch/sd/n/nlewi26/pdc_analysis_bench/14 /pscratch/sd/n/nlewi26/pdc_analysis_bench/15 /pscratch/sd/n/nlewi26/pdc_analysis_bench/16 /pscratch/sd/n/nlewi26/pdc_analysis_bench/17 /pscratch/sd/n/nlewi26/pdc_analysis_bench/18 /pscratch/sd/n/nlewi26/pdc_analysis_bench/19 /pscratch/sd/n/nlewi26/pdc_analysis_bench/2 /pscratch/sd/n/nlewi26/pdc_analysis_bench/20 /pscratch/sd/n/nlewi26/pdc_analysis_bench/21 /pscratch/sd/n/nlewi26/pdc_analysis_bench/22 /pscratch/sd/n/nlewi26/pdc_analysis_bench/23 /pscratch/sd/n/nlewi26/pdc_analysis_bench/24 /pscratch/sd/n/nlewi26/pdc_analysis_bench/25 /pscratch/sd/n/nlewi26/pdc_analysis_bench/26 /pscratch/sd/n/nlewi26/pdc_analysis_bench/27 /pscratch/sd/n/nlewi26/pdc_analysis_bench/28 /pscratch/sd/n/nlewi26/pdc_analysis_bench/29 /pscratch/sd/n/nlewi26/pdc_analysis_bench/3 /pscratch/sd/n/nlewi26/pdc_analysis_bench/30 /pscratch/sd/n/nlewi26/pdc_analysis_bench/31 /pscratch/sd/n/nlewi26/pdc_analysis_bench/4 /pscratch/sd/n/nlewi26/pdc_analysis_bench/5 /pscratch/sd/n/nlewi26/pdc_analysis_bench/6 /pscratch/sd/n/nlewi26/pdc_analysis_bench/7 /pscratch/sd/n/nlewi26/pdc_analysis_bench/8 /pscratch/sd/n/nlewi26/pdc_analysis_bench/9 /pscratch/sd/n/nlewi26/pdc_analysis_bench/pdc_data
+ popd
/pscratch/sd/n/nlewi26/src/work_space/source/pdc/pdc_helper_scripts/analysis_scripts
+ srun -N 1 -n 2 --ntasks-per-node=2 --error=server_eager_1.err --output=server_eager_1.log bash -c 'export HG_HOST=cxi0:$SLURM_LOCALID; exec ./pdc_server'
+ sleep 10
+ pushd /pscratch/sd/n/nlewi26/src/work_space/source/pdc/pdc_helper_scripts/analysis_scripts/../../build/bin
/pscratch/sd/n/nlewi26/src/work_space/source/pdc/build/bin /pscratch/sd/n/nlewi26/src/work_space/source/pdc/pdc_helper_scripts/analysis_scripts
+ srun -N 1 -n 32 --ntasks-per-node=32 --output=client_eager_1.log --error=client_eager_1.err bash -c 'export HG_HOST=cxi0:$((SLURM_LOCALID + 8)); exec ./bench_magnitude eager "$N_ELEM"'
+ popd
/pscratch/sd/n/nlewi26/src/work_space/source/pdc/pdc_helper_scripts/analysis_scripts
++ grep '^eager,' /pscratch/sd/n/nlewi26/src/work_space/source/pdc/pdc_helper_scripts/analysis_scripts/../../build/bin/client_eager_1.log
+ lines='eager,0,32,16777216,0.250892,9.110522,0.000000,0.000000,0.000000,1.160944,10.271466,0
eager,1,32,16777216,0.250892,9.009189,0.000000,0.000000,0.000000,1.164385,10.173573,0
eager,2,32,16777216,0.250892,9.025750,0.000000,0.000000,0.000000,1.170337,10.196087,0'
+ '[' -z 'eager,0,32,16777216,0.250892,9.110522,0.000000,0.000000,0.000000,1.160944,10.271466,0
eager,1,32,16777216,0.250892,9.009189,0.000000,0.000000,0.000000,1.164385,10.173573,0
eager,2,32,16777216,0.250892,9.025750,0.000000,0.000000,0.000000,1.170337,10.196087,0' ']'
+ echo 'eager,0,32,16777216,0.250892,9.110522,0.000000,0.000000,0.000000,1.160944,10.271466,0
eager,1,32,16777216,0.250892,9.009189,0.000000,0.000000,0.000000,1.164385,10.173573,0
eager,2,32,16777216,0.250892,9.025750,0.000000,0.000000,0.000000,1.170337,10.196087,0'
+ pushd /pscratch/sd/n/nlewi26/src/work_space/source/pdc/pdc_helper_scripts/analysis_scripts/../../build/bin
/pscratch/sd/n/nlewi26/src/work_space/source/pdc/build/bin /pscratch/sd/n/nlewi26/src/work_space/source/pdc/pdc_helper_scripts/analysis_scripts
+ srun -N 1 -n 2 --ntasks-per-node=2 --error=close_server_eager_1.err --output=close_server_eager_1.log bash -c 'export HG_HOST=cxi0:$((SLURM_LOCALID + 8)); exec ./close_server'
+ popd
/pscratch/sd/n/nlewi26/src/work_space/source/pdc/pdc_helper_scripts/analysis_scripts
+ sleep 2
Done. Results in /pscratch/sd/n/nlewi26/src/work_space/source/pdc/pdc_helper_scripts/analysis_scripts/results_eager_58898903.csv
