+ pushd /pscratch/sd/n/nlewi26/src/work_space/source/pdc/pdc_helper_scripts/io/pdc_vpicio/../../../build/bin
/pscratch/sd/n/nlewi26/src/work_space/source/pdc/build/bin /pscratch/sd/n/nlewi26/src/work_space/source/pdc/pdc_helper_scripts/io/pdc_vpicio
+ rm -rf /pscratch/sd/n/nlewi26/pdc_vpicio_bench/0 /pscratch/sd/n/nlewi26/pdc_vpicio_bench/1 /pscratch/sd/n/nlewi26/pdc_vpicio_bench/10 /pscratch/sd/n/nlewi26/pdc_vpicio_bench/100 /pscratch/sd/n/nlewi26/pdc_vpicio_bench/101 /pscratch/sd/n/nlewi26/pdc_vpicio_bench/102 /pscratch/sd/n/nlewi26/pdc_vpicio_bench/103 /pscratch/sd/n/nlewi26/pdc_vpicio_bench/104 /pscratch/sd/n/nlewi26/pdc_vpicio_bench/105 /pscratch/sd/n/nlewi26/pdc_vpicio_bench/106 /pscratch/sd/n/nlewi26/pdc_vpicio_bench/107 /pscratch/sd/n/nlewi26/pdc_vpicio_bench/108 /pscratch/sd/n/nlewi26/pdc_vpicio_bench/109 /pscratch/sd/n/nlewi26/pdc_vpicio_bench/11 /pscratch/sd/n/nlewi26/pdc_vpicio_bench/110 /pscratch/sd/n/nlewi26/pdc_vpicio_bench/111 /pscratch/sd/n/nlewi26/pdc_vpicio_bench/112 /pscratch/sd/n/nlewi26/pdc_vpicio_bench/113 /pscratch/sd/n/nlewi26/pdc_vpicio_bench/114 /pscratch/sd/n/nlewi26/pdc_vpicio_bench/115 /pscratch/sd/n/nlewi26/pdc_vpicio_bench/116 /pscratch/sd/n/nlewi26/pdc_vpicio_bench/117 /pscratch/sd/n/nlewi26/pdc_vpicio_bench/118 /pscratch/sd/n/nlewi26/pdc_vpicio_bench/119 /pscratch/sd/n/nlewi26/pdc_vpicio_bench/12 /pscratch/sd/n/nlewi26/pdc_vpicio_bench/120 /pscratch/sd/n/nlewi26/pdc_vpicio_bench/121 /pscratch/sd/n/nlewi26/pdc_vpicio_bench/122 /pscratch/sd/n/nlewi26/pdc_vpicio_bench/123 /pscratch/sd/n/nlewi26/pdc_vpicio_bench/124 /pscratch/sd/n/nlewi26/pdc_vpicio_bench/125 /pscratch/sd/n/nlewi26/pdc_vpicio_bench/126 /pscratch/sd/n/nlewi26/pdc_vpicio_bench/127 /pscratch/sd/n/nlewi26/pdc_vpicio_bench/13 /pscratch/sd/n/nlewi26/pdc_vpicio_bench/14 /pscratch/sd/n/nlewi26/pdc_vpicio_bench/15 /pscratch/sd/n/nlewi26/pdc_vpicio_bench/16 /pscratch/sd/n/nlewi26/pdc_vpicio_bench/17 /pscratch/sd/n/nlewi26/pdc_vpicio_bench/18 /pscratch/sd/n/nlewi26/pdc_vpicio_bench/19 /pscratch/sd/n/nlewi26/pdc_vpicio_bench/2 /pscratch/sd/n/nlewi26/pdc_vpicio_bench/20 /pscratch/sd/n/nlewi26/pdc_vpicio_bench/21 /pscratch/sd/n/nlewi26/pdc_vpicio_bench/22 /pscratch/sd/n/nlewi26/pdc_vpicio_bench/23 /pscratch/sd/n/nlewi26/pdc_vpicio_bench/24 /pscratch/sd/n/nlewi26/pdc_vpicio_bench/25 /pscratch/sd/n/nlewi26/pdc_vpicio_bench/26 /pscratch/sd/n/nlewi26/pdc_vpicio_bench/27 /pscratch/sd/n/nlewi26/pdc_vpicio_bench/28 /pscratch/sd/n/nlewi26/pdc_vpicio_bench/29 /pscratch/sd/n/nlewi26/pdc_vpicio_bench/3 /pscratch/sd/n/nlewi26/pdc_vpicio_bench/30 /pscratch/sd/n/nlewi26/pdc_vpicio_bench/31 /pscratch/sd/n/nlewi26/pdc_vpicio_bench/32 /pscratch/sd/n/nlewi26/pdc_vpicio_bench/33 /pscratch/sd/n/nlewi26/pdc_vpicio_bench/34 /pscratch/sd/n/nlewi26/pdc_vpicio_bench/35 /pscratch/sd/n/nlewi26/pdc_vpicio_bench/36 /pscratch/sd/n/nlewi26/pdc_vpicio_bench/37 /pscratch/sd/n/nlewi26/pdc_vpicio_bench/38 /pscratch/sd/n/nlewi26/pdc_vpicio_bench/39 /pscratch/sd/n/nlewi26/pdc_vpicio_bench/4 /pscratch/sd/n/nlewi26/pdc_vpicio_bench/40 /pscratch/sd/n/nlewi26/pdc_vpicio_bench/41 /pscratch/sd/n/nlewi26/pdc_vpicio_bench/42 /pscratch/sd/n/nlewi26/pdc_vpicio_bench/43 /pscratch/sd/n/nlewi26/pdc_vpicio_bench/44 /pscratch/sd/n/nlewi26/pdc_vpicio_bench/45 /pscratch/sd/n/nlewi26/pdc_vpicio_bench/46 /pscratch/sd/n/nlewi26/pdc_vpicio_bench/47 /pscratch/sd/n/nlewi26/pdc_vpicio_bench/48 /pscratch/sd/n/nlewi26/pdc_vpicio_bench/49 /pscratch/sd/n/nlewi26/pdc_vpicio_bench/5 /pscratch/sd/n/nlewi26/pdc_vpicio_bench/50 /pscratch/sd/n/nlewi26/pdc_vpicio_bench/51 /pscratch/sd/n/nlewi26/pdc_vpicio_bench/52 /pscratch/sd/n/nlewi26/pdc_vpicio_bench/53 /pscratch/sd/n/nlewi26/pdc_vpicio_bench/54 /pscratch/sd/n/nlewi26/pdc_vpicio_bench/55 /pscratch/sd/n/nlewi26/pdc_vpicio_bench/56 /pscratch/sd/n/nlewi26/pdc_vpicio_bench/57 /pscratch/sd/n/nlewi26/pdc_vpicio_bench/58 /pscratch/sd/n/nlewi26/pdc_vpicio_bench/59 /pscratch/sd/n/nlewi26/pdc_vpicio_bench/6 /pscratch/sd/n/nlewi26/pdc_vpicio_bench/60 /pscratch/sd/n/nlewi26/pdc_vpicio_bench/61 /pscratch/sd/n/nlewi26/pdc_vpicio_bench/62 /pscratch/sd/n/nlewi26/pdc_vpicio_bench/63 /pscratch/sd/n/nlewi26/pdc_vpicio_bench/64 /pscratch/sd/n/nlewi26/pdc_vpicio_bench/65 /pscratch/sd/n/nlewi26/pdc_vpicio_bench/66 /pscratch/sd/n/nlewi26/pdc_vpicio_bench/67 /pscratch/sd/n/nlewi26/pdc_vpicio_bench/68 /pscratch/sd/n/nlewi26/pdc_vpicio_bench/69 /pscratch/sd/n/nlewi26/pdc_vpicio_bench/7 /pscratch/sd/n/nlewi26/pdc_vpicio_bench/70 /pscratch/sd/n/nlewi26/pdc_vpicio_bench/71 /pscratch/sd/n/nlewi26/pdc_vpicio_bench/72 /pscratch/sd/n/nlewi26/pdc_vpicio_bench/73 /pscratch/sd/n/nlewi26/pdc_vpicio_bench/74 /pscratch/sd/n/nlewi26/pdc_vpicio_bench/75 /pscratch/sd/n/nlewi26/pdc_vpicio_bench/76 /pscratch/sd/n/nlewi26/pdc_vpicio_bench/77 /pscratch/sd/n/nlewi26/pdc_vpicio_bench/78 /pscratch/sd/n/nlewi26/pdc_vpicio_bench/79 /pscratch/sd/n/nlewi26/pdc_vpicio_bench/8 /pscratch/sd/n/nlewi26/pdc_vpicio_bench/80 /pscratch/sd/n/nlewi26/pdc_vpicio_bench/81 /pscratch/sd/n/nlewi26/pdc_vpicio_bench/82 /pscratch/sd/n/nlewi26/pdc_vpicio_bench/83 /pscratch/sd/n/nlewi26/pdc_vpicio_bench/84 /pscratch/sd/n/nlewi26/pdc_vpicio_bench/85 /pscratch/sd/n/nlewi26/pdc_vpicio_bench/86 /pscratch/sd/n/nlewi26/pdc_vpicio_bench/87 /pscratch/sd/n/nlewi26/pdc_vpicio_bench/88 /pscratch/sd/n/nlewi26/pdc_vpicio_bench/89 /pscratch/sd/n/nlewi26/pdc_vpicio_bench/9 /pscratch/sd/n/nlewi26/pdc_vpicio_bench/90 /pscratch/sd/n/nlewi26/pdc_vpicio_bench/91 /pscratch/sd/n/nlewi26/pdc_vpicio_bench/92 /pscratch/sd/n/nlewi26/pdc_vpicio_bench/93 /pscratch/sd/n/nlewi26/pdc_vpicio_bench/94 /pscratch/sd/n/nlewi26/pdc_vpicio_bench/95 /pscratch/sd/n/nlewi26/pdc_vpicio_bench/96 /pscratch/sd/n/nlewi26/pdc_vpicio_bench/97 /pscratch/sd/n/nlewi26/pdc_vpicio_bench/98 /pscratch/sd/n/nlewi26/pdc_vpicio_bench/99 /pscratch/sd/n/nlewi26/pdc_vpicio_bench/pdc_data
+ popd
/pscratch/sd/n/nlewi26/src/work_space/source/pdc/pdc_helper_scripts/io/pdc_vpicio
+ sleep 10
+ srun --overlap -N 32 -n 64 --ntasks-per-node=2 --error=server_vpicio_raw_32.err --output=server_vpicio_raw_32.log ./pdc_server
+ pushd /pscratch/sd/n/nlewi26/src/work_space/source/pdc/pdc_helper_scripts/io/pdc_vpicio/../../../build/bin
/pscratch/sd/n/nlewi26/src/work_space/source/pdc/build/bin /pscratch/sd/n/nlewi26/src/work_space/source/pdc/pdc_helper_scripts/io/pdc_vpicio
+ srun --overlap -N 32 -n 1024 --ntasks-per-node=32 --error=client_vpicio_raw_32.err --output=client_vpicio_raw_32.log ./vpicio 8388608 5 40 raw
+ popd
/pscratch/sd/n/nlewi26/src/work_space/source/pdc/pdc_helper_scripts/io/pdc_vpicio
+ pushd /pscratch/sd/n/nlewi26/src/work_space/source/pdc/pdc_helper_scripts/io/pdc_vpicio/../../../build/bin
/pscratch/sd/n/nlewi26/src/work_space/source/pdc/build/bin /pscratch/sd/n/nlewi26/src/work_space/source/pdc/pdc_helper_scripts/io/pdc_vpicio
+ srun --overlap -N 32 -n 1024 --ntasks-per-node=32 --error=verify_vpicio_raw_32.err --output=verify_vpicio_raw_32.log ./vpicio_verify 8388608 5
srun: error: nid006061: task 0: Exited with exit code 1
srun: Terminating StepId=59024522.2
+ pushd /pscratch/sd/n/nlewi26/src/work_space/source/pdc/pdc_helper_scripts/io/pdc_vpicio/../../../build/bin
/pscratch/sd/n/nlewi26/src/work_space/source/pdc/build/bin /pscratch/sd/n/nlewi26/src/work_space/source/pdc/pdc_helper_scripts/io/pdc_vpicio
+ srun --overlap -N 32 -n 64 --ntasks-per-node=2 --error=close_server_vpicio_raw_32.err --output=close_server_vpicio_raw_32.log ./close_server
+ popd
/pscratch/sd/n/nlewi26/src/work_space/source/pdc/pdc_helper_scripts/io/pdc_vpicio
+ pushd /pscratch/sd/n/nlewi26/src/work_space/source/pdc/pdc_helper_scripts/io/pdc_vpicio/../../../build/bin
/pscratch/sd/n/nlewi26/src/work_space/source/pdc/build/bin /pscratch/sd/n/nlewi26/src/work_space/source/pdc/pdc_helper_scripts/io/pdc_vpicio
+ rm -rf /pscratch/sd/n/nlewi26/pdc_vpicio_bench/0 /pscratch/sd/n/nlewi26/pdc_vpicio_bench/1 /pscratch/sd/n/nlewi26/pdc_vpicio_bench/10 /pscratch/sd/n/nlewi26/pdc_vpicio_bench/11 /pscratch/sd/n/nlewi26/pdc_vpicio_bench/12 /pscratch/sd/n/nlewi26/pdc_vpicio_bench/13 /pscratch/sd/n/nlewi26/pdc_vpicio_bench/14 /pscratch/sd/n/nlewi26/pdc_vpicio_bench/15 /pscratch/sd/n/nlewi26/pdc_vpicio_bench/16 /pscratch/sd/n/nlewi26/pdc_vpicio_bench/17 /pscratch/sd/n/nlewi26/pdc_vpicio_bench/18 /pscratch/sd/n/nlewi26/pdc_vpicio_bench/19 /pscratch/sd/n/nlewi26/pdc_vpicio_bench/2 /pscratch/sd/n/nlewi26/pdc_vpicio_bench/20 /pscratch/sd/n/nlewi26/pdc_vpicio_bench/21 /pscratch/sd/n/nlewi26/pdc_vpicio_bench/22 /pscratch/sd/n/nlewi26/pdc_vpicio_bench/23 /pscratch/sd/n/nlewi26/pdc_vpicio_bench/24 /pscratch/sd/n/nlewi26/pdc_vpicio_bench/25 /pscratch/sd/n/nlewi26/pdc_vpicio_bench/26 /pscratch/sd/n/nlewi26/pdc_vpicio_bench/27 /pscratch/sd/n/nlewi26/pdc_vpicio_bench/28 /pscratch/sd/n/nlewi26/pdc_vpicio_bench/29 /pscratch/sd/n/nlewi26/pdc_vpicio_bench/3 /pscratch/sd/n/nlewi26/pdc_vpicio_bench/30 /pscratch/sd/n/nlewi26/pdc_vpicio_bench/31 /pscratch/sd/n/nlewi26/pdc_vpicio_bench/32 /pscratch/sd/n/nlewi26/pdc_vpicio_bench/33 /pscratch/sd/n/nlewi26/pdc_vpicio_bench/34 /pscratch/sd/n/nlewi26/pdc_vpicio_bench/35 /pscratch/sd/n/nlewi26/pdc_vpicio_bench/36 /pscratch/sd/n/nlewi26/pdc_vpicio_bench/37 /pscratch/sd/n/nlewi26/pdc_vpicio_bench/38 /pscratch/sd/n/nlewi26/pdc_vpicio_bench/39 /pscratch/sd/n/nlewi26/pdc_vpicio_bench/4 /pscratch/sd/n/nlewi26/pdc_vpicio_bench/40 /pscratch/sd/n/nlewi26/pdc_vpicio_bench/41 /pscratch/sd/n/nlewi26/pdc_vpicio_bench/42 /pscratch/sd/n/nlewi26/pdc_vpicio_bench/43 /pscratch/sd/n/nlewi26/pdc_vpicio_bench/44 /pscratch/sd/n/nlewi26/pdc_vpicio_bench/45 /pscratch/sd/n/nlewi26/pdc_vpicio_bench/46 /pscratch/sd/n/nlewi26/pdc_vpicio_bench/47 /pscratch/sd/n/nlewi26/pdc_vpicio_bench/48 /pscratch/sd/n/nlewi26/pdc_vpicio_bench/49 /pscratch/sd/n/nlewi26/pdc_vpicio_bench/5 /pscratch/sd/n/nlewi26/pdc_vpicio_bench/50 /pscratch/sd/n/nlewi26/pdc_vpicio_bench/51 /pscratch/sd/n/nlewi26/pdc_vpicio_bench/52 /pscratch/sd/n/nlewi26/pdc_vpicio_bench/53 /pscratch/sd/n/nlewi26/pdc_vpicio_bench/54 /pscratch/sd/n/nlewi26/pdc_vpicio_bench/55 /pscratch/sd/n/nlewi26/pdc_vpicio_bench/56 /pscratch/sd/n/nlewi26/pdc_vpicio_bench/57 /pscratch/sd/n/nlewi26/pdc_vpicio_bench/58 /pscratch/sd/n/nlewi26/pdc_vpicio_bench/59 /pscratch/sd/n/nlewi26/pdc_vpicio_bench/6 /pscratch/sd/n/nlewi26/pdc_vpicio_bench/60 /pscratch/sd/n/nlewi26/pdc_vpicio_bench/61 /pscratch/sd/n/nlewi26/pdc_vpicio_bench/62 /pscratch/sd/n/nlewi26/pdc_vpicio_bench/63 /pscratch/sd/n/nlewi26/pdc_vpicio_bench/7 /pscratch/sd/n/nlewi26/pdc_vpicio_bench/8 /pscratch/sd/n/nlewi26/pdc_vpicio_bench/9 /pscratch/sd/n/nlewi26/pdc_vpicio_bench/pdc_data
+ popd
/pscratch/sd/n/nlewi26/src/work_space/source/pdc/pdc_helper_scripts/io/pdc_vpicio
+ srun --overlap -N 32 -n 128 --ntasks-per-node=4 --error=server_vpicio_raw_32.err --output=server_vpicio_raw_32.log ./pdc_server
+ sleep 10
+ pushd /pscratch/sd/n/nlewi26/src/work_space/source/pdc/pdc_helper_scripts/io/pdc_vpicio/../../../build/bin
/pscratch/sd/n/nlewi26/src/work_space/source/pdc/build/bin /pscratch/sd/n/nlewi26/src/work_space/source/pdc/pdc_helper_scripts/io/pdc_vpicio
+ srun --overlap -N 32 -n 1024 --ntasks-per-node=32 --error=client_vpicio_raw_32.err --output=client_vpicio_raw_32.log ./vpicio 8388608 5 40 raw
+ popd
/pscratch/sd/n/nlewi26/src/work_space/source/pdc/pdc_helper_scripts/io/pdc_vpicio
+ pushd /pscratch/sd/n/nlewi26/src/work_space/source/pdc/pdc_helper_scripts/io/pdc_vpicio/../../../build/bin
/pscratch/sd/n/nlewi26/src/work_space/source/pdc/build/bin /pscratch/sd/n/nlewi26/src/work_space/source/pdc/pdc_helper_scripts/io/pdc_vpicio
+ srun --overlap -N 32 -n 1024 --ntasks-per-node=32 --error=verify_vpicio_raw_32.err --output=verify_vpicio_raw_32.log ./vpicio_verify 8388608 5
srun: error: nid006061: task 0: Exited with exit code 1
srun: Terminating StepId=59024522.6
+ pushd /pscratch/sd/n/nlewi26/src/work_space/source/pdc/pdc_helper_scripts/io/pdc_vpicio/../../../build/bin
/pscratch/sd/n/nlewi26/src/work_space/source/pdc/build/bin /pscratch/sd/n/nlewi26/src/work_space/source/pdc/pdc_helper_scripts/io/pdc_vpicio
+ srun --overlap -N 32 -n 128 --ntasks-per-node=4 --error=close_server_vpicio_raw_32.err --output=close_server_vpicio_raw_32.log ./close_server
+ popd
/pscratch/sd/n/nlewi26/src/work_space/source/pdc/pdc_helper_scripts/io/pdc_vpicio
+ pushd /pscratch/sd/n/nlewi26/src/work_space/source/pdc/pdc_helper_scripts/io/pdc_vpicio/../../../build/bin
/pscratch/sd/n/nlewi26/src/work_space/source/pdc/build/bin /pscratch/sd/n/nlewi26/src/work_space/source/pdc/pdc_helper_scripts/io/pdc_vpicio
+ rm -rf /pscratch/sd/n/nlewi26/pdc_vpicio_bench/0 /pscratch/sd/n/nlewi26/pdc_vpicio_bench/1 /pscratch/sd/n/nlewi26/pdc_vpicio_bench/10 /pscratch/sd/n/nlewi26/pdc_vpicio_bench/100 /pscratch/sd/n/nlewi26/pdc_vpicio_bench/101 /pscratch/sd/n/nlewi26/pdc_vpicio_bench/102 /pscratch/sd/n/nlewi26/pdc_vpicio_bench/103 /pscratch/sd/n/nlewi26/pdc_vpicio_bench/104 /pscratch/sd/n/nlewi26/pdc_vpicio_bench/105 /pscratch/sd/n/nlewi26/pdc_vpicio_bench/106 /pscratch/sd/n/nlewi26/pdc_vpicio_bench/107 /pscratch/sd/n/nlewi26/pdc_vpicio_bench/108 /pscratch/sd/n/nlewi26/pdc_vpicio_bench/109 /pscratch/sd/n/nlewi26/pdc_vpicio_bench/11 /pscratch/sd/n/nlewi26/pdc_vpicio_bench/110 /pscratch/sd/n/nlewi26/pdc_vpicio_bench/111 /pscratch/sd/n/nlewi26/pdc_vpicio_bench/112 /pscratch/sd/n/nlewi26/pdc_vpicio_bench/113 /pscratch/sd/n/nlewi26/pdc_vpicio_bench/114 /pscratch/sd/n/nlewi26/pdc_vpicio_bench/115 /pscratch/sd/n/nlewi26/pdc_vpicio_bench/116 /pscratch/sd/n/nlewi26/pdc_vpicio_bench/117 /pscratch/sd/n/nlewi26/pdc_vpicio_bench/118 /pscratch/sd/n/nlewi26/pdc_vpicio_bench/119 /pscratch/sd/n/nlewi26/pdc_vpicio_bench/12 /pscratch/sd/n/nlewi26/pdc_vpicio_bench/120 /pscratch/sd/n/nlewi26/pdc_vpicio_bench/121 /pscratch/sd/n/nlewi26/pdc_vpicio_bench/122 /pscratch/sd/n/nlewi26/pdc_vpicio_bench/123 /pscratch/sd/n/nlewi26/pdc_vpicio_bench/124 /pscratch/sd/n/nlewi26/pdc_vpicio_bench/125 /pscratch/sd/n/nlewi26/pdc_vpicio_bench/126 /pscratch/sd/n/nlewi26/pdc_vpicio_bench/127 /pscratch/sd/n/nlewi26/pdc_vpicio_bench/13 /pscratch/sd/n/nlewi26/pdc_vpicio_bench/14 /pscratch/sd/n/nlewi26/pdc_vpicio_bench/15 /pscratch/sd/n/nlewi26/pdc_vpicio_bench/16 /pscratch/sd/n/nlewi26/pdc_vpicio_bench/17 /pscratch/sd/n/nlewi26/pdc_vpicio_bench/18 /pscratch/sd/n/nlewi26/pdc_vpicio_bench/19 /pscratch/sd/n/nlewi26/pdc_vpicio_bench/2 /pscratch/sd/n/nlewi26/pdc_vpicio_bench/20 /pscratch/sd/n/nlewi26/pdc_vpicio_bench/21 /pscratch/sd/n/nlewi26/pdc_vpicio_bench/22 /pscratch/sd/n/nlewi26/pdc_vpicio_bench/23 /pscratch/sd/n/nlewi26/pdc_vpicio_bench/24 /pscratch/sd/n/nlewi26/pdc_vpicio_bench/25 /pscratch/sd/n/nlewi26/pdc_vpicio_bench/26 /pscratch/sd/n/nlewi26/pdc_vpicio_bench/27 /pscratch/sd/n/nlewi26/pdc_vpicio_bench/28 /pscratch/sd/n/nlewi26/pdc_vpicio_bench/29 /pscratch/sd/n/nlewi26/pdc_vpicio_bench/3 /pscratch/sd/n/nlewi26/pdc_vpicio_bench/30 /pscratch/sd/n/nlewi26/pdc_vpicio_bench/31 /pscratch/sd/n/nlewi26/pdc_vpicio_bench/32 /pscratch/sd/n/nlewi26/pdc_vpicio_bench/33 /pscratch/sd/n/nlewi26/pdc_vpicio_bench/34 /pscratch/sd/n/nlewi26/pdc_vpicio_bench/35 /pscratch/sd/n/nlewi26/pdc_vpicio_bench/36 /pscratch/sd/n/nlewi26/pdc_vpicio_bench/37 /pscratch/sd/n/nlewi26/pdc_vpicio_bench/38 /pscratch/sd/n/nlewi26/pdc_vpicio_bench/39 /pscratch/sd/n/nlewi26/pdc_vpicio_bench/4 /pscratch/sd/n/nlewi26/pdc_vpicio_bench/40 /pscratch/sd/n/nlewi26/pdc_vpicio_bench/41 /pscratch/sd/n/nlewi26/pdc_vpicio_bench/42 /pscratch/sd/n/nlewi26/pdc_vpicio_bench/43 /pscratch/sd/n/nlewi26/pdc_vpicio_bench/44 /pscratch/sd/n/nlewi26/pdc_vpicio_bench/45 /pscratch/sd/n/nlewi26/pdc_vpicio_bench/46 /pscratch/sd/n/nlewi26/pdc_vpicio_bench/47 /pscratch/sd/n/nlewi26/pdc_vpicio_bench/48 /pscratch/sd/n/nlewi26/pdc_vpicio_bench/49 /pscratch/sd/n/nlewi26/pdc_vpicio_bench/5 /pscratch/sd/n/nlewi26/pdc_vpicio_bench/50 /pscratch/sd/n/nlewi26/pdc_vpicio_bench/51 /pscratch/sd/n/nlewi26/pdc_vpicio_bench/52 /pscratch/sd/n/nlewi26/pdc_vpicio_bench/53 /pscratch/sd/n/nlewi26/pdc_vpicio_bench/54 /pscratch/sd/n/nlewi26/pdc_vpicio_bench/55 /pscratch/sd/n/nlewi26/pdc_vpicio_bench/56 /pscratch/sd/n/nlewi26/pdc_vpicio_bench/57 /pscratch/sd/n/nlewi26/pdc_vpicio_bench/58 /pscratch/sd/n/nlewi26/pdc_vpicio_bench/59 /pscratch/sd/n/nlewi26/pdc_vpicio_bench/6 /pscratch/sd/n/nlewi26/pdc_vpicio_bench/60 /pscratch/sd/n/nlewi26/pdc_vpicio_bench/61 /pscratch/sd/n/nlewi26/pdc_vpicio_bench/62 /pscratch/sd/n/nlewi26/pdc_vpicio_bench/63 /pscratch/sd/n/nlewi26/pdc_vpicio_bench/64 /pscratch/sd/n/nlewi26/pdc_vpicio_bench/65 /pscratch/sd/n/nlewi26/pdc_vpicio_bench/66 /pscratch/sd/n/nlewi26/pdc_vpicio_bench/67 /pscratch/sd/n/nlewi26/pdc_vpicio_bench/68 /pscratch/sd/n/nlewi26/pdc_vpicio_bench/69 /pscratch/sd/n/nlewi26/pdc_vpicio_bench/7 /pscratch/sd/n/nlewi26/pdc_vpicio_bench/70 /pscratch/sd/n/nlewi26/pdc_vpicio_bench/71 /pscratch/sd/n/nlewi26/pdc_vpicio_bench/72 /pscratch/sd/n/nlewi26/pdc_vpicio_bench/73 /pscratch/sd/n/nlewi26/pdc_vpicio_bench/74 /pscratch/sd/n/nlewi26/pdc_vpicio_bench/75 /pscratch/sd/n/nlewi26/pdc_vpicio_bench/76 /pscratch/sd/n/nlewi26/pdc_vpicio_bench/77 /pscratch/sd/n/nlewi26/pdc_vpicio_bench/78 /pscratch/sd/n/nlewi26/pdc_vpicio_bench/79 /pscratch/sd/n/nlewi26/pdc_vpicio_bench/8 /pscratch/sd/n/nlewi26/pdc_vpicio_bench/80 /pscratch/sd/n/nlewi26/pdc_vpicio_bench/81 /pscratch/sd/n/nlewi26/pdc_vpicio_bench/82 /pscratch/sd/n/nlewi26/pdc_vpicio_bench/83 /pscratch/sd/n/nlewi26/pdc_vpicio_bench/84 /pscratch/sd/n/nlewi26/pdc_vpicio_bench/85 /pscratch/sd/n/nlewi26/pdc_vpicio_bench/86 /pscratch/sd/n/nlewi26/pdc_vpicio_bench/87 /pscratch/sd/n/nlewi26/pdc_vpicio_bench/88 /pscratch/sd/n/nlewi26/pdc_vpicio_bench/89 /pscratch/sd/n/nlewi26/pdc_vpicio_bench/9 /pscratch/sd/n/nlewi26/pdc_vpicio_bench/90 /pscratch/sd/n/nlewi26/pdc_vpicio_bench/91 /pscratch/sd/n/nlewi26/pdc_vpicio_bench/92 /pscratch/sd/n/nlewi26/pdc_vpicio_bench/93 /pscratch/sd/n/nlewi26/pdc_vpicio_bench/94 /pscratch/sd/n/nlewi26/pdc_vpicio_bench/95 /pscratch/sd/n/nlewi26/pdc_vpicio_bench/96 /pscratch/sd/n/nlewi26/pdc_vpicio_bench/97 /pscratch/sd/n/nlewi26/pdc_vpicio_bench/98 /pscratch/sd/n/nlewi26/pdc_vpicio_bench/99 /pscratch/sd/n/nlewi26/pdc_vpicio_bench/pdc_data
+ popd
/pscratch/sd/n/nlewi26/src/work_space/source/pdc/pdc_helper_scripts/io/pdc_vpicio
+ srun --overlap -N 32 -n 256 --ntasks-per-node=8 --error=server_vpicio_raw_32.err --output=server_vpicio_raw_32.log ./pdc_server
+ sleep 10
+ pushd /pscratch/sd/n/nlewi26/src/work_space/source/pdc/pdc_helper_scripts/io/pdc_vpicio/../../../build/bin
/pscratch/sd/n/nlewi26/src/work_space/source/pdc/build/bin /pscratch/sd/n/nlewi26/src/work_space/source/pdc/pdc_helper_scripts/io/pdc_vpicio
+ srun --overlap -N 32 -n 1024 --ntasks-per-node=32 --error=client_vpicio_raw_32.err --output=client_vpicio_raw_32.log ./vpicio 8388608 5 40 raw
+ popd
/pscratch/sd/n/nlewi26/src/work_space/source/pdc/pdc_helper_scripts/io/pdc_vpicio
+ pushd /pscratch/sd/n/nlewi26/src/work_space/source/pdc/pdc_helper_scripts/io/pdc_vpicio/../../../build/bin
/pscratch/sd/n/nlewi26/src/work_space/source/pdc/build/bin /pscratch/sd/n/nlewi26/src/work_space/source/pdc/pdc_helper_scripts/io/pdc_vpicio
+ srun --overlap -N 32 -n 1024 --ntasks-per-node=32 --error=verify_vpicio_raw_32.err --output=verify_vpicio_raw_32.log ./vpicio_verify 8388608 5
srun: error: nid006061: task 0: Exited with exit code 1
srun: Terminating StepId=59024522.10
+ pushd /pscratch/sd/n/nlewi26/src/work_space/source/pdc/pdc_helper_scripts/io/pdc_vpicio/../../../build/bin
/pscratch/sd/n/nlewi26/src/work_space/source/pdc/build/bin /pscratch/sd/n/nlewi26/src/work_space/source/pdc/pdc_helper_scripts/io/pdc_vpicio
+ srun --overlap -N 32 -n 256 --ntasks-per-node=8 --error=close_server_vpicio_raw_32.err --output=close_server_vpicio_raw_32.log ./close_server
+ popd
/pscratch/sd/n/nlewi26/src/work_space/source/pdc/pdc_helper_scripts/io/pdc_vpicio
Done. Results in /pscratch/sd/n/nlewi26/src/work_space/source/pdc/pdc_helper_scripts/io/pdc_vpicio/09_28_2026-59024522/results_vpicio_raw_59024522.csv
Verification logs (not part of workload timing): /pscratch/sd/n/nlewi26/src/work_space/source/pdc/pdc_helper_scripts/io/pdc_vpicio/09_28_2026-59024522/*servers_verify_vpicio_raw_32.log
