+ pushd /pscratch/sd/n/nlewi26/src/work_space/source/pdc/pdc_helper_scripts/analysis_scripts/../../build/bin
/pscratch/sd/n/nlewi26/src/work_space/source/pdc/build/bin /pscratch/sd/n/nlewi26/src/work_space/source/pdc/pdc_helper_scripts/analysis_scripts
+ rm -rf /pscratch/sd/n/nlewi26/pdc_analysis_bench/pdc_data /pscratch/sd/n/nlewi26/pdc_analysis_bench/pdc_tmp
+ popd
+ srun -N 1 -n 8 --ntasks-per-node=8 --error=server_eager_1.err --output=server_eager_1.log bash -c 'export HG_HOST=cxi0:$SLURM_LOCALID; exec ./pdc_server'
/pscratch/sd/n/nlewi26/src/work_space/source/pdc/pdc_helper_scripts/analysis_scripts
+ sleep 10
+ pushd /pscratch/sd/n/nlewi26/src/work_space/source/pdc/pdc_helper_scripts/analysis_scripts/../../build/bin
/pscratch/sd/n/nlewi26/src/work_space/source/pdc/build/bin /pscratch/sd/n/nlewi26/src/work_space/source/pdc/pdc_helper_scripts/analysis_scripts
+ srun -N 1 -n 32 --ntasks-per-node=32 --output=client_eager_1.log --error=client_eager_1.err bash -c 'export HG_HOST=cxi0:$((SLURM_LOCALID + 8)); exec ./bench_magnitude eager "$N_ELEM"'
+ popd
/pscratch/sd/n/nlewi26/src/work_space/source/pdc/pdc_helper_scripts/analysis_scripts
++ grep '^eager,' /pscratch/sd/n/nlewi26/src/work_space/source/pdc/pdc_helper_scripts/analysis_scripts/../../build/bin/client_eager_1.log
+ lines='eager,0,32,16777216,0.296827,2.702045,0.000000,0.000000,0.000000,0.456091,3.158136,0
eager,1,32,16777216,0.296827,2.642774,0.000000,0.000000,0.000000,0.452561,3.095334,0
eager,2,32,16777216,0.296827,2.679282,0.000000,0.000000,0.000000,0.448185,3.127467,0'
+ '[' -z 'eager,0,32,16777216,0.296827,2.702045,0.000000,0.000000,0.000000,0.456091,3.158136,0
eager,1,32,16777216,0.296827,2.642774,0.000000,0.000000,0.000000,0.452561,3.095334,0
eager,2,32,16777216,0.296827,2.679282,0.000000,0.000000,0.000000,0.448185,3.127467,0' ']'
+ echo 'eager,0,32,16777216,0.296827,2.702045,0.000000,0.000000,0.000000,0.456091,3.158136,0
eager,1,32,16777216,0.296827,2.642774,0.000000,0.000000,0.000000,0.452561,3.095334,0
eager,2,32,16777216,0.296827,2.679282,0.000000,0.000000,0.000000,0.448185,3.127467,0'
+ pushd /pscratch/sd/n/nlewi26/src/work_space/source/pdc/pdc_helper_scripts/analysis_scripts/../../build/bin
/pscratch/sd/n/nlewi26/src/work_space/source/pdc/build/bin /pscratch/sd/n/nlewi26/src/work_space/source/pdc/pdc_helper_scripts/analysis_scripts
+ srun -N 1 -n 8 --ntasks-per-node=8 --error=close_server_eager_1.err --output=close_server_eager_1.log bash -c 'export HG_HOST=cxi0:$((SLURM_LOCALID + 8)); exec ./close_server'
+ popd
/pscratch/sd/n/nlewi26/src/work_space/source/pdc/pdc_helper_scripts/analysis_scripts
+ sleep 2
Done. Results in /pscratch/sd/n/nlewi26/src/work_space/source/pdc/pdc_helper_scripts/analysis_scripts/results_eager_58373551.csv
