+ pushd /pscratch/sd/n/nlewi26/src/work_space/source/pdc/pdc_helper_scripts/analysis_scripts/../../build/bin
/pscratch/sd/n/nlewi26/src/work_space/source/pdc/build/bin /pscratch/sd/n/nlewi26/src/work_space/source/pdc/pdc_helper_scripts/analysis_scripts
+ rm -rf /pscratch/sd/n/nlewi26/pdc_analysis_bench/0 /pscratch/sd/n/nlewi26/pdc_analysis_bench/1 /pscratch/sd/n/nlewi26/pdc_analysis_bench/2 /pscratch/sd/n/nlewi26/pdc_analysis_bench/3 /pscratch/sd/n/nlewi26/pdc_analysis_bench/4 /pscratch/sd/n/nlewi26/pdc_analysis_bench/5 /pscratch/sd/n/nlewi26/pdc_analysis_bench/6 /pscratch/sd/n/nlewi26/pdc_analysis_bench/7 /pscratch/sd/n/nlewi26/pdc_analysis_bench/pdc_data
+ popd
+ srun -N 2 -n 16 --ntasks-per-node=8 --error=server_eager_posthoc_2.err --output=server_eager_posthoc_2.log bash -c 'export HG_HOST=cxi0:$SLURM_LOCALID; exec ./pdc_server'
/pscratch/sd/n/nlewi26/src/work_space/source/pdc/pdc_helper_scripts/analysis_scripts
+ sleep 10
+ pushd /pscratch/sd/n/nlewi26/src/work_space/source/pdc/pdc_helper_scripts/analysis_scripts/../../build/bin
/pscratch/sd/n/nlewi26/src/work_space/source/pdc/build/bin /pscratch/sd/n/nlewi26/src/work_space/source/pdc/pdc_helper_scripts/analysis_scripts
+ srun -N 2 -n 64 --ntasks-per-node=32 --output=client_eager_posthoc_write_2.log --error=client_eager_posthoc_write_2.err bash -c 'export HG_HOST=cxi0:$((SLURM_LOCALID + 8)); exec ./bench_write_components "$N_ELEM"'
+ popd
/pscratch/sd/n/nlewi26/src/work_space/source/pdc/pdc_helper_scripts/analysis_scripts
++ grep '^posthoc_write,' /pscratch/sd/n/nlewi26/src/work_space/source/pdc/pdc_helper_scripts/analysis_scripts/../../build/bin/client_eager_posthoc_write_2.log
+ lines='posthoc_write,0,64,16777216,0.118480,0.511910
posthoc_write,1,64,16777216,0.118480,0.528188
posthoc_write,2,64,16777216,0.118480,0.510265'
+ '[' -z 'posthoc_write,0,64,16777216,0.118480,0.511910
posthoc_write,1,64,16777216,0.118480,0.528188
posthoc_write,2,64,16777216,0.118480,0.510265' ']'
+ echo 'posthoc_write,0,64,16777216,0.118480,0.511910
posthoc_write,1,64,16777216,0.118480,0.528188
posthoc_write,2,64,16777216,0.118480,0.510265'
+ pushd /pscratch/sd/n/nlewi26/src/work_space/source/pdc/pdc_helper_scripts/analysis_scripts/../../build/bin
/pscratch/sd/n/nlewi26/src/work_space/source/pdc/build/bin /pscratch/sd/n/nlewi26/src/work_space/source/pdc/pdc_helper_scripts/analysis_scripts
+ srun -N 2 -n 16 --ntasks-per-node=8 --error=close_server_eager_posthoc_2.err --output=close_server_eager_posthoc_2.log bash -c 'export HG_HOST=cxi0:$((SLURM_LOCALID + 8)); exec ./close_server'
+ popd
/pscratch/sd/n/nlewi26/src/work_space/source/pdc/pdc_helper_scripts/analysis_scripts
+ sleep 2
+ pushd /pscratch/sd/n/nlewi26/src/work_space/source/pdc/pdc_helper_scripts/analysis_scripts/../../build/bin
/pscratch/sd/n/nlewi26/src/work_space/source/pdc/build/bin /pscratch/sd/n/nlewi26/src/work_space/source/pdc/pdc_helper_scripts/analysis_scripts
+ popd
/pscratch/sd/n/nlewi26/src/work_space/source/pdc/pdc_helper_scripts/analysis_scripts
+ sleep 10
+ srun -N 2 -n 16 --ntasks-per-node=8 --error=server_restart_eager_posthoc_2.err --output=server_restart_eager_posthoc_2.log bash -c 'export HG_HOST=cxi0:$SLURM_LOCALID; exec ./pdc_server restart'
+ pushd /pscratch/sd/n/nlewi26/src/work_space/source/pdc/pdc_helper_scripts/analysis_scripts/../../build/bin
/pscratch/sd/n/nlewi26/src/work_space/source/pdc/build/bin /pscratch/sd/n/nlewi26/src/work_space/source/pdc/pdc_helper_scripts/analysis_scripts
+ srun -N 2 -n 64 --ntasks-per-node=32 --output=client_eager_posthoc_analyze_2.log --error=client_eager_posthoc_analyze_2.err bash -c 'export HG_HOST=cxi0:$((SLURM_LOCALID + 8)); exec ./bench_posthoc_analyze_eager "$N_ELEM"'
+ popd
/pscratch/sd/n/nlewi26/src/work_space/source/pdc/pdc_helper_scripts/analysis_scripts
++ grep '^posthoc_analyze,' /pscratch/sd/n/nlewi26/src/work_space/source/pdc/pdc_helper_scripts/analysis_scripts/../../build/bin/client_eager_posthoc_analyze_2.log
+ lines='posthoc_analyze,0,64,16777216,0.112444,1.751177,0.000000,0.000000,1.751177,0
posthoc_analyze,1,64,16777216,0.112444,1.747387,0.000000,0.000000,1.747387,0
posthoc_analyze,2,64,16777216,0.112444,1.720791,0.000000,0.000000,1.720791,0'
+ '[' -z 'posthoc_analyze,0,64,16777216,0.112444,1.751177,0.000000,0.000000,1.751177,0
posthoc_analyze,1,64,16777216,0.112444,1.747387,0.000000,0.000000,1.747387,0
posthoc_analyze,2,64,16777216,0.112444,1.720791,0.000000,0.000000,1.720791,0' ']'
+ echo 'posthoc_analyze,0,64,16777216,0.112444,1.751177,0.000000,0.000000,1.751177,0
posthoc_analyze,1,64,16777216,0.112444,1.747387,0.000000,0.000000,1.747387,0
posthoc_analyze,2,64,16777216,0.112444,1.720791,0.000000,0.000000,1.720791,0'
+ pushd /pscratch/sd/n/nlewi26/src/work_space/source/pdc/pdc_helper_scripts/analysis_scripts/../../build/bin
/pscratch/sd/n/nlewi26/src/work_space/source/pdc/build/bin /pscratch/sd/n/nlewi26/src/work_space/source/pdc/pdc_helper_scripts/analysis_scripts
+ srun -N 2 -n 16 --ntasks-per-node=8 --error=close_server_eager_posthoc_2.err --output=close_server_eager_posthoc_2.log bash -c 'export HG_HOST=cxi0:$((SLURM_LOCALID + 8)); exec ./close_server'
+ popd
/pscratch/sd/n/nlewi26/src/work_space/source/pdc/pdc_helper_scripts/analysis_scripts
+ sleep 2
Done. Results in /pscratch/sd/n/nlewi26/src/work_space/source/pdc/pdc_helper_scripts/analysis_scripts/results_eager_posthoc_58401645.csv
