+ pushd /pscratch/sd/n/nlewi26/src/work_space/source/pdc/pdc_helper_scripts/analysis_scripts/../../build/bin
/pscratch/sd/n/nlewi26/src/work_space/source/pdc/build/bin /pscratch/sd/n/nlewi26/src/work_space/source/pdc/pdc_helper_scripts/analysis_scripts
+ rm -rf /pscratch/sd/n/nlewi26/pdc_analysis_bench/0 /pscratch/sd/n/nlewi26/pdc_analysis_bench/1 /pscratch/sd/n/nlewi26/pdc_analysis_bench/10 /pscratch/sd/n/nlewi26/pdc_analysis_bench/11 /pscratch/sd/n/nlewi26/pdc_analysis_bench/12 /pscratch/sd/n/nlewi26/pdc_analysis_bench/13 /pscratch/sd/n/nlewi26/pdc_analysis_bench/14 /pscratch/sd/n/nlewi26/pdc_analysis_bench/15 /pscratch/sd/n/nlewi26/pdc_analysis_bench/2 /pscratch/sd/n/nlewi26/pdc_analysis_bench/3 /pscratch/sd/n/nlewi26/pdc_analysis_bench/4 /pscratch/sd/n/nlewi26/pdc_analysis_bench/5 /pscratch/sd/n/nlewi26/pdc_analysis_bench/6 /pscratch/sd/n/nlewi26/pdc_analysis_bench/7 /pscratch/sd/n/nlewi26/pdc_analysis_bench/8 /pscratch/sd/n/nlewi26/pdc_analysis_bench/9 /pscratch/sd/n/nlewi26/pdc_analysis_bench/pdc_data
+ popd
+ srun -N 4 -n 32 --ntasks-per-node=8 --error=server_lazy_4.err --output=server_lazy_4.log bash -c 'export HG_HOST=cxi0:$SLURM_LOCALID; exec ./pdc_server'
/pscratch/sd/n/nlewi26/src/work_space/source/pdc/pdc_helper_scripts/analysis_scripts
+ sleep 10
+ pushd /pscratch/sd/n/nlewi26/src/work_space/source/pdc/pdc_helper_scripts/analysis_scripts/../../build/bin
/pscratch/sd/n/nlewi26/src/work_space/source/pdc/build/bin /pscratch/sd/n/nlewi26/src/work_space/source/pdc/pdc_helper_scripts/analysis_scripts
+ srun -N 4 -n 128 --ntasks-per-node=32 --output=client_lazy_4.log --error=client_lazy_4.err bash -c 'export HG_HOST=cxi0:$((SLURM_LOCALID + 8)); exec ./bench_magnitude lazy "$N_ELEM"'
+ popd
/pscratch/sd/n/nlewi26/src/work_space/source/pdc/pdc_helper_scripts/analysis_scripts
++ grep '^lazy,' /pscratch/sd/n/nlewi26/src/work_space/source/pdc/pdc_helper_scripts/analysis_scripts/../../build/bin/client_lazy_4.log
+ lines='lazy,0,128,16777216,0.120300,0.555667,0.617695,0.062409,0.000000,0.000000,1.235770,0
lazy,1,128,16777216,0.120300,0.535195,0.613021,0.055577,0.000000,0.000000,1.203793,0
lazy,2,128,16777216,0.120300,0.518422,0.627452,0.050501,0.000000,0.000000,1.196375,0'
+ '[' -z 'lazy,0,128,16777216,0.120300,0.555667,0.617695,0.062409,0.000000,0.000000,1.235770,0
lazy,1,128,16777216,0.120300,0.535195,0.613021,0.055577,0.000000,0.000000,1.203793,0
lazy,2,128,16777216,0.120300,0.518422,0.627452,0.050501,0.000000,0.000000,1.196375,0' ']'
+ echo 'lazy,0,128,16777216,0.120300,0.555667,0.617695,0.062409,0.000000,0.000000,1.235770,0
lazy,1,128,16777216,0.120300,0.535195,0.613021,0.055577,0.000000,0.000000,1.203793,0
lazy,2,128,16777216,0.120300,0.518422,0.627452,0.050501,0.000000,0.000000,1.196375,0'
+ pushd /pscratch/sd/n/nlewi26/src/work_space/source/pdc/pdc_helper_scripts/analysis_scripts/../../build/bin
/pscratch/sd/n/nlewi26/src/work_space/source/pdc/build/bin /pscratch/sd/n/nlewi26/src/work_space/source/pdc/pdc_helper_scripts/analysis_scripts
+ srun -N 4 -n 32 --ntasks-per-node=8 --error=close_server_lazy_4.err --output=close_server_lazy_4.log bash -c 'export HG_HOST=cxi0:$((SLURM_LOCALID + 8)); exec ./close_server'
+ popd
/pscratch/sd/n/nlewi26/src/work_space/source/pdc/pdc_helper_scripts/analysis_scripts
+ sleep 2
Done. Results in /pscratch/sd/n/nlewi26/src/work_space/source/pdc/pdc_helper_scripts/analysis_scripts/results_lazy_58378344.csv
