+ pushd /pscratch/sd/n/nlewi26/src/work_space/source/pdc/pdc_helper_scripts/analysis_scripts/../../build/bin
/pscratch/sd/n/nlewi26/src/work_space/source/pdc/build/bin /pscratch/sd/n/nlewi26/src/work_space/source/pdc/pdc_helper_scripts/analysis_scripts
+ rm -rf /pscratch/sd/n/nlewi26/pdc_analysis_bench/pdc_data /pscratch/sd/n/nlewi26/pdc_analysis_bench/pdc_tmp
+ popd
+ srun -N 2 -n 16 --ntasks-per-node=8 --error=server_eager_2.err --output=server_eager_2.log bash -c 'export HG_HOST=cxi0:$SLURM_LOCALID; exec ./pdc_server'
/pscratch/sd/n/nlewi26/src/work_space/source/pdc/pdc_helper_scripts/analysis_scripts
+ sleep 10
+ pushd /pscratch/sd/n/nlewi26/src/work_space/source/pdc/pdc_helper_scripts/analysis_scripts/../../build/bin
/pscratch/sd/n/nlewi26/src/work_space/source/pdc/build/bin /pscratch/sd/n/nlewi26/src/work_space/source/pdc/pdc_helper_scripts/analysis_scripts
+ srun -N 2 -n 64 --ntasks-per-node=32 --output=client_eager_2.log --error=client_eager_2.err bash -c 'export HG_HOST=cxi0:$((SLURM_LOCALID + 8)); exec ./bench_magnitude eager "$N_ELEM"'
+ popd
/pscratch/sd/n/nlewi26/src/work_space/source/pdc/pdc_helper_scripts/analysis_scripts
++ grep '^eager,' /pscratch/sd/n/nlewi26/src/work_space/source/pdc/pdc_helper_scripts/analysis_scripts/../../build/bin/client_eager_2.log
+ lines='eager,0,64,16777216,0.133840,2.684044,0.000000,0.000000,0.000000,0.462388,3.146433,0
eager,1,64,16777216,0.133840,2.662695,0.000000,0.000000,0.000000,0.457871,3.120566,0
eager,2,64,16777216,0.133840,2.629657,0.000000,0.000000,0.000000,0.449740,3.079396,0'
+ '[' -z 'eager,0,64,16777216,0.133840,2.684044,0.000000,0.000000,0.000000,0.462388,3.146433,0
eager,1,64,16777216,0.133840,2.662695,0.000000,0.000000,0.000000,0.457871,3.120566,0
eager,2,64,16777216,0.133840,2.629657,0.000000,0.000000,0.000000,0.449740,3.079396,0' ']'
+ echo 'eager,0,64,16777216,0.133840,2.684044,0.000000,0.000000,0.000000,0.462388,3.146433,0
eager,1,64,16777216,0.133840,2.662695,0.000000,0.000000,0.000000,0.457871,3.120566,0
eager,2,64,16777216,0.133840,2.629657,0.000000,0.000000,0.000000,0.449740,3.079396,0'
+ pushd /pscratch/sd/n/nlewi26/src/work_space/source/pdc/pdc_helper_scripts/analysis_scripts/../../build/bin
/pscratch/sd/n/nlewi26/src/work_space/source/pdc/build/bin /pscratch/sd/n/nlewi26/src/work_space/source/pdc/pdc_helper_scripts/analysis_scripts
+ srun -N 2 -n 16 --ntasks-per-node=8 --error=close_server_eager_2.err --output=close_server_eager_2.log bash -c 'export HG_HOST=cxi0:$((SLURM_LOCALID + 8)); exec ./close_server'
+ popd
/pscratch/sd/n/nlewi26/src/work_space/source/pdc/pdc_helper_scripts/analysis_scripts
+ sleep 2
Done. Results in /pscratch/sd/n/nlewi26/src/work_space/source/pdc/pdc_helper_scripts/analysis_scripts/results_eager_58373747.csv
