+ cd /pscratch/sd/n/nlewi26/src/work_space/source/pdc/pdc_helper_scripts/analysis/curl/adios2
+ export NUM_NODES=1
+ NUM_NODES=1
+ export CLIENTS_PER_NODE=32
+ CLIENTS_PER_NODE=32
+ export CLIENT_TOTAL_TASKS=32
+ CLIENT_TOTAL_TASKS=32
+ export BIN_DIR=/pscratch/sd/n/nlewi26/src/work_space/source/pdc/pdc_helper_scripts/analysis/curl/adios2
+ BIN_DIR=/pscratch/sd/n/nlewi26/src/work_space/source/pdc/pdc_helper_scripts/analysis/curl/adios2
+ export OUT_DIR=/pscratch/sd/n/nlewi26/adios2_analysis_bench
+ OUT_DIR=/pscratch/sd/n/nlewi26/adios2_analysis_bench
+ mkdir -p /pscratch/sd/n/nlewi26/adios2_analysis_bench
+ export NX=256
+ NX=256
+ export NY=256
+ NY=256
+ export NZ_PER_RANK=64
+ NZ_PER_RANK=64
+ export OUT_FILE=/pscratch/sd/n/nlewi26/adios2_analysis_bench/adios2_bench_curl_inflight_1.bp
+ OUT_FILE=/pscratch/sd/n/nlewi26/adios2_analysis_bench/adios2_bench_curl_inflight_1.bp
+ export RESULTS=/pscratch/sd/n/nlewi26/src/work_space/source/pdc/pdc_helper_scripts/analysis/curl/adios2/results_adios2_curl_inflight_59523822.csv
+ RESULTS=/pscratch/sd/n/nlewi26/src/work_space/source/pdc/pdc_helper_scripts/analysis/curl/adios2/results_adios2_curl_inflight_59523822.csv
+ STRIPE_COUNT=128
+ STRIPE_SIZE_BYTES=16777216
+ STRIPE_SIZE_BYTES=16777216
+ rm -rf /pscratch/sd/n/nlewi26/adios2_analysis_bench/adios2_bench_curl_inflight_1.bp
+ lfs setstripe -c 128 -S 16777216 /pscratch/sd/n/nlewi26/adios2_analysis_bench
+ echo mode,step,n_ranks,nx,ny,nz_per_rank,setup_s,write_s,confirm_read_s,close_s,step_total_s,bad
+ srun -N 1 -n 32 --ntasks-per-node=32 --output=client_curl_inflight_1.log --error=client_curl_inflight_1.err /pscratch/sd/n/nlewi26/src/work_space/source/pdc/pdc_helper_scripts/analysis/curl/adios2/adios2_bench_curl_inflight 256 256 64 /pscratch/sd/n/nlewi26/adios2_analysis_bench/adios2_bench_curl_inflight_1.bp
+ grep '^adios2_inflight_curl,' client_curl_inflight_1.log
+ sed -i '1s/^/servers_per_node,/; 2,$s/^/0,/' /pscratch/sd/n/nlewi26/src/work_space/source/pdc/pdc_helper_scripts/analysis/curl/adios2/results_adios2_curl_inflight_59523822.csv
+ echo 'Done. Results in /pscratch/sd/n/nlewi26/src/work_space/source/pdc/pdc_helper_scripts/analysis/curl/adios2/results_adios2_curl_inflight_59523822.csv'
Done. Results in /pscratch/sd/n/nlewi26/src/work_space/source/pdc/pdc_helper_scripts/analysis/curl/adios2/results_adios2_curl_inflight_59523822.csv
