[INFO] PDC_CLIENT[0]: PDC_DEBUG set to 0
[INFO] PDC_CLIENT[28]: Environment variable HG_HOST was set
[INFO] PDC_CLIENT[0]: Found 32 PDC Metadata servers, running with 32 PDC clients
[INFO] PDC_CLIENT[0]: Environment variable HG_TRANSPORT was NOT set, default to ofi+cxi
[INFO] PDC_CLIENT[0]: Environment variable HG_HOST was set
[INFO] PDC_CLIENT[0]: Environment variable HG_HOST was set
[INFO] PDC_CLIENT[0]: Connection string: ofi+cxi://cxi0:8
[INFO] PDC_CLIENT[31]: Environment variable HG_HOST was set
[INFO] PDC_CLIENT[4]: Environment variable HG_HOST was set
[INFO] PDC_CLIENT[22]: Environment variable HG_HOST was set
[INFO] PDC_CLIENT[1]: Environment variable HG_HOST was set
[INFO] PDC_CLIENT[24]: Environment variable HG_HOST was set
[INFO] PDC_CLIENT[30]: Environment variable HG_HOST was set
[INFO] PDC_CLIENT[18]: Environment variable HG_HOST was set
[INFO] PDC_CLIENT[26]: Environment variable HG_HOST was set
[INFO] PDC_CLIENT[11]: Environment variable HG_HOST was set
[INFO] PDC_CLIENT[6]: Environment variable HG_HOST was set
[INFO] PDC_CLIENT[21]: Environment variable HG_HOST was set
[INFO] PDC_CLIENT[5]: Environment variable HG_HOST was set
[INFO] PDC_CLIENT[23]: Environment variable HG_HOST was set
[INFO] PDC_CLIENT[29]: Environment variable HG_HOST was set
[INFO] PDC_CLIENT[12]: Environment variable HG_HOST was set
[INFO] PDC_CLIENT[25]: Environment variable HG_HOST was set
[INFO] PDC_CLIENT[19]: Environment variable HG_HOST was set
[INFO] PDC_CLIENT[8]: Environment variable HG_HOST was set
[INFO] PDC_CLIENT[27]: Environment variable HG_HOST was set
[INFO] PDC_CLIENT[10]: Environment variable HG_HOST was set
[INFO] PDC_CLIENT[16]: Environment variable HG_HOST was set
[INFO] PDC_CLIENT[7]: Environment variable HG_HOST was set
[INFO] PDC_CLIENT[2]: Environment variable HG_HOST was set
[INFO] PDC_CLIENT[20]: Environment variable HG_HOST was set
[INFO] PDC_CLIENT[13]: Environment variable HG_HOST was set
[INFO] PDC_CLIENT[17]: Environment variable HG_HOST was set
[INFO] PDC_CLIENT[14]: Environment variable HG_HOST was set
[INFO] PDC_CLIENT[15]: Environment variable HG_HOST was set
[INFO] PDC_CLIENT[3]: Environment variable HG_HOST was set
[INFO] PDC_CLIENT[9]: Environment variable HG_HOST was set
[INFO] PDC_CLIENT[0]: Scoped Slingshot CXI auth for Mercury: svc=1 vni=1 device=cxi0
[INFO] PDC_CLIENT[0]: Using [/pscratch/sd/n/nlewi26/pdc_curl_analysis_bench] as tmp dir, 1 clients per server
[16:09:32.623771] [WARNING] [close_server.c:56] PDC_CLIENT[18]: total close time = 2.757036
[16:09:32.623931] [WARNING] [close_server.c:56] PDC_CLIENT[8]: total close time = 2.757121
[16:09:32.623912] [WARNING] [close_server.c:56] PDC_CLIENT[20]: total close time = 2.757197
[16:09:32.623947] [WARNING] [close_server.c:56] PDC_CLIENT[31]: total close time = 2.757197
[16:09:32.623945] [WARNING] [close_server.c:56] PDC_CLIENT[19]: total close time = 2.757201
[16:09:32.623953] [WARNING] [close_server.c:56] PDC_CLIENT[9]: total close time = 2.757135
[16:09:32.623707] [WARNING] [close_server.c:56] PDC_CLIENT[11]: total close time = 2.757158
[16:09:32.623945] [WARNING] [close_server.c:56] PDC_CLIENT[16]: total close time = 2.757158
[16:09:32.623964] [WARNING] [close_server.c:56] PDC_CLIENT[7]: total close time = 2.757178
[16:09:32.624075] [WARNING] [close_server.c:56] PDC_CLIENT[14]: total close time = 2.757249
[16:09:32.624008] [WARNING] [close_server.c:56] PDC_CLIENT[6]: total close time = 2.757231
[16:09:32.624051] [WARNING] [close_server.c:56] PDC_CLIENT[3]: total close time = 2.757285
[16:09:32.624203] [WARNING] [close_server.c:56] PDC_CLIENT[4]: total close time = 2.757427
[16:09:32.624137] [WARNING] [close_server.c:56] PDC_CLIENT[29]: total close time = 2.757345
[16:09:32.624145] [WARNING] [close_server.c:56] PDC_CLIENT[26]: total close time = 2.757381
[16:09:32.623965] [WARNING] [close_server.c:56] PDC_CLIENT[10]: total close time = 2.757421
[16:09:32.624139] [WARNING] [close_server.c:56] PDC_CLIENT[2]: total close time = 2.757373
[16:09:32.624223] [WARNING] [close_server.c:56] PDC_CLIENT[22]: total close time = 2.757406
[16:09:32.624152] [WARNING] [close_server.c:56] PDC_CLIENT[27]: total close time = 2.757403
[16:09:32.624353] [WARNING] [close_server.c:56] PDC_CLIENT[15]: total close time = 2.757546
[16:09:32.624351] [WARNING] [close_server.c:56] PDC_CLIENT[5]: total close time = 2.757565
[16:09:32.624319] [WARNING] [close_server.c:56] PDC_CLIENT[23]: total close time = 2.757502
[16:09:32.624421] [WARNING] [close_server.c:56] PDC_CLIENT[25]: total close time = 2.757609
[16:09:32.624383] [WARNING] [close_server.c:56] PDC_CLIENT[17]: total close time = 2.757597
[16:09:32.624332] [WARNING] [close_server.c:56] PDC_CLIENT[21]: total close time = 2.757629
[16:09:32.624506] [WARNING] [close_server.c:56] PDC_CLIENT[28]: total close time = 2.757722
[16:09:32.624320] [WARNING] [close_server.c:56] PDC_CLIENT[13]: total close time = 2.757670
[16:09:32.624468] [WARNING] [close_server.c:56] PDC_CLIENT[24]: total close time = 2.757677
[16:09:32.624514] [WARNING] [close_server.c:56] PDC_CLIENT[12]: total close time = 2.757866
[16:09:32.624570] [WARNING] [close_server.c:56] PDC_CLIENT[30]: total close time = 2.757807
[16:09:32.624773] [WARNING] [close_server.c:56] PDC_CLIENT[1]: total close time = 2.757988
[16:09:32.625331] [WARNING] [close_server.c:56] PDC_CLIENT[0]: total close time = 2.758550
