+ pushd /pscratch/sd/n/nlewi26/src/work_space/source/pdc/pdc_helper_scripts/curl_analysis_scripts/../../build/bin
/pscratch/sd/n/nlewi26/src/work_space/source/pdc/build/bin /pscratch/sd/n/nlewi26/src/work_space/source/pdc/pdc_helper_scripts/curl_analysis_scripts
+ rm -rf /pscratch/sd/n/nlewi26/pdc_curl_analysis_bench/server.cfg
+ popd
+ srun --overlap -N 1 -n 4 --ntasks-per-node=4 --error=server_curl_eager_1.err --output=server_curl_eager_1.log bash -c 'export HG_HOST=cxi0:$SLURM_LOCALID; exec ./pdc_server'
/pscratch/sd/n/nlewi26/src/work_space/source/pdc/pdc_helper_scripts/curl_analysis_scripts
+ sleep 10
+ pushd /pscratch/sd/n/nlewi26/src/work_space/source/pdc/pdc_helper_scripts/curl_analysis_scripts/../../build/bin
/pscratch/sd/n/nlewi26/src/work_space/source/pdc/build/bin /pscratch/sd/n/nlewi26/src/work_space/source/pdc/pdc_helper_scripts/curl_analysis_scripts
+ srun --overlap -N 1 -n 32 --ntasks-per-node=32 --output=client_curl_eager_1.log --error=client_curl_eager_1.err bash -c 'export HG_HOST=cxi0:$((SLURM_LOCALID + 8)); exec ./bench_curl_eager "$NX" "$NY" "$NZ_PER_RANK" "$COMPRESS"'
+ popd
/pscratch/sd/n/nlewi26/src/work_space/source/pdc/pdc_helper_scripts/curl_analysis_scripts
++ grep '^curl_eager,' /pscratch/sd/n/nlewi26/src/work_space/source/pdc/pdc_helper_scripts/curl_analysis_scripts/../../build/bin/client_curl_eager_1.log
+ lines='curl_eager,0,32,256,256,64,0,0.257866,3.708056,0.382827,4.348749,0
curl_eager,1,32,256,256,64,0,0.257866,3.932140,0.431468,4.621474,0
curl_eager,2,32,256,256,64,0,0.257866,3.907604,0.384676,4.550146,0'
+ '[' -z 'curl_eager,0,32,256,256,64,0,0.257866,3.708056,0.382827,4.348749,0
curl_eager,1,32,256,256,64,0,0.257866,3.932140,0.431468,4.621474,0
curl_eager,2,32,256,256,64,0,0.257866,3.907604,0.384676,4.550146,0' ']'
+ echo 'curl_eager,0,32,256,256,64,0,0.257866,3.708056,0.382827,4.348749,0
curl_eager,1,32,256,256,64,0,0.257866,3.932140,0.431468,4.621474,0
curl_eager,2,32,256,256,64,0,0.257866,3.907604,0.384676,4.550146,0'
+ pushd /pscratch/sd/n/nlewi26/src/work_space/source/pdc/pdc_helper_scripts/curl_analysis_scripts/../../build/bin
/pscratch/sd/n/nlewi26/src/work_space/source/pdc/build/bin /pscratch/sd/n/nlewi26/src/work_space/source/pdc/pdc_helper_scripts/curl_analysis_scripts
+ srun --overlap -N 1 -n 4 --ntasks-per-node=4 --error=close_server_curl_eager_1.err --output=close_server_curl_eager_1.log bash -c 'export HG_HOST=cxi0:$((SLURM_LOCALID + 8)); exec ./close_server'
+ popd
/pscratch/sd/n/nlewi26/src/work_space/source/pdc/pdc_helper_scripts/curl_analysis_scripts
+ sleep 2
Data size check: expected=17716740096 bytes, actual=17717174272 bytes
OK: actual/expected data size ratio 1.000 within tolerance
Done. Results in /pscratch/sd/n/nlewi26/src/work_space/source/pdc/pdc_helper_scripts/curl_analysis_scripts/results_curl_eager_58916606.csv
