+ pushd /pscratch/sd/n/nlewi26/src/work_space/source/pdc/pdc_helper_scripts/curl_analysis_scripts/../../build/bin
/pscratch/sd/n/nlewi26/src/work_space/source/pdc/build/bin /pscratch/sd/n/nlewi26/src/work_space/source/pdc/pdc_helper_scripts/curl_analysis_scripts
+ rm -rf /pscratch/sd/n/nlewi26/pdc_curl_analysis_bench/0 /pscratch/sd/n/nlewi26/pdc_curl_analysis_bench/1 /pscratch/sd/n/nlewi26/pdc_curl_analysis_bench/10 /pscratch/sd/n/nlewi26/pdc_curl_analysis_bench/11 /pscratch/sd/n/nlewi26/pdc_curl_analysis_bench/12 /pscratch/sd/n/nlewi26/pdc_curl_analysis_bench/13 /pscratch/sd/n/nlewi26/pdc_curl_analysis_bench/14 /pscratch/sd/n/nlewi26/pdc_curl_analysis_bench/15 /pscratch/sd/n/nlewi26/pdc_curl_analysis_bench/16 /pscratch/sd/n/nlewi26/pdc_curl_analysis_bench/17 /pscratch/sd/n/nlewi26/pdc_curl_analysis_bench/18 /pscratch/sd/n/nlewi26/pdc_curl_analysis_bench/19 /pscratch/sd/n/nlewi26/pdc_curl_analysis_bench/2 /pscratch/sd/n/nlewi26/pdc_curl_analysis_bench/20 /pscratch/sd/n/nlewi26/pdc_curl_analysis_bench/21 /pscratch/sd/n/nlewi26/pdc_curl_analysis_bench/22 /pscratch/sd/n/nlewi26/pdc_curl_analysis_bench/23 /pscratch/sd/n/nlewi26/pdc_curl_analysis_bench/24 /pscratch/sd/n/nlewi26/pdc_curl_analysis_bench/25 /pscratch/sd/n/nlewi26/pdc_curl_analysis_bench/26 /pscratch/sd/n/nlewi26/pdc_curl_analysis_bench/27 /pscratch/sd/n/nlewi26/pdc_curl_analysis_bench/28 /pscratch/sd/n/nlewi26/pdc_curl_analysis_bench/29 /pscratch/sd/n/nlewi26/pdc_curl_analysis_bench/3 /pscratch/sd/n/nlewi26/pdc_curl_analysis_bench/30 /pscratch/sd/n/nlewi26/pdc_curl_analysis_bench/31 /pscratch/sd/n/nlewi26/pdc_curl_analysis_bench/4 /pscratch/sd/n/nlewi26/pdc_curl_analysis_bench/5 /pscratch/sd/n/nlewi26/pdc_curl_analysis_bench/6 /pscratch/sd/n/nlewi26/pdc_curl_analysis_bench/7 /pscratch/sd/n/nlewi26/pdc_curl_analysis_bench/8 /pscratch/sd/n/nlewi26/pdc_curl_analysis_bench/9 /pscratch/sd/n/nlewi26/pdc_curl_analysis_bench/pdc_data
+ popd
+ srun -N 8 -n 64 --ntasks-per-node=8 --error=server_curl_eager_8.err --output=server_curl_eager_8.log bash -c 'export HG_HOST=cxi0:$SLURM_LOCALID; exec ./pdc_server'
/pscratch/sd/n/nlewi26/src/work_space/source/pdc/pdc_helper_scripts/curl_analysis_scripts
+ sleep 10
+ pushd /pscratch/sd/n/nlewi26/src/work_space/source/pdc/pdc_helper_scripts/curl_analysis_scripts/../../build/bin
/pscratch/sd/n/nlewi26/src/work_space/source/pdc/build/bin /pscratch/sd/n/nlewi26/src/work_space/source/pdc/pdc_helper_scripts/curl_analysis_scripts
+ srun -N 8 -n 256 --ntasks-per-node=32 --output=client_curl_eager_8.log --error=client_curl_eager_8.err bash -c 'export HG_HOST=cxi0:$((SLURM_LOCALID + 8)); exec ./bench_curl_eager "$NX" "$NY" "$NZ_PER_RANK" "$COMPRESS"'
+ popd
/pscratch/sd/n/nlewi26/src/work_space/source/pdc/pdc_helper_scripts/curl_analysis_scripts
++ grep '^curl_eager,' /pscratch/sd/n/nlewi26/src/work_space/source/pdc/pdc_helper_scripts/curl_analysis_scripts/../../build/bin/client_curl_eager_8.log
+ lines='curl_eager,0,256,256,256,64,0,0.422871,1.703614,0.252669,2.379154,0
curl_eager,1,256,256,256,64,0,0.422871,1.684245,0.235127,2.342243,0
curl_eager,2,256,256,256,64,0,0.422871,1.733703,0.238303,2.394877,0'
+ '[' -z 'curl_eager,0,256,256,256,64,0,0.422871,1.703614,0.252669,2.379154,0
curl_eager,1,256,256,256,64,0,0.422871,1.684245,0.235127,2.342243,0
curl_eager,2,256,256,256,64,0,0.422871,1.733703,0.238303,2.394877,0' ']'
+ echo 'curl_eager,0,256,256,256,64,0,0.422871,1.703614,0.252669,2.379154,0
curl_eager,1,256,256,256,64,0,0.422871,1.684245,0.235127,2.342243,0
curl_eager,2,256,256,256,64,0,0.422871,1.733703,0.238303,2.394877,0'
+ pushd /pscratch/sd/n/nlewi26/src/work_space/source/pdc/pdc_helper_scripts/curl_analysis_scripts/../../build/bin
/pscratch/sd/n/nlewi26/src/work_space/source/pdc/build/bin /pscratch/sd/n/nlewi26/src/work_space/source/pdc/pdc_helper_scripts/curl_analysis_scripts
+ srun -N 8 -n 64 --ntasks-per-node=8 --error=close_server_curl_eager_8.err --output=close_server_curl_eager_8.log bash -c 'export HG_HOST=cxi0:$((SLURM_LOCALID + 8)); exec ./close_server'
+ popd
/pscratch/sd/n/nlewi26/src/work_space/source/pdc/pdc_helper_scripts/curl_analysis_scripts
+ sleep 2
Data size check: expected=141733920768 bytes, actual=141739515904 bytes
OK: actual/expected data size ratio 1.000 within tolerance
Done. Results in /pscratch/sd/n/nlewi26/src/work_space/source/pdc/pdc_helper_scripts/curl_analysis_scripts/results_curl_eager_58407209.csv
