+ pushd /pscratch/sd/n/nlewi26/src/work_space/source/pdc/pdc_helper_scripts/curl_analysis_scripts/../../build/bin
/pscratch/sd/n/nlewi26/src/work_space/source/pdc/build/bin /pscratch/sd/n/nlewi26/src/work_space/source/pdc/pdc_helper_scripts/curl_analysis_scripts
+ rm -rf /pscratch/sd/n/nlewi26/pdc_curl_analysis_bench/0 /pscratch/sd/n/nlewi26/pdc_curl_analysis_bench/1 /pscratch/sd/n/nlewi26/pdc_curl_analysis_bench/10 /pscratch/sd/n/nlewi26/pdc_curl_analysis_bench/100 /pscratch/sd/n/nlewi26/pdc_curl_analysis_bench/101 /pscratch/sd/n/nlewi26/pdc_curl_analysis_bench/102 /pscratch/sd/n/nlewi26/pdc_curl_analysis_bench/103 /pscratch/sd/n/nlewi26/pdc_curl_analysis_bench/104 /pscratch/sd/n/nlewi26/pdc_curl_analysis_bench/105 /pscratch/sd/n/nlewi26/pdc_curl_analysis_bench/106 /pscratch/sd/n/nlewi26/pdc_curl_analysis_bench/107 /pscratch/sd/n/nlewi26/pdc_curl_analysis_bench/108 /pscratch/sd/n/nlewi26/pdc_curl_analysis_bench/109 /pscratch/sd/n/nlewi26/pdc_curl_analysis_bench/11 /pscratch/sd/n/nlewi26/pdc_curl_analysis_bench/110 /pscratch/sd/n/nlewi26/pdc_curl_analysis_bench/111 /pscratch/sd/n/nlewi26/pdc_curl_analysis_bench/112 /pscratch/sd/n/nlewi26/pdc_curl_analysis_bench/113 /pscratch/sd/n/nlewi26/pdc_curl_analysis_bench/114 /pscratch/sd/n/nlewi26/pdc_curl_analysis_bench/115 /pscratch/sd/n/nlewi26/pdc_curl_analysis_bench/116 /pscratch/sd/n/nlewi26/pdc_curl_analysis_bench/117 /pscratch/sd/n/nlewi26/pdc_curl_analysis_bench/118 /pscratch/sd/n/nlewi26/pdc_curl_analysis_bench/119 /pscratch/sd/n/nlewi26/pdc_curl_analysis_bench/12 /pscratch/sd/n/nlewi26/pdc_curl_analysis_bench/120 /pscratch/sd/n/nlewi26/pdc_curl_analysis_bench/121 /pscratch/sd/n/nlewi26/pdc_curl_analysis_bench/122 /pscratch/sd/n/nlewi26/pdc_curl_analysis_bench/123 /pscratch/sd/n/nlewi26/pdc_curl_analysis_bench/124 /pscratch/sd/n/nlewi26/pdc_curl_analysis_bench/125 /pscratch/sd/n/nlewi26/pdc_curl_analysis_bench/126 /pscratch/sd/n/nlewi26/pdc_curl_analysis_bench/127 /pscratch/sd/n/nlewi26/pdc_curl_analysis_bench/13 /pscratch/sd/n/nlewi26/pdc_curl_analysis_bench/14 /pscratch/sd/n/nlewi26/pdc_curl_analysis_bench/15 /pscratch/sd/n/nlewi26/pdc_curl_analysis_bench/16 /pscratch/sd/n/nlewi26/pdc_curl_analysis_bench/17 /pscratch/sd/n/nlewi26/pdc_curl_analysis_bench/18 /pscratch/sd/n/nlewi26/pdc_curl_analysis_bench/19 /pscratch/sd/n/nlewi26/pdc_curl_analysis_bench/2 /pscratch/sd/n/nlewi26/pdc_curl_analysis_bench/20 /pscratch/sd/n/nlewi26/pdc_curl_analysis_bench/21 /pscratch/sd/n/nlewi26/pdc_curl_analysis_bench/22 /pscratch/sd/n/nlewi26/pdc_curl_analysis_bench/23 /pscratch/sd/n/nlewi26/pdc_curl_analysis_bench/24 /pscratch/sd/n/nlewi26/pdc_curl_analysis_bench/25 /pscratch/sd/n/nlewi26/pdc_curl_analysis_bench/26 /pscratch/sd/n/nlewi26/pdc_curl_analysis_bench/27 /pscratch/sd/n/nlewi26/pdc_curl_analysis_bench/28 /pscratch/sd/n/nlewi26/pdc_curl_analysis_bench/29 /pscratch/sd/n/nlewi26/pdc_curl_analysis_bench/3 /pscratch/sd/n/nlewi26/pdc_curl_analysis_bench/30 /pscratch/sd/n/nlewi26/pdc_curl_analysis_bench/31 /pscratch/sd/n/nlewi26/pdc_curl_analysis_bench/32 /pscratch/sd/n/nlewi26/pdc_curl_analysis_bench/33 /pscratch/sd/n/nlewi26/pdc_curl_analysis_bench/34 /pscratch/sd/n/nlewi26/pdc_curl_analysis_bench/35 /pscratch/sd/n/nlewi26/pdc_curl_analysis_bench/36 /pscratch/sd/n/nlewi26/pdc_curl_analysis_bench/37 /pscratch/sd/n/nlewi26/pdc_curl_analysis_bench/38 /pscratch/sd/n/nlewi26/pdc_curl_analysis_bench/39 /pscratch/sd/n/nlewi26/pdc_curl_analysis_bench/4 /pscratch/sd/n/nlewi26/pdc_curl_analysis_bench/40 /pscratch/sd/n/nlewi26/pdc_curl_analysis_bench/41 /pscratch/sd/n/nlewi26/pdc_curl_analysis_bench/42 /pscratch/sd/n/nlewi26/pdc_curl_analysis_bench/43 /pscratch/sd/n/nlewi26/pdc_curl_analysis_bench/44 /pscratch/sd/n/nlewi26/pdc_curl_analysis_bench/45 /pscratch/sd/n/nlewi26/pdc_curl_analysis_bench/46 /pscratch/sd/n/nlewi26/pdc_curl_analysis_bench/47 /pscratch/sd/n/nlewi26/pdc_curl_analysis_bench/48 /pscratch/sd/n/nlewi26/pdc_curl_analysis_bench/49 /pscratch/sd/n/nlewi26/pdc_curl_analysis_bench/5 /pscratch/sd/n/nlewi26/pdc_curl_analysis_bench/50 /pscratch/sd/n/nlewi26/pdc_curl_analysis_bench/51 /pscratch/sd/n/nlewi26/pdc_curl_analysis_bench/52 /pscratch/sd/n/nlewi26/pdc_curl_analysis_bench/53 /pscratch/sd/n/nlewi26/pdc_curl_analysis_bench/54 /pscratch/sd/n/nlewi26/pdc_curl_analysis_bench/55 /pscratch/sd/n/nlewi26/pdc_curl_analysis_bench/56 /pscratch/sd/n/nlewi26/pdc_curl_analysis_bench/57 /pscratch/sd/n/nlewi26/pdc_curl_analysis_bench/58 /pscratch/sd/n/nlewi26/pdc_curl_analysis_bench/59 /pscratch/sd/n/nlewi26/pdc_curl_analysis_bench/6 /pscratch/sd/n/nlewi26/pdc_curl_analysis_bench/60 /pscratch/sd/n/nlewi26/pdc_curl_analysis_bench/61 /pscratch/sd/n/nlewi26/pdc_curl_analysis_bench/62 /pscratch/sd/n/nlewi26/pdc_curl_analysis_bench/63 /pscratch/sd/n/nlewi26/pdc_curl_analysis_bench/64 /pscratch/sd/n/nlewi26/pdc_curl_analysis_bench/65 /pscratch/sd/n/nlewi26/pdc_curl_analysis_bench/66 /pscratch/sd/n/nlewi26/pdc_curl_analysis_bench/67 /pscratch/sd/n/nlewi26/pdc_curl_analysis_bench/68 /pscratch/sd/n/nlewi26/pdc_curl_analysis_bench/69 /pscratch/sd/n/nlewi26/pdc_curl_analysis_bench/7 /pscratch/sd/n/nlewi26/pdc_curl_analysis_bench/70 /pscratch/sd/n/nlewi26/pdc_curl_analysis_bench/71 /pscratch/sd/n/nlewi26/pdc_curl_analysis_bench/72 /pscratch/sd/n/nlewi26/pdc_curl_analysis_bench/73 /pscratch/sd/n/nlewi26/pdc_curl_analysis_bench/74 /pscratch/sd/n/nlewi26/pdc_curl_analysis_bench/75 /pscratch/sd/n/nlewi26/pdc_curl_analysis_bench/76 /pscratch/sd/n/nlewi26/pdc_curl_analysis_bench/77 /pscratch/sd/n/nlewi26/pdc_curl_analysis_bench/78 /pscratch/sd/n/nlewi26/pdc_curl_analysis_bench/79 /pscratch/sd/n/nlewi26/pdc_curl_analysis_bench/8 /pscratch/sd/n/nlewi26/pdc_curl_analysis_bench/80 /pscratch/sd/n/nlewi26/pdc_curl_analysis_bench/81 /pscratch/sd/n/nlewi26/pdc_curl_analysis_bench/82 /pscratch/sd/n/nlewi26/pdc_curl_analysis_bench/83 /pscratch/sd/n/nlewi26/pdc_curl_analysis_bench/84 /pscratch/sd/n/nlewi26/pdc_curl_analysis_bench/85 /pscratch/sd/n/nlewi26/pdc_curl_analysis_bench/86 /pscratch/sd/n/nlewi26/pdc_curl_analysis_bench/87 /pscratch/sd/n/nlewi26/pdc_curl_analysis_bench/88 /pscratch/sd/n/nlewi26/pdc_curl_analysis_bench/89 /pscratch/sd/n/nlewi26/pdc_curl_analysis_bench/9 /pscratch/sd/n/nlewi26/pdc_curl_analysis_bench/90 /pscratch/sd/n/nlewi26/pdc_curl_analysis_bench/91 /pscratch/sd/n/nlewi26/pdc_curl_analysis_bench/92 /pscratch/sd/n/nlewi26/pdc_curl_analysis_bench/93 /pscratch/sd/n/nlewi26/pdc_curl_analysis_bench/94 /pscratch/sd/n/nlewi26/pdc_curl_analysis_bench/95 /pscratch/sd/n/nlewi26/pdc_curl_analysis_bench/96 /pscratch/sd/n/nlewi26/pdc_curl_analysis_bench/97 /pscratch/sd/n/nlewi26/pdc_curl_analysis_bench/98 /pscratch/sd/n/nlewi26/pdc_curl_analysis_bench/99 /pscratch/sd/n/nlewi26/pdc_curl_analysis_bench/pdc_data
+ popd
/pscratch/sd/n/nlewi26/src/work_space/source/pdc/pdc_helper_scripts/curl_analysis_scripts
+ srun -N 32 -n 256 --ntasks-per-node=8 --error=server_curl_posthoc_write_32.err --output=server_curl_posthoc_write_32.log bash -c 'export HG_HOST=cxi0:$SLURM_LOCALID; exec ./pdc_server'
+ sleep 10
+ pushd /pscratch/sd/n/nlewi26/src/work_space/source/pdc/pdc_helper_scripts/curl_analysis_scripts/../../build/bin
/pscratch/sd/n/nlewi26/src/work_space/source/pdc/build/bin /pscratch/sd/n/nlewi26/src/work_space/source/pdc/pdc_helper_scripts/curl_analysis_scripts
+ srun -N 32 -n 1024 --ntasks-per-node=32 --output=client_curl_posthoc_write_32.log --error=client_curl_posthoc_write_32.err bash -c 'export HG_HOST=cxi0:$((SLURM_LOCALID + 8)); exec ./bench_curl_write "$NX" "$NY" "$NZ_PER_RANK"'
+ popd
/pscratch/sd/n/nlewi26/src/work_space/source/pdc/pdc_helper_scripts/curl_analysis_scripts
++ grep '^curl_posthoc_write,' /pscratch/sd/n/nlewi26/src/work_space/source/pdc/pdc_helper_scripts/curl_analysis_scripts/../../build/bin/client_curl_posthoc_write_32.log
+ lines='curl_posthoc_write,0,1024,256,256,64,0.580926,0.279715
curl_posthoc_write,1,1024,256,256,64,0.580926,0.234391
curl_posthoc_write,2,1024,256,256,64,0.580926,0.220391'
+ '[' -z 'curl_posthoc_write,0,1024,256,256,64,0.580926,0.279715
curl_posthoc_write,1,1024,256,256,64,0.580926,0.234391
curl_posthoc_write,2,1024,256,256,64,0.580926,0.220391' ']'
+ echo 'curl_posthoc_write,0,1024,256,256,64,0.580926,0.279715
curl_posthoc_write,1,1024,256,256,64,0.580926,0.234391
curl_posthoc_write,2,1024,256,256,64,0.580926,0.220391'
+ pushd /pscratch/sd/n/nlewi26/src/work_space/source/pdc/pdc_helper_scripts/curl_analysis_scripts/../../build/bin
/pscratch/sd/n/nlewi26/src/work_space/source/pdc/build/bin /pscratch/sd/n/nlewi26/src/work_space/source/pdc/pdc_helper_scripts/curl_analysis_scripts
+ srun -N 32 -n 256 --ntasks-per-node=8 --error=close_server_curl_posthoc_write_32.err --output=close_server_curl_posthoc_write_32.log bash -c 'export HG_HOST=cxi0:$((SLURM_LOCALID + 8)); exec ./close_server'
+ popd
/pscratch/sd/n/nlewi26/src/work_space/source/pdc/pdc_helper_scripts/curl_analysis_scripts
+ sleep 2
+ pushd /pscratch/sd/n/nlewi26/src/work_space/source/pdc/pdc_helper_scripts/curl_analysis_scripts/../../build/bin
/pscratch/sd/n/nlewi26/src/work_space/source/pdc/build/bin /pscratch/sd/n/nlewi26/src/work_space/source/pdc/pdc_helper_scripts/curl_analysis_scripts
+ popd
/pscratch/sd/n/nlewi26/src/work_space/source/pdc/pdc_helper_scripts/curl_analysis_scripts
+ srun -N 32 -n 256 --ntasks-per-node=8 --error=server_restart_curl_posthoc_write_32.err --output=server_restart_curl_posthoc_write_32.log bash -c 'export HG_HOST=cxi0:$SLURM_LOCALID; exec ./pdc_server restart'
+ sleep 10
+ pushd /pscratch/sd/n/nlewi26/src/work_space/source/pdc/pdc_helper_scripts/curl_analysis_scripts/../../build/bin
/pscratch/sd/n/nlewi26/src/work_space/source/pdc/build/bin /pscratch/sd/n/nlewi26/src/work_space/source/pdc/pdc_helper_scripts/curl_analysis_scripts
+ srun -N 32 -n 1024 --ntasks-per-node=32 --output=client_curl_posthoc_analyze_32.log --error=client_curl_posthoc_analyze_32.err bash -c 'export HG_HOST=cxi0:$((SLURM_LOCALID + 8)); exec ./bench_curl_analyze "$NX" "$NY" "$NZ_PER_RANK" "$COMPRESS"'
+ popd
/pscratch/sd/n/nlewi26/src/work_space/source/pdc/pdc_helper_scripts/curl_analysis_scripts
++ grep '^curl_posthoc_analyze,' /pscratch/sd/n/nlewi26/src/work_space/source/pdc/pdc_helper_scripts/curl_analysis_scripts/../../build/bin/client_curl_posthoc_analyze_32.log
+ lines='curl_posthoc_analyze,0,1024,256,256,64,0,0.675121,0.422641,0.063831,0.379833,0.022993,0.193195,1.757613,0
curl_posthoc_analyze,1,1024,256,256,64,0,0.675121,0.412480,0.050651,0.410005,0.019835,0.193574,1.761666,0
curl_posthoc_analyze,2,1024,256,256,64,0,0.675121,0.412710,0.045538,0.373592,0.021159,0.200054,1.728174,0'
+ '[' -z 'curl_posthoc_analyze,0,1024,256,256,64,0,0.675121,0.422641,0.063831,0.379833,0.022993,0.193195,1.757613,0
curl_posthoc_analyze,1,1024,256,256,64,0,0.675121,0.412480,0.050651,0.410005,0.019835,0.193574,1.761666,0
curl_posthoc_analyze,2,1024,256,256,64,0,0.675121,0.412710,0.045538,0.373592,0.021159,0.200054,1.728174,0' ']'
+ echo 'curl_posthoc_analyze,0,1024,256,256,64,0,0.675121,0.422641,0.063831,0.379833,0.022993,0.193195,1.757613,0
curl_posthoc_analyze,1,1024,256,256,64,0,0.675121,0.412480,0.050651,0.410005,0.019835,0.193574,1.761666,0
curl_posthoc_analyze,2,1024,256,256,64,0,0.675121,0.412710,0.045538,0.373592,0.021159,0.200054,1.728174,0'
+ pushd /pscratch/sd/n/nlewi26/src/work_space/source/pdc/pdc_helper_scripts/curl_analysis_scripts/../../build/bin
/pscratch/sd/n/nlewi26/src/work_space/source/pdc/build/bin /pscratch/sd/n/nlewi26/src/work_space/source/pdc/pdc_helper_scripts/curl_analysis_scripts
+ srun -N 32 -n 256 --ntasks-per-node=8 --error=close_server_curl_posthoc_analyze_32.err --output=close_server_curl_posthoc_analyze_32.log bash -c 'export HG_HOST=cxi0:$((SLURM_LOCALID + 8)); exec ./close_server'
+ popd
/pscratch/sd/n/nlewi26/src/work_space/source/pdc/pdc_helper_scripts/curl_analysis_scripts
+ sleep 2
Data size check: expected=566935683072 bytes, actual=566958120960 bytes
OK: actual/expected data size ratio 1.000 within tolerance
Done. Results in /pscratch/sd/n/nlewi26/src/work_space/source/pdc/pdc_helper_scripts/curl_analysis_scripts/results_curl_posthoc_58753293.csv
