Lustre striping: count=128 size=67108864 bytes (64 MiB/rank), target=/pscratch/sd/n/nlewi26/hdf5_analysis_bench/hdf5_bench_magnitude_32.h5
+ pushd /pscratch/sd/n/nlewi26/src/work_space/source/pdc/pdc_helper_scripts/analysis_scripts/../../hdf5_analysis_test
/pscratch/sd/n/nlewi26/src/work_space/source/pdc/hdf5_analysis_test /pscratch/sd/n/nlewi26/src/work_space/source/pdc/pdc_helper_scripts/analysis_scripts
+ srun -N 32 -n 1024 --ntasks-per-node=32 --output=client_hdf5_write_32.log --error=client_hdf5_write_32.err ./hdf5_bench_write 16777216 /pscratch/sd/n/nlewi26/hdf5_analysis_bench/hdf5_bench_magnitude_32.h5
+ popd
/pscratch/sd/n/nlewi26/src/work_space/source/pdc/pdc_helper_scripts/analysis_scripts
++ grep '^posthoc_write,' /pscratch/sd/n/nlewi26/src/work_space/source/pdc/pdc_helper_scripts/analysis_scripts/../../hdf5_analysis_test/client_hdf5_write_32.log
+ lines='posthoc_write,0,1024,16777216,0.453258,17.539837
posthoc_write,1,1024,16777216,0.453258,16.348520
posthoc_write,2,1024,16777216,0.453258,16.563502'
+ '[' -z 'posthoc_write,0,1024,16777216,0.453258,17.539837
posthoc_write,1,1024,16777216,0.453258,16.348520
posthoc_write,2,1024,16777216,0.453258,16.563502' ']'
+ echo 'posthoc_write,0,1024,16777216,0.453258,17.539837
posthoc_write,1,1024,16777216,0.453258,16.348520
posthoc_write,2,1024,16777216,0.453258,16.563502'
+ pushd /pscratch/sd/n/nlewi26/src/work_space/source/pdc/pdc_helper_scripts/analysis_scripts/../../hdf5_analysis_test
/pscratch/sd/n/nlewi26/src/work_space/source/pdc/hdf5_analysis_test /pscratch/sd/n/nlewi26/src/work_space/source/pdc/pdc_helper_scripts/analysis_scripts
+ srun -N 32 -n 1024 --ntasks-per-node=32 --output=client_hdf5_analyze_32.log --error=client_hdf5_analyze_32.err ./hdf5_bench_posthoc_analyze 16777216 /pscratch/sd/n/nlewi26/hdf5_analysis_bench/hdf5_bench_magnitude_32.h5
+ popd
/pscratch/sd/n/nlewi26/src/work_space/source/pdc/pdc_helper_scripts/analysis_scripts
++ grep '^posthoc_analyze,' /pscratch/sd/n/nlewi26/src/work_space/source/pdc/pdc_helper_scripts/analysis_scripts/../../hdf5_analysis_test/client_hdf5_analyze_32.log
+ lines='posthoc_analyze,0,1024,16777216,0.302490,2.140456,0.070906,12.794695,15.006058,0
posthoc_analyze,1,1024,16777216,0.302490,2.059109,0.052726,12.641992,14.753827,0
posthoc_analyze,2,1024,16777216,0.302490,2.784809,0.052551,13.573954,16.411313,0'
+ '[' -z 'posthoc_analyze,0,1024,16777216,0.302490,2.140456,0.070906,12.794695,15.006058,0
posthoc_analyze,1,1024,16777216,0.302490,2.059109,0.052726,12.641992,14.753827,0
posthoc_analyze,2,1024,16777216,0.302490,2.784809,0.052551,13.573954,16.411313,0' ']'
+ echo 'posthoc_analyze,0,1024,16777216,0.302490,2.140456,0.070906,12.794695,15.006058,0
posthoc_analyze,1,1024,16777216,0.302490,2.059109,0.052726,12.641992,14.753827,0
posthoc_analyze,2,1024,16777216,0.302490,2.784809,0.052551,13.573954,16.411313,0'
Done. Results in /pscratch/sd/n/nlewi26/src/work_space/source/pdc/pdc_helper_scripts/analysis_scripts/results_hdf5_58312653.csv
