Lustre striping: count=128 size=67108864 bytes (64 MiB/rank), target=/pscratch/sd/n/nlewi26/hdf5_analysis_bench/hdf5_bench_magnitude_64.h5
+ pushd /pscratch/sd/n/nlewi26/src/work_space/source/pdc/pdc_helper_scripts/analysis_scripts/../../hdf5_analysis_test
/pscratch/sd/n/nlewi26/src/work_space/source/pdc/hdf5_analysis_test /pscratch/sd/n/nlewi26/src/work_space/source/pdc/pdc_helper_scripts/analysis_scripts
+ srun -N 64 -n 2048 --ntasks-per-node=32 --output=client_hdf5_write_64.log --error=client_hdf5_write_64.err ./hdf5_bench_write 16777216 /pscratch/sd/n/nlewi26/hdf5_analysis_bench/hdf5_bench_magnitude_64.h5
+ popd
/pscratch/sd/n/nlewi26/src/work_space/source/pdc/pdc_helper_scripts/analysis_scripts
++ grep '^posthoc_write,' /pscratch/sd/n/nlewi26/src/work_space/source/pdc/pdc_helper_scripts/analysis_scripts/../../hdf5_analysis_test/client_hdf5_write_64.log
+ lines='posthoc_write,0,2048,16777216,0.977510,21.236205
posthoc_write,1,2048,16777216,0.977510,20.049476
posthoc_write,2,2048,16777216,0.977510,20.198291'
+ '[' -z 'posthoc_write,0,2048,16777216,0.977510,21.236205
posthoc_write,1,2048,16777216,0.977510,20.049476
posthoc_write,2,2048,16777216,0.977510,20.198291' ']'
+ echo 'posthoc_write,0,2048,16777216,0.977510,21.236205
posthoc_write,1,2048,16777216,0.977510,20.049476
posthoc_write,2,2048,16777216,0.977510,20.198291'
+ pushd /pscratch/sd/n/nlewi26/src/work_space/source/pdc/pdc_helper_scripts/analysis_scripts/../../hdf5_analysis_test
/pscratch/sd/n/nlewi26/src/work_space/source/pdc/hdf5_analysis_test /pscratch/sd/n/nlewi26/src/work_space/source/pdc/pdc_helper_scripts/analysis_scripts
+ srun -N 64 -n 2048 --ntasks-per-node=32 --output=client_hdf5_analyze_64.log --error=client_hdf5_analyze_64.err ./hdf5_bench_posthoc_analyze 16777216 /pscratch/sd/n/nlewi26/hdf5_analysis_bench/hdf5_bench_magnitude_64.h5
+ popd
/pscratch/sd/n/nlewi26/src/work_space/source/pdc/pdc_helper_scripts/analysis_scripts
++ grep '^posthoc_analyze,' /pscratch/sd/n/nlewi26/src/work_space/source/pdc/pdc_helper_scripts/analysis_scripts/../../hdf5_analysis_test/client_hdf5_analyze_64.log
+ lines='posthoc_analyze,0,2048,16777216,0.551720,10.049889,0.070648,17.575401,27.695938,0
posthoc_analyze,1,2048,16777216,0.551720,4.691226,0.052756,15.746709,20.490691,0
posthoc_analyze,2,2048,16777216,0.551720,6.070592,0.053308,17.179671,23.303570,0'
+ '[' -z 'posthoc_analyze,0,2048,16777216,0.551720,10.049889,0.070648,17.575401,27.695938,0
posthoc_analyze,1,2048,16777216,0.551720,4.691226,0.052756,15.746709,20.490691,0
posthoc_analyze,2,2048,16777216,0.551720,6.070592,0.053308,17.179671,23.303570,0' ']'
+ echo 'posthoc_analyze,0,2048,16777216,0.551720,10.049889,0.070648,17.575401,27.695938,0
posthoc_analyze,1,2048,16777216,0.551720,4.691226,0.052756,15.746709,20.490691,0
posthoc_analyze,2,2048,16777216,0.551720,6.070592,0.053308,17.179671,23.303570,0'
Done. Results in /pscratch/sd/n/nlewi26/src/work_space/source/pdc/pdc_helper_scripts/analysis_scripts/results_hdf5_58312654.csv
