Lustre striping: count=128 size=67108864 bytes (64 MiB/rank), target=/pscratch/sd/n/nlewi26/hdf5_analysis_bench/hdf5_bench_magnitude_16.h5
+ pushd /pscratch/sd/n/nlewi26/src/work_space/source/pdc/pdc_helper_scripts/analysis_scripts/../../hdf5_analysis_test
/pscratch/sd/n/nlewi26/src/work_space/source/pdc/hdf5_analysis_test /pscratch/sd/n/nlewi26/src/work_space/source/pdc/pdc_helper_scripts/analysis_scripts
+ srun -N 16 -n 512 --ntasks-per-node=32 --output=client_hdf5_write_16.log --error=client_hdf5_write_16.err ./hdf5_bench_write 16777216 /pscratch/sd/n/nlewi26/hdf5_analysis_bench/hdf5_bench_magnitude_16.h5
+ popd
/pscratch/sd/n/nlewi26/src/work_space/source/pdc/pdc_helper_scripts/analysis_scripts
++ grep '^posthoc_write,' /pscratch/sd/n/nlewi26/src/work_space/source/pdc/pdc_helper_scripts/analysis_scripts/../../hdf5_analysis_test/client_hdf5_write_16.log
+ lines='posthoc_write,0,512,16777216,0.208651,16.992279
posthoc_write,1,512,16777216,0.208651,15.913436
posthoc_write,2,512,16777216,0.208651,15.977017'
+ '[' -z 'posthoc_write,0,512,16777216,0.208651,16.992279
posthoc_write,1,512,16777216,0.208651,15.913436
posthoc_write,2,512,16777216,0.208651,15.977017' ']'
+ echo 'posthoc_write,0,512,16777216,0.208651,16.992279
posthoc_write,1,512,16777216,0.208651,15.913436
posthoc_write,2,512,16777216,0.208651,15.977017'
+ pushd /pscratch/sd/n/nlewi26/src/work_space/source/pdc/pdc_helper_scripts/analysis_scripts/../../hdf5_analysis_test
/pscratch/sd/n/nlewi26/src/work_space/source/pdc/hdf5_analysis_test /pscratch/sd/n/nlewi26/src/work_space/source/pdc/pdc_helper_scripts/analysis_scripts
+ srun -N 16 -n 512 --ntasks-per-node=32 --output=client_hdf5_analyze_16.log --error=client_hdf5_analyze_16.err ./hdf5_bench_posthoc_analyze 16777216 /pscratch/sd/n/nlewi26/hdf5_analysis_bench/hdf5_bench_magnitude_16.h5
+ popd
/pscratch/sd/n/nlewi26/src/work_space/source/pdc/pdc_helper_scripts/analysis_scripts
++ grep '^posthoc_analyze,' /pscratch/sd/n/nlewi26/src/work_space/source/pdc/pdc_helper_scripts/analysis_scripts/../../hdf5_analysis_test/client_hdf5_analyze_16.log
+ lines='posthoc_analyze,0,512,16777216,0.122099,1.332664,0.071157,12.905215,14.309036,0
posthoc_analyze,1,512,16777216,0.122099,1.228143,0.054934,12.571174,13.854250,0
posthoc_analyze,2,512,16777216,0.122099,1.225145,0.055333,12.928325,14.208804,0'
+ '[' -z 'posthoc_analyze,0,512,16777216,0.122099,1.332664,0.071157,12.905215,14.309036,0
posthoc_analyze,1,512,16777216,0.122099,1.228143,0.054934,12.571174,13.854250,0
posthoc_analyze,2,512,16777216,0.122099,1.225145,0.055333,12.928325,14.208804,0' ']'
+ echo 'posthoc_analyze,0,512,16777216,0.122099,1.332664,0.071157,12.905215,14.309036,0
posthoc_analyze,1,512,16777216,0.122099,1.228143,0.054934,12.571174,13.854250,0
posthoc_analyze,2,512,16777216,0.122099,1.225145,0.055333,12.928325,14.208804,0'
Done. Results in /pscratch/sd/n/nlewi26/src/work_space/source/pdc/pdc_helper_scripts/analysis_scripts/results_hdf5_58312652.csv
