Lustre striping: count=128 size=67108864 bytes (64 MiB/rank), target=/pscratch/sd/n/nlewi26/hdf5_analysis_bench/hdf5_bench_magnitude_4.h5
+ pushd /pscratch/sd/n/nlewi26/src/work_space/source/pdc/pdc_helper_scripts/analysis_scripts/../../hdf5_analysis_test
/pscratch/sd/n/nlewi26/src/work_space/source/pdc/hdf5_analysis_test /pscratch/sd/n/nlewi26/src/work_space/source/pdc/pdc_helper_scripts/analysis_scripts
+ srun -N 4 -n 128 --ntasks-per-node=32 --output=client_hdf5_write_4.log --error=client_hdf5_write_4.err ./hdf5_bench_write 16777216 /pscratch/sd/n/nlewi26/hdf5_analysis_bench/hdf5_bench_magnitude_4.h5
+ popd
/pscratch/sd/n/nlewi26/src/work_space/source/pdc/pdc_helper_scripts/analysis_scripts
++ grep '^posthoc_write,' /pscratch/sd/n/nlewi26/src/work_space/source/pdc/pdc_helper_scripts/analysis_scripts/../../hdf5_analysis_test/client_hdf5_write_4.log
+ lines='posthoc_write,0,128,16777216,0.129938,17.706494
posthoc_write,1,128,16777216,0.129938,16.834973
posthoc_write,2,128,16777216,0.129938,16.839651'
+ '[' -z 'posthoc_write,0,128,16777216,0.129938,17.706494
posthoc_write,1,128,16777216,0.129938,16.834973
posthoc_write,2,128,16777216,0.129938,16.839651' ']'
+ echo 'posthoc_write,0,128,16777216,0.129938,17.706494
posthoc_write,1,128,16777216,0.129938,16.834973
posthoc_write,2,128,16777216,0.129938,16.839651'
+ pushd /pscratch/sd/n/nlewi26/src/work_space/source/pdc/pdc_helper_scripts/analysis_scripts/../../hdf5_analysis_test
/pscratch/sd/n/nlewi26/src/work_space/source/pdc/hdf5_analysis_test /pscratch/sd/n/nlewi26/src/work_space/source/pdc/pdc_helper_scripts/analysis_scripts
+ srun -N 4 -n 128 --ntasks-per-node=32 --output=client_hdf5_analyze_4.log --error=client_hdf5_analyze_4.err ./hdf5_bench_posthoc_analyze 16777216 /pscratch/sd/n/nlewi26/hdf5_analysis_bench/hdf5_bench_magnitude_4.h5
+ popd
/pscratch/sd/n/nlewi26/src/work_space/source/pdc/pdc_helper_scripts/analysis_scripts
++ grep '^posthoc_analyze,' /pscratch/sd/n/nlewi26/src/work_space/source/pdc/pdc_helper_scripts/analysis_scripts/../../hdf5_analysis_test/client_hdf5_analyze_4.log
+ lines='posthoc_analyze,0,128,16777216,0.058204,0.673848,0.069651,13.250707,13.994206,0
posthoc_analyze,1,128,16777216,0.058204,0.657847,0.056865,12.777632,13.492344,0
posthoc_analyze,2,128,16777216,0.058204,0.727077,0.056400,12.578825,13.362302,0'
+ '[' -z 'posthoc_analyze,0,128,16777216,0.058204,0.673848,0.069651,13.250707,13.994206,0
posthoc_analyze,1,128,16777216,0.058204,0.657847,0.056865,12.777632,13.492344,0
posthoc_analyze,2,128,16777216,0.058204,0.727077,0.056400,12.578825,13.362302,0' ']'
+ echo 'posthoc_analyze,0,128,16777216,0.058204,0.673848,0.069651,13.250707,13.994206,0
posthoc_analyze,1,128,16777216,0.058204,0.657847,0.056865,12.777632,13.492344,0
posthoc_analyze,2,128,16777216,0.058204,0.727077,0.056400,12.578825,13.362302,0'
Done. Results in /pscratch/sd/n/nlewi26/src/work_space/source/pdc/pdc_helper_scripts/analysis_scripts/results_hdf5_58312650.csv
