Lustre striping: count=128 size=67108864 bytes (64 MiB/rank), target=/pscratch/sd/n/nlewi26/hdf5_analysis_bench/hdf5_bench_magnitude_2.h5
+ pushd /pscratch/sd/n/nlewi26/src/work_space/source/pdc/pdc_helper_scripts/analysis_scripts/../../hdf5_analysis_test
/pscratch/sd/n/nlewi26/src/work_space/source/pdc/hdf5_analysis_test /pscratch/sd/n/nlewi26/src/work_space/source/pdc/pdc_helper_scripts/analysis_scripts
+ srun -N 2 -n 64 --ntasks-per-node=32 --output=client_hdf5_write_2.log --error=client_hdf5_write_2.err ./hdf5_bench_write 16777216 /pscratch/sd/n/nlewi26/hdf5_analysis_bench/hdf5_bench_magnitude_2.h5
+ popd
/pscratch/sd/n/nlewi26/src/work_space/source/pdc/pdc_helper_scripts/analysis_scripts
++ grep '^posthoc_write,' /pscratch/sd/n/nlewi26/src/work_space/source/pdc/pdc_helper_scripts/analysis_scripts/../../hdf5_analysis_test/client_hdf5_write_2.log
+ lines='posthoc_write,0,64,16777216,0.089973,18.522322
posthoc_write,1,64,16777216,0.089973,18.140726
posthoc_write,2,64,16777216,0.089973,18.066056'
+ '[' -z 'posthoc_write,0,64,16777216,0.089973,18.522322
posthoc_write,1,64,16777216,0.089973,18.140726
posthoc_write,2,64,16777216,0.089973,18.066056' ']'
+ echo 'posthoc_write,0,64,16777216,0.089973,18.522322
posthoc_write,1,64,16777216,0.089973,18.140726
posthoc_write,2,64,16777216,0.089973,18.066056'
+ pushd /pscratch/sd/n/nlewi26/src/work_space/source/pdc/pdc_helper_scripts/analysis_scripts/../../hdf5_analysis_test
/pscratch/sd/n/nlewi26/src/work_space/source/pdc/hdf5_analysis_test /pscratch/sd/n/nlewi26/src/work_space/source/pdc/pdc_helper_scripts/analysis_scripts
+ srun -N 2 -n 64 --ntasks-per-node=32 --output=client_hdf5_analyze_2.log --error=client_hdf5_analyze_2.err ./hdf5_bench_posthoc_analyze 16777216 /pscratch/sd/n/nlewi26/hdf5_analysis_bench/hdf5_bench_magnitude_2.h5
+ popd
/pscratch/sd/n/nlewi26/src/work_space/source/pdc/pdc_helper_scripts/analysis_scripts
++ grep '^posthoc_analyze,' /pscratch/sd/n/nlewi26/src/work_space/source/pdc/pdc_helper_scripts/analysis_scripts/../../hdf5_analysis_test/client_hdf5_analyze_2.log
+ lines='posthoc_analyze,0,64,16777216,0.050006,0.666131,0.069854,13.001519,13.737504,0
posthoc_analyze,1,64,16777216,0.050006,0.476976,0.050857,12.840469,13.368302,0
posthoc_analyze,2,64,16777216,0.050006,0.496419,0.051869,12.870662,13.418950,0'
+ '[' -z 'posthoc_analyze,0,64,16777216,0.050006,0.666131,0.069854,13.001519,13.737504,0
posthoc_analyze,1,64,16777216,0.050006,0.476976,0.050857,12.840469,13.368302,0
posthoc_analyze,2,64,16777216,0.050006,0.496419,0.051869,12.870662,13.418950,0' ']'
+ echo 'posthoc_analyze,0,64,16777216,0.050006,0.666131,0.069854,13.001519,13.737504,0
posthoc_analyze,1,64,16777216,0.050006,0.476976,0.050857,12.840469,13.368302,0
posthoc_analyze,2,64,16777216,0.050006,0.496419,0.051869,12.870662,13.418950,0'
Done. Results in /pscratch/sd/n/nlewi26/src/work_space/source/pdc/pdc_helper_scripts/analysis_scripts/results_hdf5_58395947.csv
