Lustre striping: count=128 size=67108864 bytes (64 MiB/rank), target=/pscratch/sd/n/nlewi26/hdf5_analysis_bench/hdf5_bench_magnitude_1.h5
+ pushd /pscratch/sd/n/nlewi26/src/work_space/source/pdc/pdc_helper_scripts/analysis_scripts/../../hdf5_analysis_test
/pscratch/sd/n/nlewi26/src/work_space/source/pdc/hdf5_analysis_test /pscratch/sd/n/nlewi26/src/work_space/source/pdc/pdc_helper_scripts/analysis_scripts
+ srun -N 1 -n 32 --ntasks-per-node=32 --output=client_hdf5_write_1.log --error=client_hdf5_write_1.err ./hdf5_bench_write 16777216 /pscratch/sd/n/nlewi26/hdf5_analysis_bench/hdf5_bench_magnitude_1.h5
+ popd
/pscratch/sd/n/nlewi26/src/work_space/source/pdc/pdc_helper_scripts/analysis_scripts
++ grep '^posthoc_write,' /pscratch/sd/n/nlewi26/src/work_space/source/pdc/pdc_helper_scripts/analysis_scripts/../../hdf5_analysis_test/client_hdf5_write_1.log
+ lines='posthoc_write,0,32,16777216,0.080164,18.739402
posthoc_write,1,32,16777216,0.080164,20.353721
posthoc_write,2,32,16777216,0.080164,20.297700'
+ '[' -z 'posthoc_write,0,32,16777216,0.080164,18.739402
posthoc_write,1,32,16777216,0.080164,20.353721
posthoc_write,2,32,16777216,0.080164,20.297700' ']'
+ echo 'posthoc_write,0,32,16777216,0.080164,18.739402
posthoc_write,1,32,16777216,0.080164,20.353721
posthoc_write,2,32,16777216,0.080164,20.297700'
+ pushd /pscratch/sd/n/nlewi26/src/work_space/source/pdc/pdc_helper_scripts/analysis_scripts/../../hdf5_analysis_test
/pscratch/sd/n/nlewi26/src/work_space/source/pdc/hdf5_analysis_test /pscratch/sd/n/nlewi26/src/work_space/source/pdc/pdc_helper_scripts/analysis_scripts
+ srun -N 1 -n 32 --ntasks-per-node=32 --output=client_hdf5_analyze_1.log --error=client_hdf5_analyze_1.err ./hdf5_bench_posthoc_analyze 16777216 /pscratch/sd/n/nlewi26/hdf5_analysis_bench/hdf5_bench_magnitude_1.h5
+ popd
/pscratch/sd/n/nlewi26/src/work_space/source/pdc/pdc_helper_scripts/analysis_scripts
++ grep '^posthoc_analyze,' /pscratch/sd/n/nlewi26/src/work_space/source/pdc/pdc_helper_scripts/analysis_scripts/../../hdf5_analysis_test/client_hdf5_analyze_1.log
+ lines='posthoc_analyze,0,32,16777216,0.031715,0.152575,0.069040,13.568342,13.789957,0
posthoc_analyze,1,32,16777216,0.031715,0.134069,0.070093,13.644794,13.848955,0
posthoc_analyze,2,32,16777216,0.031715,0.138295,0.079175,13.589791,13.807261,0'
+ '[' -z 'posthoc_analyze,0,32,16777216,0.031715,0.152575,0.069040,13.568342,13.789957,0
posthoc_analyze,1,32,16777216,0.031715,0.134069,0.070093,13.644794,13.848955,0
posthoc_analyze,2,32,16777216,0.031715,0.138295,0.079175,13.589791,13.807261,0' ']'
+ echo 'posthoc_analyze,0,32,16777216,0.031715,0.152575,0.069040,13.568342,13.789957,0
posthoc_analyze,1,32,16777216,0.031715,0.134069,0.070093,13.644794,13.848955,0
posthoc_analyze,2,32,16777216,0.031715,0.138295,0.079175,13.589791,13.807261,0'
Done. Results in /pscratch/sd/n/nlewi26/src/work_space/source/pdc/pdc_helper_scripts/analysis_scripts/results_hdf5_58395946.csv
