+ pushd /pscratch/sd/n/nlewi26/src/work_space/source/pdc/pdc_helper_scripts/analysis_scripts/../../build/bin
/pscratch/sd/n/nlewi26/src/work_space/source/pdc/build/bin /pscratch/sd/n/nlewi26/src/work_space/source/pdc/pdc_helper_scripts/analysis_scripts
+ rm -rf /pscratch/sd/n/nlewi26/pdc_analysis_bench/0 /pscratch/sd/n/nlewi26/pdc_analysis_bench/1 /pscratch/sd/n/nlewi26/pdc_analysis_bench/10 /pscratch/sd/n/nlewi26/pdc_analysis_bench/11 /pscratch/sd/n/nlewi26/pdc_analysis_bench/12 /pscratch/sd/n/nlewi26/pdc_analysis_bench/13 /pscratch/sd/n/nlewi26/pdc_analysis_bench/14 /pscratch/sd/n/nlewi26/pdc_analysis_bench/15 /pscratch/sd/n/nlewi26/pdc_analysis_bench/16 /pscratch/sd/n/nlewi26/pdc_analysis_bench/17 /pscratch/sd/n/nlewi26/pdc_analysis_bench/18 /pscratch/sd/n/nlewi26/pdc_analysis_bench/19 /pscratch/sd/n/nlewi26/pdc_analysis_bench/2 /pscratch/sd/n/nlewi26/pdc_analysis_bench/20 /pscratch/sd/n/nlewi26/pdc_analysis_bench/21 /pscratch/sd/n/nlewi26/pdc_analysis_bench/22 /pscratch/sd/n/nlewi26/pdc_analysis_bench/23 /pscratch/sd/n/nlewi26/pdc_analysis_bench/24 /pscratch/sd/n/nlewi26/pdc_analysis_bench/25 /pscratch/sd/n/nlewi26/pdc_analysis_bench/26 /pscratch/sd/n/nlewi26/pdc_analysis_bench/27 /pscratch/sd/n/nlewi26/pdc_analysis_bench/28 /pscratch/sd/n/nlewi26/pdc_analysis_bench/29 /pscratch/sd/n/nlewi26/pdc_analysis_bench/3 /pscratch/sd/n/nlewi26/pdc_analysis_bench/30 /pscratch/sd/n/nlewi26/pdc_analysis_bench/31 /pscratch/sd/n/nlewi26/pdc_analysis_bench/4 /pscratch/sd/n/nlewi26/pdc_analysis_bench/5 /pscratch/sd/n/nlewi26/pdc_analysis_bench/6 /pscratch/sd/n/nlewi26/pdc_analysis_bench/7 /pscratch/sd/n/nlewi26/pdc_analysis_bench/8 /pscratch/sd/n/nlewi26/pdc_analysis_bench/9 /pscratch/sd/n/nlewi26/pdc_analysis_bench/pdc_data
+ popd
+ srun -N 8 -n 64 --ntasks-per-node=8 --error=server_posthoc_8.err --output=server_posthoc_8.log bash -c 'export HG_HOST=cxi0:$SLURM_LOCALID; exec ./pdc_server'
/pscratch/sd/n/nlewi26/src/work_space/source/pdc/pdc_helper_scripts/analysis_scripts
+ sleep 10
+ pushd /pscratch/sd/n/nlewi26/src/work_space/source/pdc/pdc_helper_scripts/analysis_scripts/../../build/bin
/pscratch/sd/n/nlewi26/src/work_space/source/pdc/build/bin /pscratch/sd/n/nlewi26/src/work_space/source/pdc/pdc_helper_scripts/analysis_scripts
+ srun -N 8 -n 256 --ntasks-per-node=32 --output=client_posthoc_write_8.log --error=client_posthoc_write_8.err bash -c 'export HG_HOST=cxi0:$((SLURM_LOCALID + 8)); exec ./bench_write_components "$N_ELEM"'
+ popd
/pscratch/sd/n/nlewi26/src/work_space/source/pdc/pdc_helper_scripts/analysis_scripts
++ grep '^posthoc_write,' /pscratch/sd/n/nlewi26/src/work_space/source/pdc/pdc_helper_scripts/analysis_scripts/../../build/bin/client_posthoc_write_8.log
+ lines='posthoc_write,0,256,16777216,0.141641,0.489107
posthoc_write,1,256,16777216,0.141641,0.574634
posthoc_write,2,256,16777216,0.141641,0.517492'
+ '[' -z 'posthoc_write,0,256,16777216,0.141641,0.489107
posthoc_write,1,256,16777216,0.141641,0.574634
posthoc_write,2,256,16777216,0.141641,0.517492' ']'
+ echo 'posthoc_write,0,256,16777216,0.141641,0.489107
posthoc_write,1,256,16777216,0.141641,0.574634
posthoc_write,2,256,16777216,0.141641,0.517492'
+ pushd /pscratch/sd/n/nlewi26/src/work_space/source/pdc/pdc_helper_scripts/analysis_scripts/../../build/bin
/pscratch/sd/n/nlewi26/src/work_space/source/pdc/build/bin /pscratch/sd/n/nlewi26/src/work_space/source/pdc/pdc_helper_scripts/analysis_scripts
+ srun -N 8 -n 64 --ntasks-per-node=8 --error=close_server_posthoc_8.err --output=close_server_posthoc_8.log bash -c 'export HG_HOST=cxi0:$((SLURM_LOCALID + 8)); exec ./close_server'
+ popd
/pscratch/sd/n/nlewi26/src/work_space/source/pdc/pdc_helper_scripts/analysis_scripts
+ sleep 2
+ pushd /pscratch/sd/n/nlewi26/src/work_space/source/pdc/pdc_helper_scripts/analysis_scripts/../../build/bin
/pscratch/sd/n/nlewi26/src/work_space/source/pdc/build/bin /pscratch/sd/n/nlewi26/src/work_space/source/pdc/pdc_helper_scripts/analysis_scripts
+ popd
/pscratch/sd/n/nlewi26/src/work_space/source/pdc/pdc_helper_scripts/analysis_scripts
+ srun -N 8 -n 64 --ntasks-per-node=8 --error=server_restart_posthoc_8.err --output=server_restart_posthoc_8.log bash -c 'export HG_HOST=cxi0:$SLURM_LOCALID; exec ./pdc_server restart'
+ sleep 10
+ pushd /pscratch/sd/n/nlewi26/src/work_space/source/pdc/pdc_helper_scripts/analysis_scripts/../../build/bin
/pscratch/sd/n/nlewi26/src/work_space/source/pdc/build/bin /pscratch/sd/n/nlewi26/src/work_space/source/pdc/pdc_helper_scripts/analysis_scripts
+ srun -N 8 -n 256 --ntasks-per-node=32 --output=client_posthoc_analyze_8.log --error=client_posthoc_analyze_8.err bash -c 'export HG_HOST=cxi0:$((SLURM_LOCALID + 8)); exec ./bench_posthoc_analyze "$N_ELEM"'
+ popd
/pscratch/sd/n/nlewi26/src/work_space/source/pdc/pdc_helper_scripts/analysis_scripts
++ grep '^posthoc_analyze,' /pscratch/sd/n/nlewi26/src/work_space/source/pdc/pdc_helper_scripts/analysis_scripts/../../build/bin/client_posthoc_analyze_8.log
+ lines='posthoc_analyze,0,256,16777216,0.138491,0.794992,0.069368,0.413428,1.277788,0
posthoc_analyze,1,256,16777216,0.138491,0.778046,0.060602,0.431536,1.270184,0
posthoc_analyze,2,256,16777216,0.138491,0.776682,0.059612,0.427625,1.263919,0'
+ '[' -z 'posthoc_analyze,0,256,16777216,0.138491,0.794992,0.069368,0.413428,1.277788,0
posthoc_analyze,1,256,16777216,0.138491,0.778046,0.060602,0.431536,1.270184,0
posthoc_analyze,2,256,16777216,0.138491,0.776682,0.059612,0.427625,1.263919,0' ']'
+ echo 'posthoc_analyze,0,256,16777216,0.138491,0.794992,0.069368,0.413428,1.277788,0
posthoc_analyze,1,256,16777216,0.138491,0.778046,0.060602,0.431536,1.270184,0
posthoc_analyze,2,256,16777216,0.138491,0.776682,0.059612,0.427625,1.263919,0'
+ pushd /pscratch/sd/n/nlewi26/src/work_space/source/pdc/pdc_helper_scripts/analysis_scripts/../../build/bin
/pscratch/sd/n/nlewi26/src/work_space/source/pdc/build/bin /pscratch/sd/n/nlewi26/src/work_space/source/pdc/pdc_helper_scripts/analysis_scripts
+ srun -N 8 -n 64 --ntasks-per-node=8 --error=close_server_posthoc_8.err --output=close_server_posthoc_8.log bash -c 'export HG_HOST=cxi0:$((SLURM_LOCALID + 8)); exec ./close_server'
+ popd
/pscratch/sd/n/nlewi26/src/work_space/source/pdc/pdc_helper_scripts/analysis_scripts
+ sleep 2
Done. Results in /pscratch/sd/n/nlewi26/src/work_space/source/pdc/pdc_helper_scripts/analysis_scripts/results_posthoc_58396767.csv
