+ pushd /pscratch/sd/n/nlewi26/src/work_space/source/pdc/pdc_helper_scripts/analysis_scripts/../../build/bin
/pscratch/sd/n/nlewi26/src/work_space/source/pdc/build/bin /pscratch/sd/n/nlewi26/src/work_space/source/pdc/pdc_helper_scripts/analysis_scripts
+ rm -rf /pscratch/sd/n/nlewi26/pdc_analysis_bench/0 /pscratch/sd/n/nlewi26/pdc_analysis_bench/1 /pscratch/sd/n/nlewi26/pdc_analysis_bench/2 /pscratch/sd/n/nlewi26/pdc_analysis_bench/3 /pscratch/sd/n/nlewi26/pdc_analysis_bench/pdc_data
+ popd
+ srun -N 4 -n 8 --ntasks-per-node=2 --error=server_eager_4.err --output=server_eager_4.log bash -c 'export HG_HOST=cxi0:$SLURM_LOCALID; exec ./pdc_server'
/pscratch/sd/n/nlewi26/src/work_space/source/pdc/pdc_helper_scripts/analysis_scripts
+ sleep 10
+ pushd /pscratch/sd/n/nlewi26/src/work_space/source/pdc/pdc_helper_scripts/analysis_scripts/../../build/bin
/pscratch/sd/n/nlewi26/src/work_space/source/pdc/build/bin /pscratch/sd/n/nlewi26/src/work_space/source/pdc/pdc_helper_scripts/analysis_scripts
+ srun -N 4 -n 128 --ntasks-per-node=32 --output=client_eager_4.log --error=client_eager_4.err bash -c 'export HG_HOST=cxi0:$((SLURM_LOCALID + 8)); exec ./bench_magnitude eager "$N_ELEM"'
+ popd
/pscratch/sd/n/nlewi26/src/work_space/source/pdc/pdc_helper_scripts/analysis_scripts
++ grep '^eager,' /pscratch/sd/n/nlewi26/src/work_space/source/pdc/pdc_helper_scripts/analysis_scripts/../../build/bin/client_eager_4.log
+ lines='eager,0,128,16777216,0.196222,9.118018,0.000000,0.000000,0.000000,1.180766,10.298784,0
eager,1,128,16777216,0.196222,9.074723,0.000000,0.000000,0.000000,1.170165,10.244888,0
eager,2,128,16777216,0.196222,9.090256,0.000000,0.000000,0.000000,1.158391,10.248648,0'
+ '[' -z 'eager,0,128,16777216,0.196222,9.118018,0.000000,0.000000,0.000000,1.180766,10.298784,0
eager,1,128,16777216,0.196222,9.074723,0.000000,0.000000,0.000000,1.170165,10.244888,0
eager,2,128,16777216,0.196222,9.090256,0.000000,0.000000,0.000000,1.158391,10.248648,0' ']'
+ echo 'eager,0,128,16777216,0.196222,9.118018,0.000000,0.000000,0.000000,1.180766,10.298784,0
eager,1,128,16777216,0.196222,9.074723,0.000000,0.000000,0.000000,1.170165,10.244888,0
eager,2,128,16777216,0.196222,9.090256,0.000000,0.000000,0.000000,1.158391,10.248648,0'
+ pushd /pscratch/sd/n/nlewi26/src/work_space/source/pdc/pdc_helper_scripts/analysis_scripts/../../build/bin
/pscratch/sd/n/nlewi26/src/work_space/source/pdc/build/bin /pscratch/sd/n/nlewi26/src/work_space/source/pdc/pdc_helper_scripts/analysis_scripts
+ srun -N 4 -n 8 --ntasks-per-node=2 --error=close_server_eager_4.err --output=close_server_eager_4.log bash -c 'export HG_HOST=cxi0:$((SLURM_LOCALID + 8)); exec ./close_server'
+ popd
/pscratch/sd/n/nlewi26/src/work_space/source/pdc/pdc_helper_scripts/analysis_scripts
+ sleep 2
Done. Results in /pscratch/sd/n/nlewi26/src/work_space/source/pdc/pdc_helper_scripts/analysis_scripts/results_eager_58898909.csv
