+ pushd /pscratch/sd/n/nlewi26/src/work_space/source/pdc/pdc_helper_scripts/analysis_scripts/../../build/bin
/pscratch/sd/n/nlewi26/src/work_space/source/pdc/build/bin /pscratch/sd/n/nlewi26/src/work_space/source/pdc/pdc_helper_scripts/analysis_scripts
+ rm -rf /pscratch/sd/n/nlewi26/pdc_analysis_bench/0 /pscratch/sd/n/nlewi26/pdc_analysis_bench/1 /pscratch/sd/n/nlewi26/pdc_analysis_bench/pdc_data
+ popd
+ srun -N 2 -n 4 --ntasks-per-node=2 --error=server_eager_2.err --output=server_eager_2.log bash -c 'export HG_HOST=cxi0:$SLURM_LOCALID; exec ./pdc_server'
/pscratch/sd/n/nlewi26/src/work_space/source/pdc/pdc_helper_scripts/analysis_scripts
+ sleep 10
+ pushd /pscratch/sd/n/nlewi26/src/work_space/source/pdc/pdc_helper_scripts/analysis_scripts/../../build/bin
/pscratch/sd/n/nlewi26/src/work_space/source/pdc/build/bin /pscratch/sd/n/nlewi26/src/work_space/source/pdc/pdc_helper_scripts/analysis_scripts
+ srun -N 2 -n 64 --ntasks-per-node=32 --output=client_eager_2.log --error=client_eager_2.err bash -c 'export HG_HOST=cxi0:$((SLURM_LOCALID + 8)); exec ./bench_magnitude eager "$N_ELEM"'
+ popd
/pscratch/sd/n/nlewi26/src/work_space/source/pdc/pdc_helper_scripts/analysis_scripts
++ grep '^eager,' /pscratch/sd/n/nlewi26/src/work_space/source/pdc/pdc_helper_scripts/analysis_scripts/../../build/bin/client_eager_2.log
+ lines='eager,0,64,16777216,0.115277,9.092616,0.000000,0.000000,0.000000,1.151516,10.244132,0
eager,1,64,16777216,0.115277,8.966467,0.000000,0.000000,0.000000,1.170602,10.137069,0
eager,2,64,16777216,0.115277,8.968040,0.000000,0.000000,0.000000,1.179474,10.147514,0'
+ '[' -z 'eager,0,64,16777216,0.115277,9.092616,0.000000,0.000000,0.000000,1.151516,10.244132,0
eager,1,64,16777216,0.115277,8.966467,0.000000,0.000000,0.000000,1.170602,10.137069,0
eager,2,64,16777216,0.115277,8.968040,0.000000,0.000000,0.000000,1.179474,10.147514,0' ']'
+ echo 'eager,0,64,16777216,0.115277,9.092616,0.000000,0.000000,0.000000,1.151516,10.244132,0
eager,1,64,16777216,0.115277,8.966467,0.000000,0.000000,0.000000,1.170602,10.137069,0
eager,2,64,16777216,0.115277,8.968040,0.000000,0.000000,0.000000,1.179474,10.147514,0'
+ pushd /pscratch/sd/n/nlewi26/src/work_space/source/pdc/pdc_helper_scripts/analysis_scripts/../../build/bin
/pscratch/sd/n/nlewi26/src/work_space/source/pdc/build/bin /pscratch/sd/n/nlewi26/src/work_space/source/pdc/pdc_helper_scripts/analysis_scripts
+ srun -N 2 -n 4 --ntasks-per-node=2 --error=close_server_eager_2.err --output=close_server_eager_2.log bash -c 'export HG_HOST=cxi0:$((SLURM_LOCALID + 8)); exec ./close_server'
+ popd
/pscratch/sd/n/nlewi26/src/work_space/source/pdc/pdc_helper_scripts/analysis_scripts
+ sleep 2
Done. Results in /pscratch/sd/n/nlewi26/src/work_space/source/pdc/pdc_helper_scripts/analysis_scripts/results_eager_58898907.csv
