+ pushd /pscratch/sd/n/nlewi26/src/work_space/source/pdc/pdc_helper_scripts/analysis_scripts/../../build/bin
/pscratch/sd/n/nlewi26/src/work_space/source/pdc/build/bin /pscratch/sd/n/nlewi26/src/work_space/source/pdc/pdc_helper_scripts/analysis_scripts
+ rm -rf /pscratch/sd/n/nlewi26/pdc_analysis_bench/0 /pscratch/sd/n/nlewi26/pdc_analysis_bench/1 /pscratch/sd/n/nlewi26/pdc_analysis_bench/2 /pscratch/sd/n/nlewi26/pdc_analysis_bench/3 /pscratch/sd/n/nlewi26/pdc_analysis_bench/4 /pscratch/sd/n/nlewi26/pdc_analysis_bench/5 /pscratch/sd/n/nlewi26/pdc_analysis_bench/6 /pscratch/sd/n/nlewi26/pdc_analysis_bench/7 /pscratch/sd/n/nlewi26/pdc_analysis_bench/pdc_data
+ popd
+ srun -N 8 -n 16 --ntasks-per-node=2 --error=server_eager_8.err --output=server_eager_8.log bash -c 'export HG_HOST=cxi0:$SLURM_LOCALID; exec ./pdc_server'
/pscratch/sd/n/nlewi26/src/work_space/source/pdc/pdc_helper_scripts/analysis_scripts
+ sleep 10
+ pushd /pscratch/sd/n/nlewi26/src/work_space/source/pdc/pdc_helper_scripts/analysis_scripts/../../build/bin
/pscratch/sd/n/nlewi26/src/work_space/source/pdc/build/bin /pscratch/sd/n/nlewi26/src/work_space/source/pdc/pdc_helper_scripts/analysis_scripts
+ srun -N 8 -n 256 --ntasks-per-node=32 --output=client_eager_8.log --error=client_eager_8.err bash -c 'export HG_HOST=cxi0:$((SLURM_LOCALID + 8)); exec ./bench_magnitude eager "$N_ELEM"'
+ popd
/pscratch/sd/n/nlewi26/src/work_space/source/pdc/pdc_helper_scripts/analysis_scripts
++ grep '^eager,' /pscratch/sd/n/nlewi26/src/work_space/source/pdc/pdc_helper_scripts/analysis_scripts/../../build/bin/client_eager_8.log
+ lines='eager,0,256,16777216,0.178457,9.207255,0.000000,0.000000,0.000000,1.171724,10.378979,0
eager,1,256,16777216,0.178457,9.161733,0.000000,0.000000,0.000000,1.183117,10.344850,0
eager,2,256,16777216,0.178457,9.163446,0.000000,0.000000,0.000000,1.194086,10.357532,0'
+ '[' -z 'eager,0,256,16777216,0.178457,9.207255,0.000000,0.000000,0.000000,1.171724,10.378979,0
eager,1,256,16777216,0.178457,9.161733,0.000000,0.000000,0.000000,1.183117,10.344850,0
eager,2,256,16777216,0.178457,9.163446,0.000000,0.000000,0.000000,1.194086,10.357532,0' ']'
+ echo 'eager,0,256,16777216,0.178457,9.207255,0.000000,0.000000,0.000000,1.171724,10.378979,0
eager,1,256,16777216,0.178457,9.161733,0.000000,0.000000,0.000000,1.183117,10.344850,0
eager,2,256,16777216,0.178457,9.163446,0.000000,0.000000,0.000000,1.194086,10.357532,0'
+ pushd /pscratch/sd/n/nlewi26/src/work_space/source/pdc/pdc_helper_scripts/analysis_scripts/../../build/bin
/pscratch/sd/n/nlewi26/src/work_space/source/pdc/build/bin /pscratch/sd/n/nlewi26/src/work_space/source/pdc/pdc_helper_scripts/analysis_scripts
+ srun -N 8 -n 16 --ntasks-per-node=2 --error=close_server_eager_8.err --output=close_server_eager_8.log bash -c 'export HG_HOST=cxi0:$((SLURM_LOCALID + 8)); exec ./close_server'
+ popd
/pscratch/sd/n/nlewi26/src/work_space/source/pdc/pdc_helper_scripts/analysis_scripts
+ sleep 2
Done. Results in /pscratch/sd/n/nlewi26/src/work_space/source/pdc/pdc_helper_scripts/analysis_scripts/results_eager_58898912.csv
