+ pushd /pscratch/sd/n/nlewi26/src/work_space/source/pdc/pdc_helper_scripts/analysis_scripts/../../build/bin
/pscratch/sd/n/nlewi26/src/work_space/source/pdc/build/bin /pscratch/sd/n/nlewi26/src/work_space/source/pdc/pdc_helper_scripts/analysis_scripts
+ rm -rf /pscratch/sd/n/nlewi26/pdc_analysis_bench/0 /pscratch/sd/n/nlewi26/pdc_analysis_bench/1 /pscratch/sd/n/nlewi26/pdc_analysis_bench/2 /pscratch/sd/n/nlewi26/pdc_analysis_bench/3 /pscratch/sd/n/nlewi26/pdc_analysis_bench/pdc_data
+ popd
+ srun -N 4 -n 8 --ntasks-per-node=2 --error=server_lazy_4.err --output=server_lazy_4.log bash -c 'export HG_HOST=cxi0:$SLURM_LOCALID; exec ./pdc_server'
/pscratch/sd/n/nlewi26/src/work_space/source/pdc/pdc_helper_scripts/analysis_scripts
+ sleep 10
+ pushd /pscratch/sd/n/nlewi26/src/work_space/source/pdc/pdc_helper_scripts/analysis_scripts/../../build/bin
/pscratch/sd/n/nlewi26/src/work_space/source/pdc/build/bin /pscratch/sd/n/nlewi26/src/work_space/source/pdc/pdc_helper_scripts/analysis_scripts
+ srun -N 4 -n 128 --ntasks-per-node=32 --output=client_lazy_4.log --error=client_lazy_4.err bash -c 'export HG_HOST=cxi0:$((SLURM_LOCALID + 8)); exec ./bench_magnitude lazy "$N_ELEM"'
+ popd
/pscratch/sd/n/nlewi26/src/work_space/source/pdc/pdc_helper_scripts/analysis_scripts
++ grep '^lazy,' /pscratch/sd/n/nlewi26/src/work_space/source/pdc/pdc_helper_scripts/analysis_scripts/../../build/bin/client_lazy_4.log
+ lines='lazy,0,128,16777216,0.110343,4.453071,0.000000,0.000000,0.000000,5.997156,10.450227,0
lazy,1,128,16777216,0.110343,4.362430,0.000000,0.000000,0.000000,5.979431,10.341862,0
lazy,2,128,16777216,0.110343,4.341494,0.000000,0.000000,0.000000,5.997267,10.338760,0'
+ '[' -z 'lazy,0,128,16777216,0.110343,4.453071,0.000000,0.000000,0.000000,5.997156,10.450227,0
lazy,1,128,16777216,0.110343,4.362430,0.000000,0.000000,0.000000,5.979431,10.341862,0
lazy,2,128,16777216,0.110343,4.341494,0.000000,0.000000,0.000000,5.997267,10.338760,0' ']'
+ echo 'lazy,0,128,16777216,0.110343,4.453071,0.000000,0.000000,0.000000,5.997156,10.450227,0
lazy,1,128,16777216,0.110343,4.362430,0.000000,0.000000,0.000000,5.979431,10.341862,0
lazy,2,128,16777216,0.110343,4.341494,0.000000,0.000000,0.000000,5.997267,10.338760,0'
+ pushd /pscratch/sd/n/nlewi26/src/work_space/source/pdc/pdc_helper_scripts/analysis_scripts/../../build/bin
/pscratch/sd/n/nlewi26/src/work_space/source/pdc/build/bin /pscratch/sd/n/nlewi26/src/work_space/source/pdc/pdc_helper_scripts/analysis_scripts
+ srun -N 4 -n 8 --ntasks-per-node=2 --error=close_server_lazy_4.err --output=close_server_lazy_4.log bash -c 'export HG_HOST=cxi0:$((SLURM_LOCALID + 8)); exec ./close_server'
+ popd
/pscratch/sd/n/nlewi26/src/work_space/source/pdc/pdc_helper_scripts/analysis_scripts
+ sleep 2
Done. Results in /pscratch/sd/n/nlewi26/src/work_space/source/pdc/pdc_helper_scripts/analysis_scripts/results_lazy_58918057.csv
