+ pushd /pscratch/sd/n/nlewi26/src/work_space/source/pdc/pdc_helper_scripts/curl_analysis_scripts/../../build/bin
/pscratch/sd/n/nlewi26/src/work_space/source/pdc/build/bin /pscratch/sd/n/nlewi26/src/work_space/source/pdc/pdc_helper_scripts/curl_analysis_scripts
+ rm -rf /pscratch/sd/n/nlewi26/pdc_curl_analysis_bench/0 /pscratch/sd/n/nlewi26/pdc_curl_analysis_bench/1 /pscratch/sd/n/nlewi26/pdc_curl_analysis_bench/2 /pscratch/sd/n/nlewi26/pdc_curl_analysis_bench/3 /pscratch/sd/n/nlewi26/pdc_curl_analysis_bench/4 /pscratch/sd/n/nlewi26/pdc_curl_analysis_bench/5 /pscratch/sd/n/nlewi26/pdc_curl_analysis_bench/6 /pscratch/sd/n/nlewi26/pdc_curl_analysis_bench/7 /pscratch/sd/n/nlewi26/pdc_curl_analysis_bench/pdc_data
+ popd
+ srun --overlap -N 4 -n 16 --ntasks-per-node=4 --error=server_curl_posthoc_write_4.err --output=server_curl_posthoc_write_4.log bash -c 'export HG_HOST=cxi0:$SLURM_LOCALID; exec ./pdc_server'
/pscratch/sd/n/nlewi26/src/work_space/source/pdc/pdc_helper_scripts/curl_analysis_scripts
+ sleep 10
+ pushd /pscratch/sd/n/nlewi26/src/work_space/source/pdc/pdc_helper_scripts/curl_analysis_scripts/../../build/bin
/pscratch/sd/n/nlewi26/src/work_space/source/pdc/build/bin /pscratch/sd/n/nlewi26/src/work_space/source/pdc/pdc_helper_scripts/curl_analysis_scripts
+ srun --overlap -N 4 -n 128 --ntasks-per-node=32 --output=client_curl_posthoc_write_4.log --error=client_curl_posthoc_write_4.err bash -c 'export HG_HOST=cxi0:$((SLURM_LOCALID + 8)); exec ./bench_curl_write "$NX" "$NY" "$NZ_PER_RANK"'
+ popd
/pscratch/sd/n/nlewi26/src/work_space/source/pdc/pdc_helper_scripts/curl_analysis_scripts
++ grep '^curl_posthoc_write,' /pscratch/sd/n/nlewi26/src/work_space/source/pdc/pdc_helper_scripts/curl_analysis_scripts/../../build/bin/client_curl_posthoc_write_4.log
+ lines='curl_posthoc_write,0,128,256,256,64,0.149005,0.198568
curl_posthoc_write,1,128,256,256,64,0.149005,0.280464
curl_posthoc_write,2,128,256,256,64,0.149005,0.256234'
+ '[' -z 'curl_posthoc_write,0,128,256,256,64,0.149005,0.198568
curl_posthoc_write,1,128,256,256,64,0.149005,0.280464
curl_posthoc_write,2,128,256,256,64,0.149005,0.256234' ']'
+ echo 'curl_posthoc_write,0,128,256,256,64,0.149005,0.198568
curl_posthoc_write,1,128,256,256,64,0.149005,0.280464
curl_posthoc_write,2,128,256,256,64,0.149005,0.256234'
+ pushd /pscratch/sd/n/nlewi26/src/work_space/source/pdc/pdc_helper_scripts/curl_analysis_scripts/../../build/bin
/pscratch/sd/n/nlewi26/src/work_space/source/pdc/build/bin /pscratch/sd/n/nlewi26/src/work_space/source/pdc/pdc_helper_scripts/curl_analysis_scripts
+ srun --overlap -N 4 -n 16 --ntasks-per-node=4 --error=close_server_curl_posthoc_write_4.err --output=close_server_curl_posthoc_write_4.log bash -c 'export HG_HOST=cxi0:$((SLURM_LOCALID + 8)); exec ./close_server'
+ popd
/pscratch/sd/n/nlewi26/src/work_space/source/pdc/pdc_helper_scripts/curl_analysis_scripts
+ sleep 2
+ pushd /pscratch/sd/n/nlewi26/src/work_space/source/pdc/pdc_helper_scripts/curl_analysis_scripts/../../build/bin
/pscratch/sd/n/nlewi26/src/work_space/source/pdc/build/bin /pscratch/sd/n/nlewi26/src/work_space/source/pdc/pdc_helper_scripts/curl_analysis_scripts
+ popd
/pscratch/sd/n/nlewi26/src/work_space/source/pdc/pdc_helper_scripts/curl_analysis_scripts
+ srun --overlap -N 4 -n 16 --ntasks-per-node=4 --error=server_restart_curl_posthoc_write_4.err --output=server_restart_curl_posthoc_write_4.log bash -c 'export HG_HOST=cxi0:$SLURM_LOCALID; exec ./pdc_server restart'
+ sleep 10
+ pushd /pscratch/sd/n/nlewi26/src/work_space/source/pdc/pdc_helper_scripts/curl_analysis_scripts/../../build/bin
/pscratch/sd/n/nlewi26/src/work_space/source/pdc/build/bin /pscratch/sd/n/nlewi26/src/work_space/source/pdc/pdc_helper_scripts/curl_analysis_scripts
+ srun --overlap -N 4 -n 128 --ntasks-per-node=32 --output=client_curl_posthoc_analyze_4.log --error=client_curl_posthoc_analyze_4.err bash -c 'export HG_HOST=cxi0:$((SLURM_LOCALID + 8)); exec ./bench_curl_analyze "$NX" "$NY" "$NZ_PER_RANK" "$COMPRESS"'
+ popd
/pscratch/sd/n/nlewi26/src/work_space/source/pdc/pdc_helper_scripts/curl_analysis_scripts
++ grep '^curl_posthoc_analyze,' /pscratch/sd/n/nlewi26/src/work_space/source/pdc/pdc_helper_scripts/curl_analysis_scripts/../../build/bin/client_curl_posthoc_analyze_4.log
+ lines='curl_posthoc_analyze,0,128,256,256,64,0,0.135170,0.495487,0.063744,0.387306,0.021458,0.171437,1.274602,0
curl_posthoc_analyze,1,128,256,256,64,0,0.135170,0.485484,0.048450,0.410468,0.021427,0.220350,1.321349,0
curl_posthoc_analyze,2,128,256,256,64,0,0.135170,0.484181,0.051641,0.419645,0.021729,0.133629,1.245995,0'
+ '[' -z 'curl_posthoc_analyze,0,128,256,256,64,0,0.135170,0.495487,0.063744,0.387306,0.021458,0.171437,1.274602,0
curl_posthoc_analyze,1,128,256,256,64,0,0.135170,0.485484,0.048450,0.410468,0.021427,0.220350,1.321349,0
curl_posthoc_analyze,2,128,256,256,64,0,0.135170,0.484181,0.051641,0.419645,0.021729,0.133629,1.245995,0' ']'
+ echo 'curl_posthoc_analyze,0,128,256,256,64,0,0.135170,0.495487,0.063744,0.387306,0.021458,0.171437,1.274602,0
curl_posthoc_analyze,1,128,256,256,64,0,0.135170,0.485484,0.048450,0.410468,0.021427,0.220350,1.321349,0
curl_posthoc_analyze,2,128,256,256,64,0,0.135170,0.484181,0.051641,0.419645,0.021729,0.133629,1.245995,0'
+ pushd /pscratch/sd/n/nlewi26/src/work_space/source/pdc/pdc_helper_scripts/curl_analysis_scripts/../../build/bin
/pscratch/sd/n/nlewi26/src/work_space/source/pdc/build/bin /pscratch/sd/n/nlewi26/src/work_space/source/pdc/pdc_helper_scripts/curl_analysis_scripts
+ srun --overlap -N 4 -n 16 --ntasks-per-node=4 --error=close_server_curl_posthoc_analyze_4.err --output=close_server_curl_posthoc_analyze_4.log bash -c 'export HG_HOST=cxi0:$((SLURM_LOCALID + 8)); exec ./close_server'
+ popd
/pscratch/sd/n/nlewi26/src/work_space/source/pdc/pdc_helper_scripts/curl_analysis_scripts
+ sleep 2
Data size check: expected=70866960384 bytes, actual=70868426752 bytes
OK: actual/expected data size ratio 1.000 within tolerance
Done. Results in /pscratch/sd/n/nlewi26/src/work_space/source/pdc/pdc_helper_scripts/curl_analysis_scripts/results_curl_posthoc_58919603.csv
