+ pushd /pscratch/sd/n/nlewi26/src/work_space/source/pdc/pdc_helper_scripts/curl_analysis_scripts/../../build/bin
/pscratch/sd/n/nlewi26/src/work_space/source/pdc/build/bin /pscratch/sd/n/nlewi26/src/work_space/source/pdc/pdc_helper_scripts/curl_analysis_scripts
+ rm -rf /pscratch/sd/n/nlewi26/pdc_curl_analysis_bench/0 /pscratch/sd/n/nlewi26/pdc_curl_analysis_bench/1 /pscratch/sd/n/nlewi26/pdc_curl_analysis_bench/10 /pscratch/sd/n/nlewi26/pdc_curl_analysis_bench/11 /pscratch/sd/n/nlewi26/pdc_curl_analysis_bench/12 /pscratch/sd/n/nlewi26/pdc_curl_analysis_bench/13 /pscratch/sd/n/nlewi26/pdc_curl_analysis_bench/14 /pscratch/sd/n/nlewi26/pdc_curl_analysis_bench/15 /pscratch/sd/n/nlewi26/pdc_curl_analysis_bench/2 /pscratch/sd/n/nlewi26/pdc_curl_analysis_bench/3 /pscratch/sd/n/nlewi26/pdc_curl_analysis_bench/4 /pscratch/sd/n/nlewi26/pdc_curl_analysis_bench/5 /pscratch/sd/n/nlewi26/pdc_curl_analysis_bench/6 /pscratch/sd/n/nlewi26/pdc_curl_analysis_bench/7 /pscratch/sd/n/nlewi26/pdc_curl_analysis_bench/8 /pscratch/sd/n/nlewi26/pdc_curl_analysis_bench/9 /pscratch/sd/n/nlewi26/pdc_curl_analysis_bench/pdc_data
+ popd
+ srun --overlap -N 8 -n 32 --ntasks-per-node=4 --error=server_curl_posthoc_write_8.err --output=server_curl_posthoc_write_8.log bash -c 'export HG_HOST=cxi0:$SLURM_LOCALID; exec ./pdc_server'
/pscratch/sd/n/nlewi26/src/work_space/source/pdc/pdc_helper_scripts/curl_analysis_scripts
+ sleep 10
+ pushd /pscratch/sd/n/nlewi26/src/work_space/source/pdc/pdc_helper_scripts/curl_analysis_scripts/../../build/bin
/pscratch/sd/n/nlewi26/src/work_space/source/pdc/build/bin /pscratch/sd/n/nlewi26/src/work_space/source/pdc/pdc_helper_scripts/curl_analysis_scripts
+ srun --overlap -N 8 -n 256 --ntasks-per-node=32 --output=client_curl_posthoc_write_8.log --error=client_curl_posthoc_write_8.err bash -c 'export HG_HOST=cxi0:$((SLURM_LOCALID + 8)); exec ./bench_curl_write "$NX" "$NY" "$NZ_PER_RANK"'
+ popd
/pscratch/sd/n/nlewi26/src/work_space/source/pdc/pdc_helper_scripts/curl_analysis_scripts
++ grep '^curl_posthoc_write,' /pscratch/sd/n/nlewi26/src/work_space/source/pdc/pdc_helper_scripts/curl_analysis_scripts/../../build/bin/client_curl_posthoc_write_8.log
+ lines='curl_posthoc_write,0,256,256,256,64,0.265259,0.269314
curl_posthoc_write,1,256,256,256,64,0.265259,0.291238
curl_posthoc_write,2,256,256,256,64,0.265259,0.279496'
+ '[' -z 'curl_posthoc_write,0,256,256,256,64,0.265259,0.269314
curl_posthoc_write,1,256,256,256,64,0.265259,0.291238
curl_posthoc_write,2,256,256,256,64,0.265259,0.279496' ']'
+ echo 'curl_posthoc_write,0,256,256,256,64,0.265259,0.269314
curl_posthoc_write,1,256,256,256,64,0.265259,0.291238
curl_posthoc_write,2,256,256,256,64,0.265259,0.279496'
+ pushd /pscratch/sd/n/nlewi26/src/work_space/source/pdc/pdc_helper_scripts/curl_analysis_scripts/../../build/bin
/pscratch/sd/n/nlewi26/src/work_space/source/pdc/build/bin /pscratch/sd/n/nlewi26/src/work_space/source/pdc/pdc_helper_scripts/curl_analysis_scripts
+ srun --overlap -N 8 -n 32 --ntasks-per-node=4 --error=close_server_curl_posthoc_write_8.err --output=close_server_curl_posthoc_write_8.log bash -c 'export HG_HOST=cxi0:$((SLURM_LOCALID + 8)); exec ./close_server'
+ popd
/pscratch/sd/n/nlewi26/src/work_space/source/pdc/pdc_helper_scripts/curl_analysis_scripts
+ sleep 2
+ pushd /pscratch/sd/n/nlewi26/src/work_space/source/pdc/pdc_helper_scripts/curl_analysis_scripts/../../build/bin
/pscratch/sd/n/nlewi26/src/work_space/source/pdc/build/bin /pscratch/sd/n/nlewi26/src/work_space/source/pdc/pdc_helper_scripts/curl_analysis_scripts
+ popd
/pscratch/sd/n/nlewi26/src/work_space/source/pdc/pdc_helper_scripts/curl_analysis_scripts
+ srun --overlap -N 8 -n 32 --ntasks-per-node=4 --error=server_restart_curl_posthoc_write_8.err --output=server_restart_curl_posthoc_write_8.log bash -c 'export HG_HOST=cxi0:$SLURM_LOCALID; exec ./pdc_server restart'
+ sleep 10
+ pushd /pscratch/sd/n/nlewi26/src/work_space/source/pdc/pdc_helper_scripts/curl_analysis_scripts/../../build/bin
/pscratch/sd/n/nlewi26/src/work_space/source/pdc/build/bin /pscratch/sd/n/nlewi26/src/work_space/source/pdc/pdc_helper_scripts/curl_analysis_scripts
+ srun --overlap -N 8 -n 256 --ntasks-per-node=32 --output=client_curl_posthoc_analyze_8.log --error=client_curl_posthoc_analyze_8.err bash -c 'export HG_HOST=cxi0:$((SLURM_LOCALID + 8)); exec ./bench_curl_analyze "$NX" "$NY" "$NZ_PER_RANK" "$COMPRESS"'
+ popd
/pscratch/sd/n/nlewi26/src/work_space/source/pdc/pdc_helper_scripts/curl_analysis_scripts
++ grep '^curl_posthoc_analyze,' /pscratch/sd/n/nlewi26/src/work_space/source/pdc/pdc_helper_scripts/curl_analysis_scripts/../../build/bin/client_curl_posthoc_analyze_8.log
+ lines='curl_posthoc_analyze,0,256,256,256,64,0,0.327779,0.502460,0.063865,0.392130,0.022927,0.175251,1.484414,0
curl_posthoc_analyze,1,256,256,256,64,0,0.327779,0.488290,0.049549,0.428232,0.020626,0.197627,1.512103,0
curl_posthoc_analyze,2,256,256,256,64,0,0.327779,0.489619,0.049259,0.419967,0.020865,0.205769,1.513258,0'
+ '[' -z 'curl_posthoc_analyze,0,256,256,256,64,0,0.327779,0.502460,0.063865,0.392130,0.022927,0.175251,1.484414,0
curl_posthoc_analyze,1,256,256,256,64,0,0.327779,0.488290,0.049549,0.428232,0.020626,0.197627,1.512103,0
curl_posthoc_analyze,2,256,256,256,64,0,0.327779,0.489619,0.049259,0.419967,0.020865,0.205769,1.513258,0' ']'
+ echo 'curl_posthoc_analyze,0,256,256,256,64,0,0.327779,0.502460,0.063865,0.392130,0.022927,0.175251,1.484414,0
curl_posthoc_analyze,1,256,256,256,64,0,0.327779,0.488290,0.049549,0.428232,0.020626,0.197627,1.512103,0
curl_posthoc_analyze,2,256,256,256,64,0,0.327779,0.489619,0.049259,0.419967,0.020865,0.205769,1.513258,0'
+ pushd /pscratch/sd/n/nlewi26/src/work_space/source/pdc/pdc_helper_scripts/curl_analysis_scripts/../../build/bin
/pscratch/sd/n/nlewi26/src/work_space/source/pdc/build/bin /pscratch/sd/n/nlewi26/src/work_space/source/pdc/pdc_helper_scripts/curl_analysis_scripts
+ srun --overlap -N 8 -n 32 --ntasks-per-node=4 --error=close_server_curl_posthoc_analyze_8.err --output=close_server_curl_posthoc_analyze_8.log bash -c 'export HG_HOST=cxi0:$((SLURM_LOCALID + 8)); exec ./close_server'
+ popd
/pscratch/sd/n/nlewi26/src/work_space/source/pdc/pdc_helper_scripts/curl_analysis_scripts
+ sleep 2
Data size check: expected=141733920768 bytes, actual=141736763392 bytes
OK: actual/expected data size ratio 1.000 within tolerance
Done. Results in /pscratch/sd/n/nlewi26/src/work_space/source/pdc/pdc_helper_scripts/curl_analysis_scripts/results_curl_posthoc_58919604.csv
