Lustre striping: count=128 size=67108864 bytes (64 MiB/rank), target=/pscratch/sd/n/nlewi26/hdf5_analysis_bench/hdf5_bench_magnitude_1.h5
+ pushd /pscratch/sd/n/nlewi26/src/work_space/source/pdc/pdc_helper_scripts/analysis_scripts/../../hdf5_analysis_test
/pscratch/sd/n/nlewi26/src/work_space/source/pdc/hdf5_analysis_test /pscratch/sd/n/nlewi26/src/work_space/source/pdc/pdc_helper_scripts/analysis_scripts
+ srun -N 1 -n 32 --ntasks-per-node=32 --output=client_hdf5_write_1.log --error=client_hdf5_write_1.err ./hdf5_bench_write 16777216 /pscratch/sd/n/nlewi26/hdf5_analysis_bench/hdf5_bench_magnitude_1.h5
+ popd
/pscratch/sd/n/nlewi26/src/work_space/source/pdc/pdc_helper_scripts/analysis_scripts
++ grep '^posthoc_write,' /pscratch/sd/n/nlewi26/src/work_space/source/pdc/pdc_helper_scripts/analysis_scripts/../../hdf5_analysis_test/client_hdf5_write_1.log
+ lines='posthoc_write,0,32,16777216,0.090964,18.036496
posthoc_write,1,32,16777216,0.090964,19.824302
posthoc_write,2,32,16777216,0.090964,19.891204'
+ '[' -z 'posthoc_write,0,32,16777216,0.090964,18.036496
posthoc_write,1,32,16777216,0.090964,19.824302
posthoc_write,2,32,16777216,0.090964,19.891204' ']'
+ echo 'posthoc_write,0,32,16777216,0.090964,18.036496
posthoc_write,1,32,16777216,0.090964,19.824302
posthoc_write,2,32,16777216,0.090964,19.891204'
+ pushd /pscratch/sd/n/nlewi26/src/work_space/source/pdc/pdc_helper_scripts/analysis_scripts/../../hdf5_analysis_test
/pscratch/sd/n/nlewi26/src/work_space/source/pdc/hdf5_analysis_test /pscratch/sd/n/nlewi26/src/work_space/source/pdc/pdc_helper_scripts/analysis_scripts
+ srun -N 1 -n 32 --ntasks-per-node=32 --output=client_hdf5_analyze_1.log --error=client_hdf5_analyze_1.err ./hdf5_bench_posthoc_analyze 16777216 /pscratch/sd/n/nlewi26/hdf5_analysis_bench/hdf5_bench_magnitude_1.h5
+ popd
/pscratch/sd/n/nlewi26/src/work_space/source/pdc/pdc_helper_scripts/analysis_scripts
++ grep '^posthoc_analyze,' /pscratch/sd/n/nlewi26/src/work_space/source/pdc/pdc_helper_scripts/analysis_scripts/../../hdf5_analysis_test/client_hdf5_analyze_1.log
+ lines='posthoc_analyze,0,32,16777216,0.033876,0.154601,0.069047,13.297346,13.520994,0
posthoc_analyze,1,32,16777216,0.033876,0.138335,0.068880,13.354233,13.561448,0
posthoc_analyze,2,32,16777216,0.033876,0.138967,0.078986,13.203377,13.421330,0'
+ '[' -z 'posthoc_analyze,0,32,16777216,0.033876,0.154601,0.069047,13.297346,13.520994,0
posthoc_analyze,1,32,16777216,0.033876,0.138335,0.068880,13.354233,13.561448,0
posthoc_analyze,2,32,16777216,0.033876,0.138967,0.078986,13.203377,13.421330,0' ']'
+ echo 'posthoc_analyze,0,32,16777216,0.033876,0.154601,0.069047,13.297346,13.520994,0
posthoc_analyze,1,32,16777216,0.033876,0.138335,0.068880,13.354233,13.561448,0
posthoc_analyze,2,32,16777216,0.033876,0.138967,0.078986,13.203377,13.421330,0'
Done. Results in /pscratch/sd/n/nlewi26/src/work_space/source/pdc/pdc_helper_scripts/analysis_scripts/results_hdf5_58312646.csv
