Lustre striping: count=128 size=67108864 bytes (64 MiB/rank), target=/pscratch/sd/n/nlewi26/hdf5_analysis_bench/hdf5_bench_magnitude_8.h5
+ pushd /pscratch/sd/n/nlewi26/src/work_space/source/pdc/pdc_helper_scripts/analysis_scripts/../../hdf5_analysis_test
/pscratch/sd/n/nlewi26/src/work_space/source/pdc/hdf5_analysis_test /pscratch/sd/n/nlewi26/src/work_space/source/pdc/pdc_helper_scripts/analysis_scripts
+ srun -N 8 -n 256 --ntasks-per-node=32 --output=client_hdf5_write_8.log --error=client_hdf5_write_8.err ./hdf5_bench_write 16777216 /pscratch/sd/n/nlewi26/hdf5_analysis_bench/hdf5_bench_magnitude_8.h5
+ popd
/pscratch/sd/n/nlewi26/src/work_space/source/pdc/pdc_helper_scripts/analysis_scripts
++ grep '^posthoc_write,' /pscratch/sd/n/nlewi26/src/work_space/source/pdc/pdc_helper_scripts/analysis_scripts/../../hdf5_analysis_test/client_hdf5_write_8.log
+ lines='posthoc_write,0,256,16777216,0.173172,17.204998
posthoc_write,1,256,16777216,0.173172,15.955642
posthoc_write,2,256,16777216,0.173172,16.062983'
+ '[' -z 'posthoc_write,0,256,16777216,0.173172,17.204998
posthoc_write,1,256,16777216,0.173172,15.955642
posthoc_write,2,256,16777216,0.173172,16.062983' ']'
+ echo 'posthoc_write,0,256,16777216,0.173172,17.204998
posthoc_write,1,256,16777216,0.173172,15.955642
posthoc_write,2,256,16777216,0.173172,16.062983'
+ pushd /pscratch/sd/n/nlewi26/src/work_space/source/pdc/pdc_helper_scripts/analysis_scripts/../../hdf5_analysis_test
/pscratch/sd/n/nlewi26/src/work_space/source/pdc/hdf5_analysis_test /pscratch/sd/n/nlewi26/src/work_space/source/pdc/pdc_helper_scripts/analysis_scripts
+ srun -N 8 -n 256 --ntasks-per-node=32 --output=client_hdf5_analyze_8.log --error=client_hdf5_analyze_8.err ./hdf5_bench_posthoc_analyze 16777216 /pscratch/sd/n/nlewi26/hdf5_analysis_bench/hdf5_bench_magnitude_8.h5
+ popd
/pscratch/sd/n/nlewi26/src/work_space/source/pdc/pdc_helper_scripts/analysis_scripts
++ grep '^posthoc_analyze,' /pscratch/sd/n/nlewi26/src/work_space/source/pdc/pdc_helper_scripts/analysis_scripts/../../hdf5_analysis_test/client_hdf5_analyze_8.log
+ lines='posthoc_analyze,0,256,16777216,0.144193,0.868659,0.070656,12.481460,13.420774,0
posthoc_analyze,1,256,16777216,0.144193,0.882595,0.052970,12.032113,12.967678,0
posthoc_analyze,2,256,16777216,0.144193,1.017165,0.053110,12.040130,13.110405,0'
+ '[' -z 'posthoc_analyze,0,256,16777216,0.144193,0.868659,0.070656,12.481460,13.420774,0
posthoc_analyze,1,256,16777216,0.144193,0.882595,0.052970,12.032113,12.967678,0
posthoc_analyze,2,256,16777216,0.144193,1.017165,0.053110,12.040130,13.110405,0' ']'
+ echo 'posthoc_analyze,0,256,16777216,0.144193,0.868659,0.070656,12.481460,13.420774,0
posthoc_analyze,1,256,16777216,0.144193,0.882595,0.052970,12.032113,12.967678,0
posthoc_analyze,2,256,16777216,0.144193,1.017165,0.053110,12.040130,13.110405,0'
Done. Results in /pscratch/sd/n/nlewi26/src/work_space/source/pdc/pdc_helper_scripts/analysis_scripts/results_hdf5_58312651.csv
