Lustre striping: count=128 size=67108864 bytes (64 MiB/rank), target=/pscratch/sd/n/nlewi26/hdf5_analysis_bench/hdf5_bench_magnitude_2.h5
+ pushd /pscratch/sd/n/nlewi26/src/work_space/source/pdc/pdc_helper_scripts/analysis_scripts/../../hdf5_analysis_test
/pscratch/sd/n/nlewi26/src/work_space/source/pdc/hdf5_analysis_test /pscratch/sd/n/nlewi26/src/work_space/source/pdc/pdc_helper_scripts/analysis_scripts
+ srun -N 2 -n 64 --ntasks-per-node=32 --output=client_hdf5_write_2.log --error=client_hdf5_write_2.err ./hdf5_bench_write 16777216 /pscratch/sd/n/nlewi26/hdf5_analysis_bench/hdf5_bench_magnitude_2.h5
+ popd
/pscratch/sd/n/nlewi26/src/work_space/source/pdc/pdc_helper_scripts/analysis_scripts
++ grep '^posthoc_write,' /pscratch/sd/n/nlewi26/src/work_space/source/pdc/pdc_helper_scripts/analysis_scripts/../../hdf5_analysis_test/client_hdf5_write_2.log
+ lines='posthoc_write,0,64,16777216,0.118476,18.689484
posthoc_write,1,64,16777216,0.118476,18.364227
posthoc_write,2,64,16777216,0.118476,18.316757'
+ '[' -z 'posthoc_write,0,64,16777216,0.118476,18.689484
posthoc_write,1,64,16777216,0.118476,18.364227
posthoc_write,2,64,16777216,0.118476,18.316757' ']'
+ echo 'posthoc_write,0,64,16777216,0.118476,18.689484
posthoc_write,1,64,16777216,0.118476,18.364227
posthoc_write,2,64,16777216,0.118476,18.316757'
+ pushd /pscratch/sd/n/nlewi26/src/work_space/source/pdc/pdc_helper_scripts/analysis_scripts/../../hdf5_analysis_test
/pscratch/sd/n/nlewi26/src/work_space/source/pdc/hdf5_analysis_test /pscratch/sd/n/nlewi26/src/work_space/source/pdc/pdc_helper_scripts/analysis_scripts
+ srun -N 2 -n 64 --ntasks-per-node=32 --output=client_hdf5_analyze_2.log --error=client_hdf5_analyze_2.err ./hdf5_bench_posthoc_analyze 16777216 /pscratch/sd/n/nlewi26/hdf5_analysis_bench/hdf5_bench_magnitude_2.h5
+ popd
/pscratch/sd/n/nlewi26/src/work_space/source/pdc/pdc_helper_scripts/analysis_scripts
++ grep '^posthoc_analyze,' /pscratch/sd/n/nlewi26/src/work_space/source/pdc/pdc_helper_scripts/analysis_scripts/../../hdf5_analysis_test/client_hdf5_analyze_2.log
+ lines='posthoc_analyze,0,64,16777216,0.071262,0.653671,0.068766,13.227282,13.949718,0
posthoc_analyze,1,64,16777216,0.071262,0.471167,0.050878,12.988383,13.510428,0
posthoc_analyze,2,64,16777216,0.071262,0.484125,0.051135,12.792111,13.327370,0'
+ '[' -z 'posthoc_analyze,0,64,16777216,0.071262,0.653671,0.068766,13.227282,13.949718,0
posthoc_analyze,1,64,16777216,0.071262,0.471167,0.050878,12.988383,13.510428,0
posthoc_analyze,2,64,16777216,0.071262,0.484125,0.051135,12.792111,13.327370,0' ']'
+ echo 'posthoc_analyze,0,64,16777216,0.071262,0.653671,0.068766,13.227282,13.949718,0
posthoc_analyze,1,64,16777216,0.071262,0.471167,0.050878,12.988383,13.510428,0
posthoc_analyze,2,64,16777216,0.071262,0.484125,0.051135,12.792111,13.327370,0'
Done. Results in /pscratch/sd/n/nlewi26/src/work_space/source/pdc/pdc_helper_scripts/analysis_scripts/results_hdf5_58312648.csv
