[INFO] PDC_CLIENT[0]: PDC_DEBUG set to 0
[INFO] PDC_CLIENT[0]: Found 32 PDC Metadata servers, running with 32 PDC clients
[INFO] PDC_CLIENT[0]: Environment variable HG_TRANSPORT was NOT set, default to ofi+cxi
[INFO] PDC_CLIENT[0]: Environment variable HG_HOST was set
[INFO] PDC_CLIENT[0]: Environment variable HG_HOST was set
[INFO] PDC_CLIENT[0]: Connection string: ofi+cxi://cxi0:8
[INFO] PDC_CLIENT[1]: Environment variable HG_HOST was set
[INFO] PDC_CLIENT[16]: Environment variable HG_HOST was set
[INFO] PDC_CLIENT[2]: Environment variable HG_HOST was set
[INFO] PDC_CLIENT[24]: Environment variable HG_HOST was set
[INFO] PDC_CLIENT[21]: Environment variable HG_HOST was set
[INFO] PDC_CLIENT[12]: Environment variable HG_HOST was set
[INFO] PDC_CLIENT[17]: Environment variable HG_HOST was set
[INFO] PDC_CLIENT[8]: Environment variable HG_HOST was set
[INFO] PDC_CLIENT[3]: Environment variable HG_HOST was set
[INFO] PDC_CLIENT[25]: Environment variable HG_HOST was set
[INFO] PDC_CLIENT[20]: Environment variable HG_HOST was set
[INFO] PDC_CLIENT[13]: Environment variable HG_HOST was set
[INFO] PDC_CLIENT[18]: Environment variable HG_HOST was set
[INFO] PDC_CLIENT[9]: Environment variable HG_HOST was set
[INFO] PDC_CLIENT[26]: Environment variable HG_HOST was set
[INFO] PDC_CLIENT[22]: Environment variable HG_HOST was set
[INFO] PDC_CLIENT[14]: Environment variable HG_HOST was set
[INFO] PDC_CLIENT[19]: Environment variable HG_HOST was set
[INFO] PDC_CLIENT[10]: Environment variable HG_HOST was set
[INFO] PDC_CLIENT[27]: Environment variable HG_HOST was set
[INFO] PDC_CLIENT[28]: Environment variable HG_HOST was set
[INFO] PDC_CLIENT[23]: Environment variable HG_HOST was set
[INFO] PDC_CLIENT[15]: Environment variable HG_HOST was set
[INFO] PDC_CLIENT[11]: Environment variable HG_HOST was set
[INFO] PDC_CLIENT[29]: Environment variable HG_HOST was set
[INFO] PDC_CLIENT[30]: Environment variable HG_HOST was set
[INFO] PDC_CLIENT[31]: Environment variable HG_HOST was set
[INFO] PDC_CLIENT[4]: Environment variable HG_HOST was set
[INFO] PDC_CLIENT[5]: Environment variable HG_HOST was set
[INFO] PDC_CLIENT[6]: Environment variable HG_HOST was set
[INFO] PDC_CLIENT[7]: Environment variable HG_HOST was set
[INFO] PDC_CLIENT[0]: Scoped Slingshot CXI auth for Mercury: svc=1 vni=1 device=cxi0
[INFO] PDC_CLIENT[0]: Using [/pscratch/sd/n/nlewi26/pdc_curl_analysis_bench] as tmp dir, 1 clients per server
[14:19:22.163841] [WARNING] [close_server.c:56] PDC_CLIENT[24]: total close time = 1.419175
[14:19:22.163811] [WARNING] [close_server.c:56] PDC_CLIENT[8]: total close time = 1.419223
[14:19:22.163985] [WARNING] [close_server.c:56] PDC_CLIENT[10]: total close time = 1.419388
[14:19:22.164084] [WARNING] [close_server.c:56] PDC_CLIENT[25]: total close time = 1.419430
[14:19:22.164141] [WARNING] [close_server.c:56] PDC_CLIENT[2]: total close time = 1.419522
[14:19:22.164081] [WARNING] [close_server.c:56] PDC_CLIENT[28]: total close time = 1.419417
[14:19:22.164077] [WARNING] [close_server.c:56] PDC_CLIENT[23]: total close time = 1.419494
[14:19:22.163839] [WARNING] [close_server.c:56] PDC_CLIENT[12]: total close time = 1.419237
[14:19:22.164155] [WARNING] [close_server.c:56] PDC_CLIENT[9]: total close time = 1.419567
[14:19:22.164305] [WARNING] [close_server.c:56] PDC_CLIENT[1]: total close time = 1.419672
[14:19:22.164200] [WARNING] [close_server.c:56] PDC_CLIENT[27]: total close time = 1.419539
[14:19:22.163834] [WARNING] [close_server.c:56] PDC_CLIENT[4]: total close time = 1.419238
[14:19:22.164085] [WARNING] [close_server.c:56] PDC_CLIENT[15]: total close time = 1.419484
[14:19:22.164232] [WARNING] [close_server.c:56] PDC_CLIENT[11]: total close time = 1.419638
[14:19:22.164024] [WARNING] [close_server.c:56] PDC_CLIENT[5]: total close time = 1.419413
[14:19:22.164185] [WARNING] [close_server.c:56] PDC_CLIENT[14]: total close time = 1.419585
[14:19:22.163792] [WARNING] [close_server.c:56] PDC_CLIENT[6]: total close time = 1.419183
[14:19:22.164320] [WARNING] [close_server.c:56] PDC_CLIENT[29]: total close time = 1.419661
[14:19:22.163817] [WARNING] [close_server.c:56] PDC_CLIENT[7]: total close time = 1.419201
[14:19:22.164325] [WARNING] [close_server.c:56] PDC_CLIENT[22]: total close time = 1.419734
[14:19:22.164314] [WARNING] [close_server.c:56] PDC_CLIENT[13]: total close time = 1.419715
[14:19:22.164353] [WARNING] [close_server.c:56] PDC_CLIENT[30]: total close time = 1.419687
[14:19:22.164378] [WARNING] [close_server.c:56] PDC_CLIENT[20]: total close time = 1.419788
[14:19:22.163914] [WARNING] [close_server.c:56] PDC_CLIENT[17]: total close time = 1.419345
[14:19:22.164459] [WARNING] [close_server.c:56] PDC_CLIENT[0]: total close time = 1.419836
[14:19:22.164353] [WARNING] [close_server.c:56] PDC_CLIENT[31]: total close time = 1.419691
[14:19:22.164421] [WARNING] [close_server.c:56] PDC_CLIENT[21]: total close time = 1.419819
[14:19:22.164029] [WARNING] [close_server.c:56] PDC_CLIENT[18]: total close time = 1.419455
[14:19:22.164416] [WARNING] [close_server.c:56] PDC_CLIENT[3]: total close time = 1.419791
[14:19:22.164403] [WARNING] [close_server.c:56] PDC_CLIENT[16]: total close time = 1.419840
[14:19:22.164397] [WARNING] [close_server.c:56] PDC_CLIENT[19]: total close time = 1.419835
[14:19:22.165018] [WARNING] [close_server.c:56] PDC_CLIENT[26]: total close time = 1.420360
