+ pushd /pscratch/sd/n/nlewi26/src/work_space/source/pdc/pdc_helper_scripts/analysis/curl/pdc/../../../../build/bin
/pscratch/sd/n/nlewi26/src/work_space/source/pdc/build/bin /pscratch/sd/n/nlewi26/src/work_space/source/pdc/pdc_helper_scripts/analysis/curl/pdc
+ rm -rf /pscratch/sd/n/nlewi26/pdc_curl_analysis_bench/0 /pscratch/sd/n/nlewi26/pdc_curl_analysis_bench/1 /pscratch/sd/n/nlewi26/pdc_curl_analysis_bench/10 /pscratch/sd/n/nlewi26/pdc_curl_analysis_bench/11 /pscratch/sd/n/nlewi26/pdc_curl_analysis_bench/12 /pscratch/sd/n/nlewi26/pdc_curl_analysis_bench/13 /pscratch/sd/n/nlewi26/pdc_curl_analysis_bench/14 /pscratch/sd/n/nlewi26/pdc_curl_analysis_bench/15 /pscratch/sd/n/nlewi26/pdc_curl_analysis_bench/16 /pscratch/sd/n/nlewi26/pdc_curl_analysis_bench/17 /pscratch/sd/n/nlewi26/pdc_curl_analysis_bench/18 /pscratch/sd/n/nlewi26/pdc_curl_analysis_bench/19 /pscratch/sd/n/nlewi26/pdc_curl_analysis_bench/2 /pscratch/sd/n/nlewi26/pdc_curl_analysis_bench/20 /pscratch/sd/n/nlewi26/pdc_curl_analysis_bench/21 /pscratch/sd/n/nlewi26/pdc_curl_analysis_bench/22 /pscratch/sd/n/nlewi26/pdc_curl_analysis_bench/23 /pscratch/sd/n/nlewi26/pdc_curl_analysis_bench/24 /pscratch/sd/n/nlewi26/pdc_curl_analysis_bench/25 /pscratch/sd/n/nlewi26/pdc_curl_analysis_bench/26 /pscratch/sd/n/nlewi26/pdc_curl_analysis_bench/27 /pscratch/sd/n/nlewi26/pdc_curl_analysis_bench/28 /pscratch/sd/n/nlewi26/pdc_curl_analysis_bench/29 /pscratch/sd/n/nlewi26/pdc_curl_analysis_bench/3 /pscratch/sd/n/nlewi26/pdc_curl_analysis_bench/30 /pscratch/sd/n/nlewi26/pdc_curl_analysis_bench/31 /pscratch/sd/n/nlewi26/pdc_curl_analysis_bench/4 /pscratch/sd/n/nlewi26/pdc_curl_analysis_bench/5 /pscratch/sd/n/nlewi26/pdc_curl_analysis_bench/6 /pscratch/sd/n/nlewi26/pdc_curl_analysis_bench/7 /pscratch/sd/n/nlewi26/pdc_curl_analysis_bench/8 /pscratch/sd/n/nlewi26/pdc_curl_analysis_bench/9 /pscratch/sd/n/nlewi26/pdc_curl_analysis_bench/pdc_data
+ popd
+ srun --overlap -N 8 -n 16 --ntasks-per-node=2 --error=server_curl_eager_compress_8.err --output=server_curl_eager_compress_8.log bash -c 'export HG_HOST=cxi0:$SLURM_LOCALID; exec ./pdc_server'
/pscratch/sd/n/nlewi26/src/work_space/source/pdc/pdc_helper_scripts/analysis/curl/pdc
+ sleep 10
+ pushd /pscratch/sd/n/nlewi26/src/work_space/source/pdc/pdc_helper_scripts/analysis/curl/pdc/../../../../build/bin
/pscratch/sd/n/nlewi26/src/work_space/source/pdc/build/bin /pscratch/sd/n/nlewi26/src/work_space/source/pdc/pdc_helper_scripts/analysis/curl/pdc
+ srun --overlap -N 8 -n 256 --ntasks-per-node=32 --output=client_curl_eager_compress_8.log --error=client_curl_eager_compress_8.err bash -c 'export HG_HOST=cxi0:$((SLURM_LOCALID + 8)); exec ./bench_curl_eager "$NX" "$NY" "$NZ_PER_RANK" "$COMPRESS"'
+ popd
/pscratch/sd/n/nlewi26/src/work_space/source/pdc/pdc_helper_scripts/analysis/curl/pdc
++ grep '^curl_eager,' /pscratch/sd/n/nlewi26/src/work_space/source/pdc/pdc_helper_scripts/analysis/curl/pdc/../../../../build/bin/client_curl_eager_compress_8.log
+ lines='curl_eager,0,256,256,256,64,1,0.179797,6.353859,0.723226,7.256882,0
curl_eager,1,256,256,256,64,1,0.179797,5.917453,0.781009,6.878259,0
curl_eager,2,256,256,256,64,1,0.179797,5.969370,0.720048,6.869215,0'
+ '[' -z 'curl_eager,0,256,256,256,64,1,0.179797,6.353859,0.723226,7.256882,0
curl_eager,1,256,256,256,64,1,0.179797,5.917453,0.781009,6.878259,0
curl_eager,2,256,256,256,64,1,0.179797,5.969370,0.720048,6.869215,0' ']'
+ echo 'curl_eager,0,256,256,256,64,1,0.179797,6.353859,0.723226,7.256882,0
curl_eager,1,256,256,256,64,1,0.179797,5.917453,0.781009,6.878259,0
curl_eager,2,256,256,256,64,1,0.179797,5.969370,0.720048,6.869215,0'
+ pushd /pscratch/sd/n/nlewi26/src/work_space/source/pdc/pdc_helper_scripts/analysis/curl/pdc/../../../../build/bin
/pscratch/sd/n/nlewi26/src/work_space/source/pdc/build/bin /pscratch/sd/n/nlewi26/src/work_space/source/pdc/pdc_helper_scripts/analysis/curl/pdc
+ srun --overlap -N 8 -n 16 --ntasks-per-node=2 --error=close_server_curl_eager_compress_8.err --output=close_server_curl_eager_compress_8.log bash -c 'export HG_HOST=cxi0:$((SLURM_LOCALID + 8)); exec ./close_server'
+ popd
/pscratch/sd/n/nlewi26/src/work_space/source/pdc/pdc_helper_scripts/analysis/curl/pdc
+ sleep 2
[servers_per_node=2] Data size check (COMPRESS=1, vorticity_magnitude compressed -- actual < expected uncompressed is correct): expected=141733920768 bytes, actual=141735387136 bytes
+ pushd /pscratch/sd/n/nlewi26/src/work_space/source/pdc/pdc_helper_scripts/analysis/curl/pdc/../../../../build/bin
/pscratch/sd/n/nlewi26/src/work_space/source/pdc/build/bin /pscratch/sd/n/nlewi26/src/work_space/source/pdc/pdc_helper_scripts/analysis/curl/pdc
+ rm -rf /pscratch/sd/n/nlewi26/pdc_curl_analysis_bench/0 /pscratch/sd/n/nlewi26/pdc_curl_analysis_bench/1 /pscratch/sd/n/nlewi26/pdc_curl_analysis_bench/10 /pscratch/sd/n/nlewi26/pdc_curl_analysis_bench/11 /pscratch/sd/n/nlewi26/pdc_curl_analysis_bench/12 /pscratch/sd/n/nlewi26/pdc_curl_analysis_bench/13 /pscratch/sd/n/nlewi26/pdc_curl_analysis_bench/14 /pscratch/sd/n/nlewi26/pdc_curl_analysis_bench/15 /pscratch/sd/n/nlewi26/pdc_curl_analysis_bench/2 /pscratch/sd/n/nlewi26/pdc_curl_analysis_bench/3 /pscratch/sd/n/nlewi26/pdc_curl_analysis_bench/4 /pscratch/sd/n/nlewi26/pdc_curl_analysis_bench/5 /pscratch/sd/n/nlewi26/pdc_curl_analysis_bench/6 /pscratch/sd/n/nlewi26/pdc_curl_analysis_bench/7 /pscratch/sd/n/nlewi26/pdc_curl_analysis_bench/8 /pscratch/sd/n/nlewi26/pdc_curl_analysis_bench/9 /pscratch/sd/n/nlewi26/pdc_curl_analysis_bench/pdc_data
+ popd
+ srun --overlap -N 8 -n 32 --ntasks-per-node=4 --error=server_curl_eager_compress_8.err --output=server_curl_eager_compress_8.log bash -c 'export HG_HOST=cxi0:$SLURM_LOCALID; exec ./pdc_server'
/pscratch/sd/n/nlewi26/src/work_space/source/pdc/pdc_helper_scripts/analysis/curl/pdc
+ sleep 10
+ pushd /pscratch/sd/n/nlewi26/src/work_space/source/pdc/pdc_helper_scripts/analysis/curl/pdc/../../../../build/bin
/pscratch/sd/n/nlewi26/src/work_space/source/pdc/build/bin /pscratch/sd/n/nlewi26/src/work_space/source/pdc/pdc_helper_scripts/analysis/curl/pdc
+ srun --overlap -N 8 -n 256 --ntasks-per-node=32 --output=client_curl_eager_compress_8.log --error=client_curl_eager_compress_8.err bash -c 'export HG_HOST=cxi0:$((SLURM_LOCALID + 8)); exec ./bench_curl_eager "$NX" "$NY" "$NZ_PER_RANK" "$COMPRESS"'
+ popd
/pscratch/sd/n/nlewi26/src/work_space/source/pdc/pdc_helper_scripts/analysis/curl/pdc
++ grep '^curl_eager,' /pscratch/sd/n/nlewi26/src/work_space/source/pdc/pdc_helper_scripts/analysis/curl/pdc/../../../../build/bin/client_curl_eager_compress_8.log
+ lines='curl_eager,0,256,256,256,64,1,0.200148,4.042502,0.475393,4.718043,0
curl_eager,1,256,256,256,64,1,0.200148,3.268765,0.476962,3.945875,0
curl_eager,2,256,256,256,64,1,0.200148,3.272599,0.515557,3.988304,0'
+ '[' -z 'curl_eager,0,256,256,256,64,1,0.200148,4.042502,0.475393,4.718043,0
curl_eager,1,256,256,256,64,1,0.200148,3.268765,0.476962,3.945875,0
curl_eager,2,256,256,256,64,1,0.200148,3.272599,0.515557,3.988304,0' ']'
+ echo 'curl_eager,0,256,256,256,64,1,0.200148,4.042502,0.475393,4.718043,0
curl_eager,1,256,256,256,64,1,0.200148,3.268765,0.476962,3.945875,0
curl_eager,2,256,256,256,64,1,0.200148,3.272599,0.515557,3.988304,0'
+ pushd /pscratch/sd/n/nlewi26/src/work_space/source/pdc/pdc_helper_scripts/analysis/curl/pdc/../../../../build/bin
/pscratch/sd/n/nlewi26/src/work_space/source/pdc/build/bin /pscratch/sd/n/nlewi26/src/work_space/source/pdc/pdc_helper_scripts/analysis/curl/pdc
+ srun --overlap -N 8 -n 32 --ntasks-per-node=4 --error=close_server_curl_eager_compress_8.err --output=close_server_curl_eager_compress_8.log bash -c 'export HG_HOST=cxi0:$((SLURM_LOCALID + 8)); exec ./close_server'
+ popd
/pscratch/sd/n/nlewi26/src/work_space/source/pdc/pdc_helper_scripts/analysis/curl/pdc
+ sleep 2
[servers_per_node=4] Data size check (COMPRESS=1, vorticity_magnitude compressed -- actual < expected uncompressed is correct): expected=141733920768 bytes, actual=141736763392 bytes
+ pushd /pscratch/sd/n/nlewi26/src/work_space/source/pdc/pdc_helper_scripts/analysis/curl/pdc/../../../../build/bin
/pscratch/sd/n/nlewi26/src/work_space/source/pdc/build/bin /pscratch/sd/n/nlewi26/src/work_space/source/pdc/pdc_helper_scripts/analysis/curl/pdc
+ rm -rf /pscratch/sd/n/nlewi26/pdc_curl_analysis_bench/0 /pscratch/sd/n/nlewi26/pdc_curl_analysis_bench/1 /pscratch/sd/n/nlewi26/pdc_curl_analysis_bench/10 /pscratch/sd/n/nlewi26/pdc_curl_analysis_bench/11 /pscratch/sd/n/nlewi26/pdc_curl_analysis_bench/12 /pscratch/sd/n/nlewi26/pdc_curl_analysis_bench/13 /pscratch/sd/n/nlewi26/pdc_curl_analysis_bench/14 /pscratch/sd/n/nlewi26/pdc_curl_analysis_bench/15 /pscratch/sd/n/nlewi26/pdc_curl_analysis_bench/16 /pscratch/sd/n/nlewi26/pdc_curl_analysis_bench/17 /pscratch/sd/n/nlewi26/pdc_curl_analysis_bench/18 /pscratch/sd/n/nlewi26/pdc_curl_analysis_bench/19 /pscratch/sd/n/nlewi26/pdc_curl_analysis_bench/2 /pscratch/sd/n/nlewi26/pdc_curl_analysis_bench/20 /pscratch/sd/n/nlewi26/pdc_curl_analysis_bench/21 /pscratch/sd/n/nlewi26/pdc_curl_analysis_bench/22 /pscratch/sd/n/nlewi26/pdc_curl_analysis_bench/23 /pscratch/sd/n/nlewi26/pdc_curl_analysis_bench/24 /pscratch/sd/n/nlewi26/pdc_curl_analysis_bench/25 /pscratch/sd/n/nlewi26/pdc_curl_analysis_bench/26 /pscratch/sd/n/nlewi26/pdc_curl_analysis_bench/27 /pscratch/sd/n/nlewi26/pdc_curl_analysis_bench/28 /pscratch/sd/n/nlewi26/pdc_curl_analysis_bench/29 /pscratch/sd/n/nlewi26/pdc_curl_analysis_bench/3 /pscratch/sd/n/nlewi26/pdc_curl_analysis_bench/30 /pscratch/sd/n/nlewi26/pdc_curl_analysis_bench/31 /pscratch/sd/n/nlewi26/pdc_curl_analysis_bench/4 /pscratch/sd/n/nlewi26/pdc_curl_analysis_bench/5 /pscratch/sd/n/nlewi26/pdc_curl_analysis_bench/6 /pscratch/sd/n/nlewi26/pdc_curl_analysis_bench/7 /pscratch/sd/n/nlewi26/pdc_curl_analysis_bench/8 /pscratch/sd/n/nlewi26/pdc_curl_analysis_bench/9 /pscratch/sd/n/nlewi26/pdc_curl_analysis_bench/pdc_data
+ popd
+ srun --overlap -N 8 -n 64 --ntasks-per-node=8 --error=server_curl_eager_compress_8.err --output=server_curl_eager_compress_8.log bash -c 'export HG_HOST=cxi0:$SLURM_LOCALID; exec ./pdc_server'
/pscratch/sd/n/nlewi26/src/work_space/source/pdc/pdc_helper_scripts/analysis/curl/pdc
+ sleep 10
+ pushd /pscratch/sd/n/nlewi26/src/work_space/source/pdc/pdc_helper_scripts/analysis/curl/pdc/../../../../build/bin
/pscratch/sd/n/nlewi26/src/work_space/source/pdc/build/bin /pscratch/sd/n/nlewi26/src/work_space/source/pdc/pdc_helper_scripts/analysis/curl/pdc
+ srun --overlap -N 8 -n 256 --ntasks-per-node=32 --output=client_curl_eager_compress_8.log --error=client_curl_eager_compress_8.err bash -c 'export HG_HOST=cxi0:$((SLURM_LOCALID + 8)); exec ./bench_curl_eager "$NX" "$NY" "$NZ_PER_RANK" "$COMPRESS"'
+ popd
/pscratch/sd/n/nlewi26/src/work_space/source/pdc/pdc_helper_scripts/analysis/curl/pdc
++ grep '^curl_eager,' /pscratch/sd/n/nlewi26/src/work_space/source/pdc/pdc_helper_scripts/analysis/curl/pdc/../../../../build/bin/client_curl_eager_compress_8.log
+ lines='curl_eager,0,256,256,256,64,1,0.186599,3.386895,0.403497,3.976991,0
curl_eager,1,256,256,256,64,1,0.186599,1.917757,0.396866,2.501222,0
curl_eager,2,256,256,256,64,1,0.186599,1.838334,0.356414,2.381347,0'
+ '[' -z 'curl_eager,0,256,256,256,64,1,0.186599,3.386895,0.403497,3.976991,0
curl_eager,1,256,256,256,64,1,0.186599,1.917757,0.396866,2.501222,0
curl_eager,2,256,256,256,64,1,0.186599,1.838334,0.356414,2.381347,0' ']'
+ echo 'curl_eager,0,256,256,256,64,1,0.186599,3.386895,0.403497,3.976991,0
curl_eager,1,256,256,256,64,1,0.186599,1.917757,0.396866,2.501222,0
curl_eager,2,256,256,256,64,1,0.186599,1.838334,0.356414,2.381347,0'
+ pushd /pscratch/sd/n/nlewi26/src/work_space/source/pdc/pdc_helper_scripts/analysis/curl/pdc/../../../../build/bin
/pscratch/sd/n/nlewi26/src/work_space/source/pdc/build/bin /pscratch/sd/n/nlewi26/src/work_space/source/pdc/pdc_helper_scripts/analysis/curl/pdc
+ srun --overlap -N 8 -n 64 --ntasks-per-node=8 --error=close_server_curl_eager_compress_8.err --output=close_server_curl_eager_compress_8.log bash -c 'export HG_HOST=cxi0:$((SLURM_LOCALID + 8)); exec ./close_server'
+ popd
/pscratch/sd/n/nlewi26/src/work_space/source/pdc/pdc_helper_scripts/analysis/curl/pdc
+ sleep 2
[servers_per_node=8] Data size check (COMPRESS=1, vorticity_magnitude compressed -- actual < expected uncompressed is correct): expected=141733920768 bytes, actual=141739515904 bytes
Done. Results in /pscratch/sd/n/nlewi26/src/work_space/source/pdc/pdc_helper_scripts/analysis/curl/pdc/10_07_2026-59503629/results_curl_eager_compress_59503629.csv
